This is pdfTeX, Version 3.141592653-2.6-1.40.28 (MiKTeX 25.12) (preloaded format=pdflatex 2026.6.24)  16 JUL 2026 17:04
entering extended mode
 \write18 enabled.
 %&-line parsing enabled.
**./chapter04a.tex
(chapter04a.tex
LaTeX2e <2025-11-01>
L3 programming layer <2025-12-24>
(C:\Users\thanh\AppData\Local\Programs\MiKTeX\tex/latex/base\article.cls
Document Class: article 2025/01/22 v1.4n Standard LaTeX document class
(C:\Users\thanh\AppData\Local\Programs\MiKTeX\tex/latex/base\size10.clo
File: size10.clo 2025/01/22 v1.4n Standard LaTeX file (size option)
)
\c@part=\count275
\c@section=\count276
\c@subsection=\count277
\c@subsubsection=\count278
\c@paragraph=\count279
\c@subparagraph=\count280
\c@figure=\count281
\c@table=\count282
\abovecaptionskip=\skip49
\belowcaptionskip=\skip50
\bibindent=\dimen148
)
(C:\Users\thanh\AppData\Local\Programs\MiKTeX\tex/latex/base\fleqn.sty

LaTeX Warning: inputting `fleqn.clo' instead of obsolete `fleqn.sty'.

(C:\Users\thanh\AppData\Local\Programs\MiKTeX\tex/latex/base\fleqn.clo
File: fleqn.clo 2016/12/29 v1.2b Standard LaTeX option (flush left equations)
\mathindent=\skip51
Applying: [2015/01/01] Make \[ robust on input line 50.
LaTeX Info: Redefining \[ on input line 51.
Already applied: [0000/00/00] Make \[ robust on input line 62.
Applying: [2015/01/01] Make \] robust on input line 74.
LaTeX Info: Redefining \] on input line 75.
Already applied: [0000/00/00] Make \] robust on input line 83.
))
(epsf.sty
Package: epsf 2026/07/16 Modern replacement using graphicx

(C:\Users\thanh\AppData\Local\Programs\MiKTeX\tex/latex/graphics\graphicx.sty
Package: graphicx 2024/12/31 v1.2e Enhanced LaTeX Graphics (DPC,SPQR)

(C:\Users\thanh\AppData\Local\Programs\MiKTeX\tex/latex/graphics\keyval.sty
Package: keyval 2022/05/29 v1.15 key=value parser (DPC)
\KV@toks@=\toks17
)
(C:\Users\thanh\AppData\Local\Programs\MiKTeX\tex/latex/graphics\graphics.sty
Package: graphics 2024/08/06 v1.4g Standard LaTeX Graphics (DPC,SPQR)

(C:\Users\thanh\AppData\Local\Programs\MiKTeX\tex/latex/graphics\trig.sty
Package: trig 2023/12/02 v1.11 sin cos tan (DPC)
)
(C:\Users\thanh\AppData\Local\Programs\MiKTeX\tex/latex/graphics-cfg\graphics.c
fg
File: graphics.cfg 2016/06/04 v1.11 sample graphics configuration
)
Package graphics Info: Driver file: pdftex.def on input line 106.

(C:\Users\thanh\AppData\Local\Programs\MiKTeX\tex/latex/graphics-def\pdftex.def
File: pdftex.def 2025/09/29 v1.2d Graphics/color driver for pdftex
))
\Gin@req@height=\dimen149
\Gin@req@width=\dimen150
)
(C:\Users\thanh\AppData\Local\Programs\MiKTeX\tex/latex/epstopdf-pkg\epstopdf.s
ty
Package: epstopdf 2020-01-24 v2.11 Conversion with epstopdf on the fly (HO)

(C:\Users\thanh\AppData\Local\Programs\MiKTeX\tex/generic/infwarerr\infwarerr.s
ty
Package: infwarerr 2019/12/03 v1.5 Providing info/warning/error messages (HO)
) (C:\Users\thanh\AppData\Local\Programs\MiKTeX\tex/latex/grfext\grfext.sty
Package: grfext 2019/12/03 v1.3 Manage graphics extensions (HO)

(C:\Users\thanh\AppData\Local\Programs\MiKTeX\tex/generic/kvdefinekeys\kvdefine
keys.sty
Package: kvdefinekeys 2019-12-19 v1.6 Define keys (HO)
))
(C:\Users\thanh\AppData\Local\Programs\MiKTeX\tex/latex/kvoptions\kvoptions.sty
Package: kvoptions 2022-06-15 v3.15 Key value format for package options (HO)
(C:\Users\thanh\AppData\Local\Programs\MiKTeX\tex/generic/ltxcmds\ltxcmds.sty
Package: ltxcmds 2023-12-04 v1.26 LaTeX kernel commands for general use (HO)
)
(C:\Users\thanh\AppData\Local\Programs\MiKTeX\tex/latex/kvsetkeys\kvsetkeys.sty
Package: kvsetkeys 2022-10-05 v1.19 Key value parser (HO)
))
(C:\Users\thanh\AppData\Local\Programs\MiKTeX\tex/generic/pdftexcmds\pdftexcmds
.sty
Package: pdftexcmds 2020-06-27 v0.33 Utility functions of pdfTeX for LuaTeX (HO
)
 (C:\Users\thanh\AppData\Local\Programs\MiKTeX\tex/generic/iftex\iftex.sty
Package: iftex 2024/12/12 v1.0g TeX engine tests
)
Package pdftexcmds Info: \pdf@primitive is available.
Package pdftexcmds Info: \pdf@ifprimitive is available.
Package pdftexcmds Info: \pdfdraftmode found.
)
(C:\Users\thanh\AppData\Local\Programs\MiKTeX\tex/latex/epstopdf-pkg\epstopdf-b
ase.sty
Package: epstopdf-base 2020-01-24 v2.11 Base part for package epstopdf
Package epstopdf-base Info: Redefining graphics rule for `.eps' on input line 4
85.
Package grfext Info: Graphics extension search list:
(grfext)             [.pdf,.png,.jpg,.mps,.jpeg,.jbig2,.jb2,.PDF,.PNG,.JPG,.JPE
G,.JBIG2,.JB2,.eps]
(grfext)             \AppendGraphicsExtensions on input line 504.

(C:\Users\thanh\AppData\Local\Programs\MiKTeX\tex/latex/00miktex\epstopdf-sys.c
fg
File: epstopdf-sys.cfg 2021/03/18 v2.0 Configuration of epstopdf for MiKTeX
)))
Package grfext Info: Graphics extension search list:
(grfext)             [.pdf,.png,.jpg,.mps,.jpeg,.jbig2,.jb2,.PDF,.PNG,.JPG,.JPE
G,.JBIG2,.JB2,.eps,.ps]
(grfext)             \AppendGraphicsExtensions on input line 11.
\epsfxsize=\skip52
\epsfysize=\skip53
)
(C:\Users\thanh\AppData\Local\Programs\MiKTeX\tex/latex/graphics\color.sty
Package: color 2025/01/14 v1.3e Standard LaTeX Color (DPC)

(C:\Users\thanh\AppData\Local\Programs\MiKTeX\tex/latex/graphics-cfg\color.cfg
File: color.cfg 2016/01/02 v1.6 sample color configuration
)
Package color Info: Driver file: pdftex.def on input line 149.
(C:\Users\thanh\AppData\Local\Programs\MiKTeX\tex/latex/graphics\mathcolor.ltx)
) (aima2e-slides.sty
(C:\Users\thanh\AppData\Local\Programs\MiKTeX\tex/latex/base\fontenc.sty
Package: fontenc 2025/07/18 v2.1d Standard LaTeX package

(C:\Users\thanh\AppData\Local\Programs\MiKTeX\tex/latex/vntex\t5enc.def
File: t5enc.def 2006/11/21 v1.4 Vietnamese T5 encoding
Now handling font encoding T5 ...
... processing UTF-8 mapping file for font encoding T5

(C:\Users\thanh\AppData\Local\Programs\MiKTeX\tex/latex/vntex\t5enc.dfu
File: t5enc.dfu 2006/08/19 v1.1 UTF8 support for Vietnamese
   defining Unicode char U+00AB (decimal 171)
   defining Unicode char U+00BB (decimal 187)
   defining Unicode char U+00C0 (decimal 192)
   defining Unicode char U+00C1 (decimal 193)
   defining Unicode char U+00C2 (decimal 194)
   defining Unicode char U+00C3 (decimal 195)
   defining Unicode char U+00C8 (decimal 200)
   defining Unicode char U+00C9 (decimal 201)
   defining Unicode char U+00CA (decimal 202)
   defining Unicode char U+00CC (decimal 204)
   defining Unicode char U+00CD (decimal 205)
   defining Unicode char U+00D2 (decimal 210)
   defining Unicode char U+00D3 (decimal 211)
   defining Unicode char U+00D4 (decimal 212)
   defining Unicode char U+00D5 (decimal 213)
   defining Unicode char U+00D9 (decimal 217)
   defining Unicode char U+00DA (decimal 218)
   defining Unicode char U+00DD (decimal 221)
   defining Unicode char U+00E0 (decimal 224)
   defining Unicode char U+00E1 (decimal 225)
   defining Unicode char U+00E2 (decimal 226)
   defining Unicode char U+00E3 (decimal 227)
   defining Unicode char U+00E8 (decimal 232)
   defining Unicode char U+00E9 (decimal 233)
   defining Unicode char U+00EA (decimal 234)
   defining Unicode char U+00EC (decimal 236)
   defining Unicode char U+00ED (decimal 237)
   defining Unicode char U+00F2 (decimal 242)
   defining Unicode char U+00F3 (decimal 243)
   defining Unicode char U+00F4 (decimal 244)
   defining Unicode char U+00F5 (decimal 245)
   defining Unicode char U+00F9 (decimal 249)
   defining Unicode char U+00FA (decimal 250)
   defining Unicode char U+00FD (decimal 253)
   defining Unicode char U+0102 (decimal 258)
   defining Unicode char U+0103 (decimal 259)
   defining Unicode char U+0110 (decimal 272)
   defining Unicode char U+0111 (decimal 273)
   defining Unicode char U+0128 (decimal 296)
   defining Unicode char U+0129 (decimal 297)
   defining Unicode char U+0131 (decimal 305)
   defining Unicode char U+0168 (decimal 360)
   defining Unicode char U+0169 (decimal 361)
   defining Unicode char U+01A0 (decimal 416)
   defining Unicode char U+01A1 (decimal 417)
   defining Unicode char U+01AF (decimal 431)
   defining Unicode char U+01B0 (decimal 432)
   defining Unicode char U+1EA0 (decimal 7840)
   defining Unicode char U+1EA1 (decimal 7841)
   defining Unicode char U+1EA2 (decimal 7842)
   defining Unicode char U+1EA3 (decimal 7843)
   defining Unicode char U+1EA4 (decimal 7844)
   defining Unicode char U+1EA5 (decimal 7845)
   defining Unicode char U+1EA6 (decimal 7846)
   defining Unicode char U+1EA7 (decimal 7847)
   defining Unicode char U+1EA8 (decimal 7848)
   defining Unicode char U+1EA9 (decimal 7849)
   defining Unicode char U+1EAA (decimal 7850)
   defining Unicode char U+1EAB (decimal 7851)
   defining Unicode char U+1EAC (decimal 7852)
   defining Unicode char U+1EAD (decimal 7853)
   defining Unicode char U+1EAE (decimal 7854)
   defining Unicode char U+1EAF (decimal 7855)
   defining Unicode char U+1EB0 (decimal 7856)
   defining Unicode char U+1EB1 (decimal 7857)
   defining Unicode char U+1EB2 (decimal 7858)
   defining Unicode char U+1EB3 (decimal 7859)
   defining Unicode char U+1EB4 (decimal 7860)
   defining Unicode char U+1EB5 (decimal 7861)
   defining Unicode char U+1EB6 (decimal 7862)
   defining Unicode char U+1EB7 (decimal 7863)
   defining Unicode char U+1EB8 (decimal 7864)
   defining Unicode char U+1EB9 (decimal 7865)
   defining Unicode char U+1EBA (decimal 7866)
   defining Unicode char U+1EBB (decimal 7867)
   defining Unicode char U+1EBC (decimal 7868)
   defining Unicode char U+1EBD (decimal 7869)
   defining Unicode char U+1EBE (decimal 7870)
   defining Unicode char U+1EBF (decimal 7871)
   defining Unicode char U+1EC0 (decimal 7872)
   defining Unicode char U+1EC1 (decimal 7873)
   defining Unicode char U+1EC2 (decimal 7874)
   defining Unicode char U+1EC3 (decimal 7875)
   defining Unicode char U+1EC4 (decimal 7876)
   defining Unicode char U+1EC5 (decimal 7877)
   defining Unicode char U+1EC6 (decimal 7878)
   defining Unicode char U+1EC7 (decimal 7879)
   defining Unicode char U+1EC8 (decimal 7880)
   defining Unicode char U+1EC9 (decimal 7881)
   defining Unicode char U+1ECA (decimal 7882)
   defining Unicode char U+1ECB (decimal 7883)
   defining Unicode char U+1ECC (decimal 7884)
   defining Unicode char U+1ECD (decimal 7885)
   defining Unicode char U+1ECE (decimal 7886)
   defining Unicode char U+1ECF (decimal 7887)
   defining Unicode char U+1ED0 (decimal 7888)
   defining Unicode char U+1ED1 (decimal 7889)
   defining Unicode char U+1ED2 (decimal 7890)
   defining Unicode char U+1ED3 (decimal 7891)
   defining Unicode char U+1ED4 (decimal 7892)
   defining Unicode char U+1ED5 (decimal 7893)
   defining Unicode char U+1ED6 (decimal 7894)
   defining Unicode char U+1ED7 (decimal 7895)
   defining Unicode char U+1ED8 (decimal 7896)
   defining Unicode char U+1ED9 (decimal 7897)
   defining Unicode char U+1EDA (decimal 7898)
   defining Unicode char U+1EDB (decimal 7899)
   defining Unicode char U+1EDC (decimal 7900)
   defining Unicode char U+1EDD (decimal 7901)
   defining Unicode char U+1EDE (decimal 7902)
   defining Unicode char U+1EDF (decimal 7903)
   defining Unicode char U+1EE0 (decimal 7904)
   defining Unicode char U+1EE1 (decimal 7905)
   defining Unicode char U+1EE2 (decimal 7906)
   defining Unicode char U+1EE3 (decimal 7907)
   defining Unicode char U+1EE4 (decimal 7908)
   defining Unicode char U+1EE5 (decimal 7909)
   defining Unicode char U+1EE6 (decimal 7910)
   defining Unicode char U+1EE7 (decimal 7911)
   defining Unicode char U+1EE8 (decimal 7912)
   defining Unicode char U+1EE9 (decimal 7913)
   defining Unicode char U+1EEA (decimal 7914)
   defining Unicode char U+1EEB (decimal 7915)
   defining Unicode char U+1EEC (decimal 7916)
   defining Unicode char U+1EED (decimal 7917)
   defining Unicode char U+1EEE (decimal 7918)
   defining Unicode char U+1EEF (decimal 7919)
   defining Unicode char U+1EF0 (decimal 7920)
   defining Unicode char U+1EF1 (decimal 7921)
   defining Unicode char U+1EF2 (decimal 7922)
   defining Unicode char U+1EF3 (decimal 7923)
   defining Unicode char U+1EF4 (decimal 7924)
   defining Unicode char U+1EF5 (decimal 7925)
   defining Unicode char U+1EF6 (decimal 7926)
   defining Unicode char U+1EF7 (decimal 7927)
   defining Unicode char U+1EF8 (decimal 7928)
   defining Unicode char U+1EF9 (decimal 7929)
   defining Unicode char U+200C (decimal 8204)
   defining Unicode char U+2013 (decimal 8211)
   defining Unicode char U+2014 (decimal 8212)
   defining Unicode char U+2018 (decimal 8216)
   defining Unicode char U+2019 (decimal 8217)
   defining Unicode char U+201A (decimal 8218)
   defining Unicode char U+201C (decimal 8220)
   defining Unicode char U+201D (decimal 8221)
   defining Unicode char U+201E (decimal 8222)
   defining Unicode char U+2030 (decimal 8240)
   defining Unicode char U+2031 (decimal 8241)
   defining Unicode char U+2039 (decimal 8249)
   defining Unicode char U+203A (decimal 8250)
   defining Unicode char U+2423 (decimal 9251)
))
LaTeX Font Info:    Trying to load font information for T5+cmr on input line 11
6.

(C:\Users\thanh\AppData\Local\Programs\MiKTeX\tex/latex/vntex\t5cmr.fd
File: t5cmr.fd 1999/05/25 v2.5h Standard LaTeX font definitions
))
(C:\Users\thanh\AppData\Local\Programs\MiKTeX\tex/latex/base\inputenc.sty
Package: inputenc 2024/02/08 v1.3d Input encoding file
\inpenc@prehook=\toks18
\inpenc@posthook=\toks19
)
Package color Info: Redefining color red on input line 7.
Package color Info: Redefining color cyan on input line 14.
\headingwidth=\skip54
\backdrop=\skip55
\backheight=\skip56
\backwidth=\skip57
\xborder=\skip58
\yborder=\skip59
\headtotal=\skip60
\codewidth=\skip61
\boxwidth=\skip62
\boxheight=\skip63
\skipwidth=\skip64
\roomheight=\skip65
\charheight=\skip66
\marginlineskip=\skip67
\marginwidth=\skip68
\textplusmarginwidth=\skip69
\maxfigwidth=\skip70
\tablewidth=\skip71
\captionskip=\skip72
\tcaptionskip=\skip73
)
(C:\Users\thanh\AppData\Local\Programs\MiKTeX\tex/latex/l3backend\l3backend-pdf
tex.def
File: l3backend-pdftex.def 2025-10-09 L3 backend support: PDF output (pdfTeX)
\l__color_backend_stack_int=\count283
) (chapter04a.aux)
\openout1 = `chapter04a.aux'.

LaTeX Font Info:    Checking defaults for OML/cmm/m/it on input line 7.
LaTeX Font Info:    ... okay on input line 7.
LaTeX Font Info:    Checking defaults for OMS/cmsy/m/n on input line 7.
LaTeX Font Info:    ... okay on input line 7.
LaTeX Font Info:    Checking defaults for OT1/cmr/m/n on input line 7.
LaTeX Font Info:    ... okay on input line 7.
LaTeX Font Info:    Checking defaults for T1/cmr/m/n on input line 7.
LaTeX Font Info:    ... okay on input line 7.
LaTeX Font Info:    Checking defaults for TS1/cmr/m/n on input line 7.
LaTeX Font Info:    ... okay on input line 7.
LaTeX Font Info:    Checking defaults for OMX/cmex/m/n on input line 7.
LaTeX Font Info:    ... okay on input line 7.
LaTeX Font Info:    Checking defaults for U/cmr/m/n on input line 7.
LaTeX Font Info:    ... okay on input line 7.
LaTeX Font Info:    Checking defaults for T5/cmr/m/n on input line 7.
LaTeX Font Info:    ... okay on input line 7.

(C:\Users\thanh\AppData\Local\Programs\MiKTeX\tex/context/base/mkii\supp-pdf.mk
ii
[Loading MPS to PDF converter (version 2006.09.02).]
\scratchcounter=\count284
\scratchdimen=\dimen151
\scratchbox=\box53
\nofMPsegments=\count285
\nofMParguments=\count286
\everyMPshowfont=\toks20
\MPscratchCnt=\count287
\MPscratchDim=\dimen152
\MPnumerator=\count288
\makeMPintoPDFobject=\count289
\everyMPtoPDFconversion=\toks21
) [1


Non-PDF special ignored!
<special> papersize=11in,8.5in
{C:/Users/thanh/AppData/Local/MiKTeX/fonts/map/pdftex/pdftex.map}]
LaTeX Font Info:    Trying to load font information for T5+cmss on input line 1
2.

(C:\Users\thanh\AppData\Local\Programs\MiKTeX\tex/latex/vntex\t5cmss.fd
File: t5cmss.fd 1999/05/25 v2.5h Standard LaTeX font definitions
)
LaTeX Font Info:    External font `cmex10' loaded for size
(Font)              <20.74> on input line 17.
LaTeX Font Info:    External font `cmex10' loaded for size
(Font)              <14.4> on input line 17.
LaTeX Font Info:    External font `cmex10' loaded for size
(Font)              <12> on input line 17.

[2] (algorithms/tree-search-short-algorithm.tex
LaTeX Font Info:    External font `cmex10' loaded for size
(Font)              <17.28> on input line 9.

Overfull \hbox (3.55833pt too wide) in paragraph at lines 1--10
 []  
 []

)

LaTeX Font Warning: Font shape `T5/cmss/m/it' in size <20.74> not available
(Font)              Font shape `T5/cmss/m/sl' tried instead on input line 28.

[3] [4]
Package epstopdf Info: Source file: <figures/romania2.ps>
(epstopdf)                    date: 2026-07-15 08:15:06
(epstopdf)                    size: 34294 bytes
(epstopdf)             Output file: <figures/romania2-ps-converted-to.pdf>
(epstopdf)                    date: 2026-07-16 16:56:39
(epstopdf)                    size: 16894 bytes
(epstopdf)             Command: <epstopdf figures/romania2.ps --outfile=figures
/romania2-ps-converted-to.pdf>
(epstopdf)             \includegraphics on input line 55.
Package epstopdf Info: Output file is already uptodate.
<figures/romania2-ps-converted-to.pdf, id=21, 563.10374pt x 276.03125pt>
File: figures/romania2-ps-converted-to.pdf Graphic file (type pdf)
<use figures/romania2-ps-converted-to.pdf>
Package pdftex.def Info: figures/romania2-ps-converted-to.pdf  used on input li
ne 55.
(pdftex.def)             Requested size: 663.43971pt x 325.2381pt.
 [5 <./figures/romania2-ps-converted-to.pdf>] [6]
Package epstopdf Info: Source file: <figures/greedy-progress01c.ps>
(epstopdf)                    date: 2026-07-15 08:15:04
(epstopdf)                    size: 11440 bytes
(epstopdf)             Output file: <figures/greedy-progress01c-ps-converted-to
.pdf>
(epstopdf)                    date: 2026-07-16 16:56:43
(epstopdf)                    size: 3836 bytes
(epstopdf)             Command: <epstopdf figures/greedy-progress01c.ps --outfi
le=figures/greedy-progress01c-ps-converted-to.pdf>
(epstopdf)             \includegraphics on input line 74.
Package epstopdf Info: Output file is already uptodate.
<figures/greedy-progress01c-ps-converted-to.pdf, id=43, 576.1525pt x 209.78375p
t>
File: figures/greedy-progress01c-ps-converted-to.pdf Graphic file (type pdf)
<use figures/greedy-progress01c-ps-converted-to.pdf>
Package pdftex.def Info: figures/greedy-progress01c-ps-converted-to.pdf  used o
n input line 74.
(pdftex.def)             Requested size: 675.72824pt x 246.05096pt.
 [7 <./figures/greedy-progress01c-ps-converted-to.pdf>]
Package epstopdf Info: Source file: <figures/greedy-progress02c.ps>
(epstopdf)                    date: 2026-07-15 08:15:04
(epstopdf)                    size: 13851 bytes
(epstopdf)             Output file: <figures/greedy-progress02c-ps-converted-to
.pdf>
(epstopdf)                    date: 2026-07-16 16:56:47
(epstopdf)                    size: 5272 bytes
(epstopdf)             Command: <epstopdf figures/greedy-progress02c.ps --outfi
le=figures/greedy-progress02c-ps-converted-to.pdf>
(epstopdf)             \includegraphics on input line 85.
Package epstopdf Info: Output file is already uptodate.
<figures/greedy-progress02c-ps-converted-to.pdf, id=53, 576.1525pt x 209.78375p
t>
File: figures/greedy-progress02c-ps-converted-to.pdf Graphic file (type pdf)
<use figures/greedy-progress02c-ps-converted-to.pdf>
Package pdftex.def Info: figures/greedy-progress02c-ps-converted-to.pdf  used o
n input line 85.
(pdftex.def)             Requested size: 675.72824pt x 246.05096pt.
 [8 <./figures/greedy-progress02c-ps-converted-to.pdf>]
Package epstopdf Info: Source file: <figures/greedy-progress03c.ps>
(epstopdf)                    date: 2026-07-15 08:15:04
(epstopdf)                    size: 17106 bytes
(epstopdf)             Output file: <figures/greedy-progress03c-ps-converted-to
.pdf>
(epstopdf)                    date: 2026-07-16 16:56:50
(epstopdf)                    size: 6479 bytes
(epstopdf)             Command: <epstopdf figures/greedy-progress03c.ps --outfi
le=figures/greedy-progress03c-ps-converted-to.pdf>
(epstopdf)             \includegraphics on input line 96.
Package epstopdf Info: Output file is already uptodate.
<figures/greedy-progress03c-ps-converted-to.pdf, id=62, 576.1525pt x 209.78375p
t>
File: figures/greedy-progress03c-ps-converted-to.pdf Graphic file (type pdf)
<use figures/greedy-progress03c-ps-converted-to.pdf>
Package pdftex.def Info: figures/greedy-progress03c-ps-converted-to.pdf  used o
n input line 96.
(pdftex.def)             Requested size: 675.72824pt x 246.05096pt.
 [9 <./figures/greedy-progress03c-ps-converted-to.pdf>]
Package epstopdf Info: Source file: <figures/greedy-progress04c.ps>
(epstopdf)                    date: 2026-07-15 08:15:04
(epstopdf)                    size: 18606 bytes
(epstopdf)             Output file: <figures/greedy-progress04c-ps-converted-to
.pdf>
(epstopdf)                    date: 2026-07-16 16:56:54
(epstopdf)                    size: 7036 bytes
(epstopdf)             Command: <epstopdf figures/greedy-progress04c.ps --outfi
le=figures/greedy-progress04c-ps-converted-to.pdf>
(epstopdf)             \includegraphics on input line 107.
Package epstopdf Info: Output file is already uptodate.
<figures/greedy-progress04c-ps-converted-to.pdf, id=71, 576.1525pt x 209.78375p
t>
File: figures/greedy-progress04c-ps-converted-to.pdf Graphic file (type pdf)
<use figures/greedy-progress04c-ps-converted-to.pdf>
Package pdftex.def Info: figures/greedy-progress04c-ps-converted-to.pdf  used o
n input line 107.
(pdftex.def)             Requested size: 675.72824pt x 246.05096pt.
 [10 <./figures/greedy-progress04c-ps-converted-to.pdf>] [11] [12] [13] [14] [1
5]
LaTeX Font Info:    Calculating math sizes for size <25> on input line 168.


LaTeX Font Warning: Font shape `OT1/cmr/m/n' in size <12.5> not available
(Font)              size <12> substituted on input line 168.


LaTeX Font Warning: Font shape `OML/cmm/m/it' in size <12.5> not available
(Font)              size <12> substituted on input line 168.


LaTeX Font Warning: Font shape `OMS/cmsy/m/n' in size <12.5> not available
(Font)              size <12> substituted on input line 168.

LaTeX Font Info:    External font `cmex10' loaded for size
(Font)              <25> on input line 168.
LaTeX Font Info:    External font `cmex10' loaded for size
(Font)              <17.49992> on input line 168.
LaTeX Font Info:    External font `cmex10' loaded for size
(Font)              <12.5> on input line 168.
[16]
Package epstopdf Info: Source file: <figures/astar-progress01c.ps>
(epstopdf)                    date: 2026-07-15 08:15:02
(epstopdf)                    size: 11451 bytes
(epstopdf)             Output file: <figures/astar-progress01c-ps-converted-to.
pdf>
(epstopdf)                    date: 2026-07-16 16:56:57
(epstopdf)                    size: 3996 bytes
(epstopdf)             Command: <epstopdf figures/astar-progress01c.ps --outfil
e=figures/astar-progress01c-ps-converted-to.pdf>
(epstopdf)             \includegraphics on input line 194.
Package epstopdf Info: Output file is already uptodate.
<figures/astar-progress01c-ps-converted-to.pdf, id=99, 570.13pt x 233.87375pt>
File: figures/astar-progress01c-ps-converted-to.pdf Graphic file (type pdf)
<use figures/astar-progress01c-ps-converted-to.pdf>
Package pdftex.def Info: figures/astar-progress01c-ps-converted-to.pdf  used on
 input line 194.
(pdftex.def)             Requested size: 675.72824pt x 277.19264pt.
 [17 <./figures/astar-progress01c-ps-converted-to.pdf>]
Package epstopdf Info: Source file: <figures/astar-progress02c.ps>
(epstopdf)                    date: 2026-07-15 08:15:02
(epstopdf)                    size: 13987 bytes
(epstopdf)             Output file: <figures/astar-progress02c-ps-converted-to.
pdf>
(epstopdf)                    date: 2026-07-16 16:57:00
(epstopdf)                    size: 5609 bytes
(epstopdf)             Command: <epstopdf figures/astar-progress02c.ps --outfil
e=figures/astar-progress02c-ps-converted-to.pdf>
(epstopdf)             \includegraphics on input line 203.
Package epstopdf Info: Output file is already uptodate.
<figures/astar-progress02c-ps-converted-to.pdf, id=108, 570.13pt x 233.87375pt>

File: figures/astar-progress02c-ps-converted-to.pdf Graphic file (type pdf)
<use figures/astar-progress02c-ps-converted-to.pdf>
Package pdftex.def Info: figures/astar-progress02c-ps-converted-to.pdf  used on
 input line 203.
(pdftex.def)             Requested size: 675.72824pt x 277.19264pt.
 [18 <./figures/astar-progress02c-ps-converted-to.pdf>]
Package epstopdf Info: Source file: <figures/astar-progress03c.ps>
(epstopdf)                    date: 2026-07-15 08:15:02
(epstopdf)                    size: 17267 bytes
(epstopdf)             Output file: <figures/astar-progress03c-ps-converted-to.
pdf>
(epstopdf)                    date: 2026-07-16 16:57:03
(epstopdf)                    size: 6698 bytes
(epstopdf)             Command: <epstopdf figures/astar-progress03c.ps --outfil
e=figures/astar-progress03c-ps-converted-to.pdf>
(epstopdf)             \includegraphics on input line 212.
Package epstopdf Info: Output file is already uptodate.
<figures/astar-progress03c-ps-converted-to.pdf, id=117, 570.13pt x 233.87375pt>

File: figures/astar-progress03c-ps-converted-to.pdf Graphic file (type pdf)
<use figures/astar-progress03c-ps-converted-to.pdf>
Package pdftex.def Info: figures/astar-progress03c-ps-converted-to.pdf  used on
 input line 212.
(pdftex.def)             Requested size: 675.72824pt x 277.19264pt.
 [19 <./figures/astar-progress03c-ps-converted-to.pdf>]
Package epstopdf Info: Source file: <figures/astar-progress04c.ps>
(epstopdf)                    date: 2026-07-15 08:15:02
(epstopdf)                    size: 19761 bytes
(epstopdf)             Output file: <figures/astar-progress04c-ps-converted-to.
pdf>
(epstopdf)                    date: 2026-07-16 16:57:06
(epstopdf)                    size: 7326 bytes
(epstopdf)             Command: <epstopdf figures/astar-progress04c.ps --outfil
e=figures/astar-progress04c-ps-converted-to.pdf>
(epstopdf)             \includegraphics on input line 221.
Package epstopdf Info: Output file is already uptodate.
<figures/astar-progress04c-ps-converted-to.pdf, id=127, 570.13pt x 233.87375pt>

File: figures/astar-progress04c-ps-converted-to.pdf Graphic file (type pdf)
<use figures/astar-progress04c-ps-converted-to.pdf>
Package pdftex.def Info: figures/astar-progress04c-ps-converted-to.pdf  used on
 input line 221.
(pdftex.def)             Requested size: 675.72824pt x 277.19264pt.
 [20 <./figures/astar-progress04c-ps-converted-to.pdf>]
Package epstopdf Info: Source file: <figures/astar-progress05c.ps>
(epstopdf)                    date: 2026-07-15 08:15:02
(epstopdf)                    size: 21345 bytes
(epstopdf)             Output file: <figures/astar-progress05c-ps-converted-to.
pdf>
(epstopdf)                    date: 2026-07-16 16:57:09
(epstopdf)                    size: 7727 bytes
(epstopdf)             Command: <epstopdf figures/astar-progress05c.ps --outfil
e=figures/astar-progress05c-ps-converted-to.pdf>
(epstopdf)             \includegraphics on input line 230.
Package epstopdf Info: Output file is already uptodate.
<figures/astar-progress05c-ps-converted-to.pdf, id=136, 570.13pt x 233.87375pt>

File: figures/astar-progress05c-ps-converted-to.pdf Graphic file (type pdf)
<use figures/astar-progress05c-ps-converted-to.pdf>
Package pdftex.def Info: figures/astar-progress05c-ps-converted-to.pdf  used on
 input line 230.
(pdftex.def)             Requested size: 675.72824pt x 277.19264pt.
 [21 <./figures/astar-progress05c-ps-converted-to.pdf>]
Package epstopdf Info: Source file: <figures/astar-progress06c.ps>
(epstopdf)                    date: 2026-07-15 08:15:02
(epstopdf)                    size: 23799 bytes
(epstopdf)             Output file: <figures/astar-progress06c-ps-converted-to.
pdf>
(epstopdf)                    date: 2026-07-16 16:57:13
(epstopdf)                    size: 8055 bytes
(epstopdf)             Command: <epstopdf figures/astar-progress06c.ps --outfil
e=figures/astar-progress06c-ps-converted-to.pdf>
(epstopdf)             \includegraphics on input line 239.
Package epstopdf Info: Output file is already uptodate.
<figures/astar-progress06c-ps-converted-to.pdf, id=145, 570.13pt x 233.87375pt>

File: figures/astar-progress06c-ps-converted-to.pdf Graphic file (type pdf)
<use figures/astar-progress06c-ps-converted-to.pdf>
Package pdftex.def Info: figures/astar-progress06c-ps-converted-to.pdf  used on
 input line 239.
(pdftex.def)             Requested size: 675.72824pt x 277.19264pt.
 [22 <./figures/astar-progress06c-ps-converted-to.pdf>]
Package epstopdf Info: Source file: <figures/astar-proof.ps>
(epstopdf)                    date: 2026-07-15 08:15:02
(epstopdf)                    size: 13585 bytes
(epstopdf)             Output file: <figures/astar-proof-ps-converted-to.pdf>
(epstopdf)                    date: 2026-07-16 16:57:16
(epstopdf)                    size: 5706 bytes
(epstopdf)             Command: <epstopdf figures/astar-proof.ps --outfile=figu
res/astar-proof-ps-converted-to.pdf>
(epstopdf)             \includegraphics on input line 253.
Package epstopdf Info: Output file is already uptodate.
<figures/astar-proof-ps-converted-to.pdf, id=154, 279.0425pt x 133.49875pt>
File: figures/astar-proof-ps-converted-to.pdf Graphic file (type pdf)
<use figures/astar-proof-ps-converted-to.pdf>
Package pdftex.def Info: figures/astar-proof-ps-converted-to.pdf  used on input
 line 253.
(pdftex.def)             Requested size: 307.14749pt x 146.94885pt.
 [23 <./figures/astar-proof-ps-converted-to.pdf>] [24]
Package epstopdf Info: Source file: <figures/f-circles.ps>
(epstopdf)                    date: 2026-07-15 08:15:04
(epstopdf)                    size: 23058 bytes
(epstopdf)             Output file: <figures/f-circles-ps-converted-to.pdf>
(epstopdf)                    date: 2026-07-16 16:57:19
(epstopdf)                    size: 7467 bytes
(epstopdf)             Command: <epstopdf figures/f-circles.ps --outfile=figure
s/f-circles-ps-converted-to.pdf>
(epstopdf)             \includegraphics on input line 278.
Package epstopdf Info: Output file is already uptodate.
<figures/f-circles-ps-converted-to.pdf, id=166, 513.92pt x 325.215pt>
File: figures/f-circles-ps-converted-to.pdf Graphic file (type pdf)
<use figures/f-circles-ps-converted-to.pdf>
Package pdftex.def Info: figures/f-circles-ps-converted-to.pdf  used on input l
ine 278.
(pdftex.def)             Requested size: 460.72124pt x 291.55441pt.

[25] [26 <./figures/f-circles-ps-converted-to.pdf>] [27] [28] [29] [30]
[31]
Package epstopdf Info: Source file: <figures/consistency.ps>
(epstopdf)                    date: 2026-07-15 08:15:02
(epstopdf)                    size: 12609 bytes
(epstopdf)             Output file: <figures/consistency-ps-converted-to.pdf>
(epstopdf)                    date: 2026-07-16 16:57:22
(epstopdf)                    size: 4804 bytes
(epstopdf)             Command: <epstopdf figures/consistency.ps --outfile=figu
res/consistency-ps-converted-to.pdf>
(epstopdf)             \includegraphics on input line 333.
Package epstopdf Info: Output file is already uptodate.
<figures/consistency-ps-converted-to.pdf, id=198, 206.7725pt x 219.82124pt>
File: figures/consistency-ps-converted-to.pdf Graphic file (type pdf)
<use figures/consistency-ps-converted-to.pdf>
Package pdftex.def Info: figures/consistency-ps-converted-to.pdf  used on input
 line 333.
(pdftex.def)             Requested size: 206.77199pt x 219.8207pt.
 [32 <./figures/consistency-ps-converted-to.pdf>]
Package epstopdf Info: Source file: <figures/8puzzle.ps>
(epstopdf)                    date: 2026-07-15 08:15:01
(epstopdf)                    size: 21803 bytes
(epstopdf)             Output file: <figures/8puzzle-ps-converted-to.pdf>
(epstopdf)                    date: 2026-07-16 10:52:20
(epstopdf)                    size: 6098 bytes
(epstopdf)             Command: <epstopdf figures/8puzzle.ps --outfile=figures/
8puzzle-ps-converted-to.pdf>
(epstopdf)             \includegraphics on input line 358.
Package epstopdf Info: Output file is already uptodate.
<figures/8puzzle-ps-converted-to.pdf, id=208, 448.67625pt x 227.85126pt>
File: figures/8puzzle-ps-converted-to.pdf Graphic file (type pdf)
<use figures/8puzzle-ps-converted-to.pdf>
Package pdftex.def Info: figures/8puzzle-ps-converted-to.pdf  used on input lin
e 358.
(pdftex.def)             Requested size: 307.14749pt x 155.98329pt.
 [33 <./figures/8puzzle-ps-converted-to.pdf>]
Package epstopdf Info: Source file: <figures/8puzzle.ps>
(epstopdf)                    date: 2026-07-15 08:15:01
(epstopdf)                    size: 21803 bytes
(epstopdf)             Output file: <figures/8puzzle-ps-converted-to.pdf>
(epstopdf)                    date: 2026-07-16 10:52:20
(epstopdf)                    size: 6098 bytes
(epstopdf)             Command: <epstopdf figures/8puzzle.ps --outfile=figures/
8puzzle-ps-converted-to.pdf>
(epstopdf)             \includegraphics on input line 374.
Package epstopdf Info: Output file is already uptodate.
File: figures/8puzzle-ps-converted-to.pdf Graphic file (type pdf)
<use figures/8puzzle-ps-converted-to.pdf>
Package pdftex.def Info: figures/8puzzle-ps-converted-to.pdf  used on input lin
e 374.
(pdftex.def)             Requested size: 307.14749pt x 155.98329pt.
 [34] [35] [36]
Package epstopdf Info: Source file: <figures/tsp-mst.ps>
(epstopdf)                    date: 2026-07-15 08:15:06
(epstopdf)                    size: 11507 bytes
(epstopdf)             Output file: <figures/tsp-mst-ps-converted-to.pdf>
(epstopdf)                    date: 2026-07-16 16:57:26
(epstopdf)                    size: 3179 bytes
(epstopdf)             Command: <epstopdf figures/tsp-mst.ps --outfile=figures/
tsp-mst-ps-converted-to.pdf>
(epstopdf)             \includegraphics on input line 432.
Package epstopdf Info: Output file is already uptodate.
<figures/tsp-mst-ps-converted-to.pdf, id=229, 324.21124pt x 125.46875pt>
File: figures/tsp-mst-ps-converted-to.pdf Graphic file (type pdf)
<use figures/tsp-mst-ps-converted-to.pdf>
Package pdftex.def Info: figures/tsp-mst-ps-converted-to.pdf  used on input lin
e 432.
(pdftex.def)             Requested size: 460.72124pt x 178.30852pt.
 [37 <./figures/tsp-mst-ps-converted-to.pdf>] [38] (chapter04a.aux)
 ***********
LaTeX2e <2025-11-01>
L3 programming layer <2025-12-24>
 ***********


LaTeX Font Warning: Size substitutions with differences
(Font)              up to 0.5pt have occurred.

 ) 
Here is how much of TeX's memory you used:
 3144 strings out of 467870
 53368 string characters out of 5418355
 442198 words of memory out of 5000000
 31983 multiletter control sequences out of 15000+600000
 647379 words of font info for 72 fonts, out of 8000000 for 9000
 1141 hyphenation exceptions out of 8191
 72i,7n,79p,249b,319s stack positions out of 10000i,1000n,20000p,200000b,200000s
<C:/Users/thanh/AppData/Local/Programs/MiKTeX/fonts/type1/public/amsfonts/cm/
cmmi12.pfb><C:/Users/thanh/AppData/Local/Programs/MiKTeX/fonts/type1/public/ams
fonts/cm/cmr12.pfb><C:/Users/thanh/AppData/Local/Programs/MiKTeX/fonts/type1/pu
blic/amsfonts/cm/cmr17.pfb><C:/Users/thanh/AppData/Local/Programs/MiKTeX/fonts/
type1/public/amsfonts/cm/cmsy10.pfb><C:/Users/thanh/AppData/Local/Programs/MiKT
eX/fonts/type1/vntex/vnr/vnbx12.pfb><C:/Users/thanh/AppData/Local/Programs/MiKT
eX/fonts/type1/vntex/vnr/vncsc10.pfb><C:/Users/thanh/AppData/Local/Programs/MiK
TeX/fonts/type1/vntex/vnr/vnr8.pfb><C:/Users/thanh/AppData/Local/Programs/MiKTe
X/fonts/type1/vntex/vnr/vnss17.pfb><C:/Users/thanh/AppData/Local/Programs/MiKTe
X/fonts/type1/vntex/vnr/vnssbx10.pfb><C:/Users/thanh/AppData/Local/Programs/MiK
TeX/fonts/type1/vntex/vnr/vnti12.pfb>
Output written on chapter04a.pdf (38 pages, 269953 bytes).
PDF statistics:
 283 PDF objects out of 1000 (max. 8388607)
 0 named destinations out of 1000 (max. 500000)
 81 words of extra memory for PDF output out of 10000 (max. 10000000)

