This is pdfTeX, Version 3.141592653-2.6-1.40.28 (MiKTeX 25.12) (preloaded format=pdflatex 2026.6.24)  16 JUL 2026 22:36
entering extended mode
 \write18 enabled.
 %&-line parsing enabled.
**./chapter14a.tex
(chapter14a.tex
LaTeX2e <2025-11-01>
L3 programming layer <2025-12-24>
(C:\Users\thanh\AppData\Local\Programs\MiKTeX\tex/latex/base\article.cls
Document Class: article 2025/01/22 v1.4n Standard LaTeX document class
(C:\Users\thanh\AppData\Local\Programs\MiKTeX\tex/latex/base\size10.clo
File: size10.clo 2025/01/22 v1.4n Standard LaTeX file (size option)
)
\c@part=\count275
\c@section=\count276
\c@subsection=\count277
\c@subsubsection=\count278
\c@paragraph=\count279
\c@subparagraph=\count280
\c@figure=\count281
\c@table=\count282
\abovecaptionskip=\skip49
\belowcaptionskip=\skip50
\bibindent=\dimen148
)
(C:\Users\thanh\AppData\Local\Programs\MiKTeX\tex/latex/base\fleqn.sty

LaTeX Warning: inputting `fleqn.clo' instead of obsolete `fleqn.sty'.

(C:\Users\thanh\AppData\Local\Programs\MiKTeX\tex/latex/base\fleqn.clo
File: fleqn.clo 2016/12/29 v1.2b Standard LaTeX option (flush left equations)
\mathindent=\skip51
Applying: [2015/01/01] Make \[ robust on input line 50.
LaTeX Info: Redefining \[ on input line 51.
Already applied: [0000/00/00] Make \[ robust on input line 62.
Applying: [2015/01/01] Make \] robust on input line 74.
LaTeX Info: Redefining \] on input line 75.
Already applied: [0000/00/00] Make \] robust on input line 83.
))
(epsf.sty
Package: epsf 2026/07/16 Modern replacement using graphicx

(C:\Users\thanh\AppData\Local\Programs\MiKTeX\tex/latex/graphics\graphicx.sty
Package: graphicx 2024/12/31 v1.2e Enhanced LaTeX Graphics (DPC,SPQR)

(C:\Users\thanh\AppData\Local\Programs\MiKTeX\tex/latex/graphics\keyval.sty
Package: keyval 2022/05/29 v1.15 key=value parser (DPC)
\KV@toks@=\toks17
)
(C:\Users\thanh\AppData\Local\Programs\MiKTeX\tex/latex/graphics\graphics.sty
Package: graphics 2024/08/06 v1.4g Standard LaTeX Graphics (DPC,SPQR)

(C:\Users\thanh\AppData\Local\Programs\MiKTeX\tex/latex/graphics\trig.sty
Package: trig 2023/12/02 v1.11 sin cos tan (DPC)
)
(C:\Users\thanh\AppData\Local\Programs\MiKTeX\tex/latex/graphics-cfg\graphics.c
fg
File: graphics.cfg 2016/06/04 v1.11 sample graphics configuration
)
Package graphics Info: Driver file: pdftex.def on input line 106.

(C:\Users\thanh\AppData\Local\Programs\MiKTeX\tex/latex/graphics-def\pdftex.def
File: pdftex.def 2025/09/29 v1.2d Graphics/color driver for pdftex
))
\Gin@req@height=\dimen149
\Gin@req@width=\dimen150
)
(C:\Users\thanh\AppData\Local\Programs\MiKTeX\tex/latex/epstopdf-pkg\epstopdf.s
ty
Package: epstopdf 2020-01-24 v2.11 Conversion with epstopdf on the fly (HO)

(C:\Users\thanh\AppData\Local\Programs\MiKTeX\tex/generic/infwarerr\infwarerr.s
ty
Package: infwarerr 2019/12/03 v1.5 Providing info/warning/error messages (HO)
) (C:\Users\thanh\AppData\Local\Programs\MiKTeX\tex/latex/grfext\grfext.sty
Package: grfext 2019/12/03 v1.3 Manage graphics extensions (HO)

(C:\Users\thanh\AppData\Local\Programs\MiKTeX\tex/generic/kvdefinekeys\kvdefine
keys.sty
Package: kvdefinekeys 2019-12-19 v1.6 Define keys (HO)
))
(C:\Users\thanh\AppData\Local\Programs\MiKTeX\tex/latex/kvoptions\kvoptions.sty
Package: kvoptions 2022-06-15 v3.15 Key value format for package options (HO)
(C:\Users\thanh\AppData\Local\Programs\MiKTeX\tex/generic/ltxcmds\ltxcmds.sty
Package: ltxcmds 2023-12-04 v1.26 LaTeX kernel commands for general use (HO)
)
(C:\Users\thanh\AppData\Local\Programs\MiKTeX\tex/latex/kvsetkeys\kvsetkeys.sty
Package: kvsetkeys 2022-10-05 v1.19 Key value parser (HO)
))
(C:\Users\thanh\AppData\Local\Programs\MiKTeX\tex/generic/pdftexcmds\pdftexcmds
.sty
Package: pdftexcmds 2020-06-27 v0.33 Utility functions of pdfTeX for LuaTeX (HO
)
 (C:\Users\thanh\AppData\Local\Programs\MiKTeX\tex/generic/iftex\iftex.sty
Package: iftex 2024/12/12 v1.0g TeX engine tests
)
Package pdftexcmds Info: \pdf@primitive is available.
Package pdftexcmds Info: \pdf@ifprimitive is available.
Package pdftexcmds Info: \pdfdraftmode found.
)
(C:\Users\thanh\AppData\Local\Programs\MiKTeX\tex/latex/epstopdf-pkg\epstopdf-b
ase.sty
Package: epstopdf-base 2020-01-24 v2.11 Base part for package epstopdf
Package epstopdf-base Info: Redefining graphics rule for `.eps' on input line 4
85.
Package grfext Info: Graphics extension search list:
(grfext)             [.pdf,.png,.jpg,.mps,.jpeg,.jbig2,.jb2,.PDF,.PNG,.JPG,.JPE
G,.JBIG2,.JB2,.eps]
(grfext)             \AppendGraphicsExtensions on input line 504.

(C:\Users\thanh\AppData\Local\Programs\MiKTeX\tex/latex/00miktex\epstopdf-sys.c
fg
File: epstopdf-sys.cfg 2021/03/18 v2.0 Configuration of epstopdf for MiKTeX
)))
Package grfext Info: Graphics extension search list:
(grfext)             [.pdf,.png,.jpg,.mps,.jpeg,.jbig2,.jb2,.PDF,.PNG,.JPG,.JPE
G,.JBIG2,.JB2,.eps,.ps]
(grfext)             \AppendGraphicsExtensions on input line 11.
\epsfxsize=\skip52
\epsfysize=\skip53
) (aima2e-slides.sty
(C:\Users\thanh\AppData\Local\Programs\MiKTeX\tex/latex/base\fontenc.sty
Package: fontenc 2025/07/18 v2.1d Standard LaTeX package

(C:\Users\thanh\AppData\Local\Programs\MiKTeX\tex/latex/vntex\t5enc.def
File: t5enc.def 2006/11/21 v1.4 Vietnamese T5 encoding
Now handling font encoding T5 ...
... processing UTF-8 mapping file for font encoding T5

(C:\Users\thanh\AppData\Local\Programs\MiKTeX\tex/latex/vntex\t5enc.dfu
File: t5enc.dfu 2006/08/19 v1.1 UTF8 support for Vietnamese
   defining Unicode char U+00AB (decimal 171)
   defining Unicode char U+00BB (decimal 187)
   defining Unicode char U+00C0 (decimal 192)
   defining Unicode char U+00C1 (decimal 193)
   defining Unicode char U+00C2 (decimal 194)
   defining Unicode char U+00C3 (decimal 195)
   defining Unicode char U+00C8 (decimal 200)
   defining Unicode char U+00C9 (decimal 201)
   defining Unicode char U+00CA (decimal 202)
   defining Unicode char U+00CC (decimal 204)
   defining Unicode char U+00CD (decimal 205)
   defining Unicode char U+00D2 (decimal 210)
   defining Unicode char U+00D3 (decimal 211)
   defining Unicode char U+00D4 (decimal 212)
   defining Unicode char U+00D5 (decimal 213)
   defining Unicode char U+00D9 (decimal 217)
   defining Unicode char U+00DA (decimal 218)
   defining Unicode char U+00DD (decimal 221)
   defining Unicode char U+00E0 (decimal 224)
   defining Unicode char U+00E1 (decimal 225)
   defining Unicode char U+00E2 (decimal 226)
   defining Unicode char U+00E3 (decimal 227)
   defining Unicode char U+00E8 (decimal 232)
   defining Unicode char U+00E9 (decimal 233)
   defining Unicode char U+00EA (decimal 234)
   defining Unicode char U+00EC (decimal 236)
   defining Unicode char U+00ED (decimal 237)
   defining Unicode char U+00F2 (decimal 242)
   defining Unicode char U+00F3 (decimal 243)
   defining Unicode char U+00F4 (decimal 244)
   defining Unicode char U+00F5 (decimal 245)
   defining Unicode char U+00F9 (decimal 249)
   defining Unicode char U+00FA (decimal 250)
   defining Unicode char U+00FD (decimal 253)
   defining Unicode char U+0102 (decimal 258)
   defining Unicode char U+0103 (decimal 259)
   defining Unicode char U+0110 (decimal 272)
   defining Unicode char U+0111 (decimal 273)
   defining Unicode char U+0128 (decimal 296)
   defining Unicode char U+0129 (decimal 297)
   defining Unicode char U+0131 (decimal 305)
   defining Unicode char U+0168 (decimal 360)
   defining Unicode char U+0169 (decimal 361)
   defining Unicode char U+01A0 (decimal 416)
   defining Unicode char U+01A1 (decimal 417)
   defining Unicode char U+01AF (decimal 431)
   defining Unicode char U+01B0 (decimal 432)
   defining Unicode char U+1EA0 (decimal 7840)
   defining Unicode char U+1EA1 (decimal 7841)
   defining Unicode char U+1EA2 (decimal 7842)
   defining Unicode char U+1EA3 (decimal 7843)
   defining Unicode char U+1EA4 (decimal 7844)
   defining Unicode char U+1EA5 (decimal 7845)
   defining Unicode char U+1EA6 (decimal 7846)
   defining Unicode char U+1EA7 (decimal 7847)
   defining Unicode char U+1EA8 (decimal 7848)
   defining Unicode char U+1EA9 (decimal 7849)
   defining Unicode char U+1EAA (decimal 7850)
   defining Unicode char U+1EAB (decimal 7851)
   defining Unicode char U+1EAC (decimal 7852)
   defining Unicode char U+1EAD (decimal 7853)
   defining Unicode char U+1EAE (decimal 7854)
   defining Unicode char U+1EAF (decimal 7855)
   defining Unicode char U+1EB0 (decimal 7856)
   defining Unicode char U+1EB1 (decimal 7857)
   defining Unicode char U+1EB2 (decimal 7858)
   defining Unicode char U+1EB3 (decimal 7859)
   defining Unicode char U+1EB4 (decimal 7860)
   defining Unicode char U+1EB5 (decimal 7861)
   defining Unicode char U+1EB6 (decimal 7862)
   defining Unicode char U+1EB7 (decimal 7863)
   defining Unicode char U+1EB8 (decimal 7864)
   defining Unicode char U+1EB9 (decimal 7865)
   defining Unicode char U+1EBA (decimal 7866)
   defining Unicode char U+1EBB (decimal 7867)
   defining Unicode char U+1EBC (decimal 7868)
   defining Unicode char U+1EBD (decimal 7869)
   defining Unicode char U+1EBE (decimal 7870)
   defining Unicode char U+1EBF (decimal 7871)
   defining Unicode char U+1EC0 (decimal 7872)
   defining Unicode char U+1EC1 (decimal 7873)
   defining Unicode char U+1EC2 (decimal 7874)
   defining Unicode char U+1EC3 (decimal 7875)
   defining Unicode char U+1EC4 (decimal 7876)
   defining Unicode char U+1EC5 (decimal 7877)
   defining Unicode char U+1EC6 (decimal 7878)
   defining Unicode char U+1EC7 (decimal 7879)
   defining Unicode char U+1EC8 (decimal 7880)
   defining Unicode char U+1EC9 (decimal 7881)
   defining Unicode char U+1ECA (decimal 7882)
   defining Unicode char U+1ECB (decimal 7883)
   defining Unicode char U+1ECC (decimal 7884)
   defining Unicode char U+1ECD (decimal 7885)
   defining Unicode char U+1ECE (decimal 7886)
   defining Unicode char U+1ECF (decimal 7887)
   defining Unicode char U+1ED0 (decimal 7888)
   defining Unicode char U+1ED1 (decimal 7889)
   defining Unicode char U+1ED2 (decimal 7890)
   defining Unicode char U+1ED3 (decimal 7891)
   defining Unicode char U+1ED4 (decimal 7892)
   defining Unicode char U+1ED5 (decimal 7893)
   defining Unicode char U+1ED6 (decimal 7894)
   defining Unicode char U+1ED7 (decimal 7895)
   defining Unicode char U+1ED8 (decimal 7896)
   defining Unicode char U+1ED9 (decimal 7897)
   defining Unicode char U+1EDA (decimal 7898)
   defining Unicode char U+1EDB (decimal 7899)
   defining Unicode char U+1EDC (decimal 7900)
   defining Unicode char U+1EDD (decimal 7901)
   defining Unicode char U+1EDE (decimal 7902)
   defining Unicode char U+1EDF (decimal 7903)
   defining Unicode char U+1EE0 (decimal 7904)
   defining Unicode char U+1EE1 (decimal 7905)
   defining Unicode char U+1EE2 (decimal 7906)
   defining Unicode char U+1EE3 (decimal 7907)
   defining Unicode char U+1EE4 (decimal 7908)
   defining Unicode char U+1EE5 (decimal 7909)
   defining Unicode char U+1EE6 (decimal 7910)
   defining Unicode char U+1EE7 (decimal 7911)
   defining Unicode char U+1EE8 (decimal 7912)
   defining Unicode char U+1EE9 (decimal 7913)
   defining Unicode char U+1EEA (decimal 7914)
   defining Unicode char U+1EEB (decimal 7915)
   defining Unicode char U+1EEC (decimal 7916)
   defining Unicode char U+1EED (decimal 7917)
   defining Unicode char U+1EEE (decimal 7918)
   defining Unicode char U+1EEF (decimal 7919)
   defining Unicode char U+1EF0 (decimal 7920)
   defining Unicode char U+1EF1 (decimal 7921)
   defining Unicode char U+1EF2 (decimal 7922)
   defining Unicode char U+1EF3 (decimal 7923)
   defining Unicode char U+1EF4 (decimal 7924)
   defining Unicode char U+1EF5 (decimal 7925)
   defining Unicode char U+1EF6 (decimal 7926)
   defining Unicode char U+1EF7 (decimal 7927)
   defining Unicode char U+1EF8 (decimal 7928)
   defining Unicode char U+1EF9 (decimal 7929)
   defining Unicode char U+200C (decimal 8204)
   defining Unicode char U+2013 (decimal 8211)
   defining Unicode char U+2014 (decimal 8212)
   defining Unicode char U+2018 (decimal 8216)
   defining Unicode char U+2019 (decimal 8217)
   defining Unicode char U+201A (decimal 8218)
   defining Unicode char U+201C (decimal 8220)
   defining Unicode char U+201D (decimal 8221)
   defining Unicode char U+201E (decimal 8222)
   defining Unicode char U+2030 (decimal 8240)
   defining Unicode char U+2031 (decimal 8241)
   defining Unicode char U+2039 (decimal 8249)
   defining Unicode char U+203A (decimal 8250)
   defining Unicode char U+2423 (decimal 9251)
))
LaTeX Font Info:    Trying to load font information for T5+cmr on input line 11
6.

(C:\Users\thanh\AppData\Local\Programs\MiKTeX\tex/latex/vntex\t5cmr.fd
File: t5cmr.fd 1999/05/25 v2.5h Standard LaTeX font definitions
))
(C:\Users\thanh\AppData\Local\Programs\MiKTeX\tex/latex/base\inputenc.sty
Package: inputenc 2024/02/08 v1.3d Input encoding file
\inpenc@prehook=\toks18
\inpenc@posthook=\toks19
)
(C:\Users\thanh\AppData\Local\Programs\MiKTeX\tex/latex/graphics\color.sty
Package: color 2025/01/14 v1.3e Standard LaTeX Color (DPC)

(C:\Users\thanh\AppData\Local\Programs\MiKTeX\tex/latex/graphics-cfg\color.cfg
File: color.cfg 2016/01/02 v1.6 sample color configuration
)
Package color Info: Driver file: pdftex.def on input line 149.
(C:\Users\thanh\AppData\Local\Programs\MiKTeX\tex/latex/graphics\mathcolor.ltx)
)
Package color Info: Redefining color red on input line 7.
Package color Info: Redefining color cyan on input line 14.
\headingwidth=\skip54
\backdrop=\skip55
\backheight=\skip56
\backwidth=\skip57
\xborder=\skip58
\yborder=\skip59
\headtotal=\skip60
\codewidth=\skip61
\boxwidth=\skip62
\boxheight=\skip63
\skipwidth=\skip64
\roomheight=\skip65
\charheight=\skip66
\marginlineskip=\skip67
\marginwidth=\skip68
\textplusmarginwidth=\skip69
\maxfigwidth=\skip70
\tablewidth=\skip71
\captionskip=\skip72
\tcaptionskip=\skip73
)
(C:\Users\thanh\AppData\Local\Programs\MiKTeX\tex/latex/l3backend\l3backend-pdf
tex.def
File: l3backend-pdftex.def 2025-10-09 L3 backend support: PDF output (pdfTeX)
\l__color_backend_stack_int=\count283
) (chapter14a.aux)
\openout1 = `chapter14a.aux'.

LaTeX Font Info:    Checking defaults for OML/cmm/m/it on input line 6.
LaTeX Font Info:    ... okay on input line 6.
LaTeX Font Info:    Checking defaults for OMS/cmsy/m/n on input line 6.
LaTeX Font Info:    ... okay on input line 6.
LaTeX Font Info:    Checking defaults for OT1/cmr/m/n on input line 6.
LaTeX Font Info:    ... okay on input line 6.
LaTeX Font Info:    Checking defaults for T1/cmr/m/n on input line 6.
LaTeX Font Info:    ... okay on input line 6.
LaTeX Font Info:    Checking defaults for TS1/cmr/m/n on input line 6.
LaTeX Font Info:    ... okay on input line 6.
LaTeX Font Info:    Checking defaults for OMX/cmex/m/n on input line 6.
LaTeX Font Info:    ... okay on input line 6.
LaTeX Font Info:    Checking defaults for U/cmr/m/n on input line 6.
LaTeX Font Info:    ... okay on input line 6.
LaTeX Font Info:    Checking defaults for T5/cmr/m/n on input line 6.
LaTeX Font Info:    ... okay on input line 6.

(C:\Users\thanh\AppData\Local\Programs\MiKTeX\tex/context/base/mkii\supp-pdf.mk
ii
[Loading MPS to PDF converter (version 2006.09.02).]
\scratchcounter=\count284
\scratchdimen=\dimen151
\scratchbox=\box53
\nofMPsegments=\count285
\nofMParguments=\count286
\everyMPshowfont=\toks20
\MPscratchCnt=\count287
\MPscratchDim=\dimen152
\MPnumerator=\count288
\makeMPintoPDFobject=\count289
\everyMPtoPDFconversion=\toks21
) [1


Non-PDF special ignored!
<special> papersize=11in,8.5in
{C:/Users/thanh/AppData/Local/MiKTeX/fonts/map/pdftex/pdftex.map}]
LaTeX Font Info:    Trying to load font information for T5+cmss on input line 1
1.

(C:\Users\thanh\AppData\Local\Programs\MiKTeX\tex/latex/vntex\t5cmss.fd
File: t5cmss.fd 1999/05/25 v2.5h Standard LaTeX font definitions
)
LaTeX Font Info:    External font `cmex10' loaded for size
(Font)              <20.74> on input line 16.
LaTeX Font Info:    External font `cmex10' loaded for size
(Font)              <14.4> on input line 16.
LaTeX Font Info:    External font `cmex10' loaded for size
(Font)              <12> on input line 16.

[2] [3] [4]
Package epstopdf Info: Source file: <figures/dentist-network.ps>
(epstopdf)                    date: 2026-07-15 08:15:03
(epstopdf)                    size: 12521 bytes
(epstopdf)             Output file: <figures/dentist-network-ps-converted-to.pd
f>
(epstopdf)                    date: 2026-07-16 17:07:52
(epstopdf)                    size: 4541 bytes
(epstopdf)             Command: <epstopdf figures/dentist-network.ps --outfile=
figures/dentist-network-ps-converted-to.pdf>
(epstopdf)             \includegraphics on input line 48.
Package epstopdf Info: Output file is already uptodate.
<figures/dentist-network-ps-converted-to.pdf, id=22, 239.89626pt x 118.4425pt>
File: figures/dentist-network-ps-converted-to.pdf Graphic file (type pdf)
<use figures/dentist-network-ps-converted-to.pdf>
Package pdftex.def Info: figures/dentist-network-ps-converted-to.pdf  used on i
nput line 48.
(pdftex.def)             Requested size: 307.14749pt x 151.65828pt.
 [5 <./figures/dentist-network-ps-converted-to.pdf>] [6]
Package epstopdf Info: Source file: <figures/burglary2.ps>
(epstopdf)                    date: 2026-07-15 08:15:02
(epstopdf)                    size: 24391 bytes
(epstopdf)             Output file: <figures/burglary2-ps-converted-to.pdf>
(epstopdf)                    date: 2026-07-16 17:07:54
(epstopdf)                    size: 9229 bytes
(epstopdf)             Command: <epstopdf figures/burglary2.ps --outfile=figure
s/burglary2-ps-converted-to.pdf>
(epstopdf)             \includegraphics on input line 75.
Package epstopdf Info: Output file is already uptodate.
<figures/burglary2-ps-converted-to.pdf, id=34, 445.665pt x 242.9075pt>
File: figures/burglary2-ps-converted-to.pdf Graphic file (type pdf)
<use figures/burglary2-ps-converted-to.pdf>
Package pdftex.def Info: figures/burglary2-ps-converted-to.pdf  used on input l
ine 75.
(pdftex.def)             Requested size: 583.57837pt x 318.10365pt.
 [7 <./figures/burglary2-ps-converted-to.pdf>]
Package epstopdf Info: Source file: <figures/burglary-small.ps>
(epstopdf)                    date: 2026-07-15 08:15:02
(epstopdf)                    size: 13430 bytes
(epstopdf)             Output file: <figures/burglary-small-ps-converted-to.pdf
>
(epstopdf)                    date: 2026-07-16 22:34:45
(epstopdf)                    size: 4088 bytes
(epstopdf)             Command: <epstopdf figures/burglary-small.ps --outfile=f
igures/burglary-small-ps-converted-to.pdf>
(epstopdf)             \includegraphics on input line 80.
Package epstopdf Info: Output file is already uptodate.
<figures/burglary-small-ps-converted-to.pdf, id=50, 127.47626pt x 127.47626pt>
File: figures/burglary-small-ps-converted-to.pdf Graphic file (type pdf)
<use figures/burglary-small-ps-converted-to.pdf>
Package pdftex.def Info: figures/burglary-small-ps-converted-to.pdf  used on in
put line 80.
(pdftex.def)             Requested size: 108.405pt x 108.40977pt.
 [8 <./figures/burglary-small-ps-converted-to.pdf>]
Package epstopdf Info: Source file: <figures/burglary-small.ps>
(epstopdf)                    date: 2026-07-15 08:15:02
(epstopdf)                    size: 13430 bytes
(epstopdf)             Output file: <figures/burglary-small-ps-converted-to.pdf
>
(epstopdf)                    date: 2026-07-16 22:34:45
(epstopdf)                    size: 4088 bytes
(epstopdf)             Command: <epstopdf figures/burglary-small.ps --outfile=f
igures/burglary-small-ps-converted-to.pdf>
(epstopdf)             \includegraphics on input line 96.
Package epstopdf Info: Output file is already uptodate.
File: figures/burglary-small-ps-converted-to.pdf Graphic file (type pdf)
<use figures/burglary-small-ps-converted-to.pdf>
Package pdftex.def Info: figures/burglary-small-ps-converted-to.pdf  used on in
put line 96.
(pdftex.def)             Requested size: 108.405pt x 108.40977pt.


LaTeX Font Warning: Command \Huge invalid in math mode on input line 100.

LaTeX Font Info:    External font `cmex10' loaded for size
(Font)              <24.88> on input line 100.
LaTeX Font Info:    External font `cmex10' loaded for size
(Font)              <17.28> on input line 100.
[9]
Package epstopdf Info: Source file: <figures/burglary-small.ps>
(epstopdf)                    date: 2026-07-15 08:15:02
(epstopdf)                    size: 13430 bytes
(epstopdf)             Output file: <figures/burglary-small-ps-converted-to.pdf
>
(epstopdf)                    date: 2026-07-16 22:34:45
(epstopdf)                    size: 4088 bytes
(epstopdf)             Command: <epstopdf figures/burglary-small.ps --outfile=f
igures/burglary-small-ps-converted-to.pdf>
(epstopdf)             \includegraphics on input line 110.
Package epstopdf Info: Output file is already uptodate.
File: figures/burglary-small-ps-converted-to.pdf Graphic file (type pdf)
<use figures/burglary-small-ps-converted-to.pdf>
Package pdftex.def Info: figures/burglary-small-ps-converted-to.pdf  used on in
put line 110.
(pdftex.def)             Requested size: 108.405pt x 108.40977pt.


LaTeX Font Warning: Command \Huge invalid in math mode on input line 114.

[10]
Package epstopdf Info: Source file: <figures/nondescendants.ps>
(epstopdf)                    date: 2026-07-15 08:15:05
(epstopdf)                    size: 19417 bytes
(epstopdf)             Output file: <figures/nondescendants-ps-converted-to.pdf
>
(epstopdf)                    date: 2026-07-16 22:34:47
(epstopdf)                    size: 6437 bytes
(epstopdf)             Command: <epstopdf figures/nondescendants.ps --outfile=f
igures/nondescendants-ps-converted-to.pdf>
(epstopdf)             \includegraphics on input line 131.
Package epstopdf Info: Output file is already uptodate.
<figures/nondescendants-ps-converted-to.pdf, id=66, 352.31625pt x 289.08pt>
File: figures/nondescendants-ps-converted-to.pdf Graphic file (type pdf)
<use figures/nondescendants-ps-converted-to.pdf>
Package pdftex.def Info: figures/nondescendants-ps-converted-to.pdf  used on in
put line 131.
(pdftex.def)             Requested size: 337.86412pt x 277.2225pt.
 [11 <./figures/nondescendants-ps-converted-to.pdf>]
LaTeX Font Info:    Calculating math sizes for size <25> on input line 138.


LaTeX Font Warning: Font shape `OT1/cmr/m/n' in size <12.5> not available
(Font)              size <12> substituted on input line 138.


LaTeX Font Warning: Font shape `OML/cmm/m/it' in size <12.5> not available
(Font)              size <12> substituted on input line 138.


LaTeX Font Warning: Font shape `OMS/cmsy/m/n' in size <12.5> not available
(Font)              size <12> substituted on input line 138.

LaTeX Font Info:    External font `cmex10' loaded for size
(Font)              <25> on input line 138.
LaTeX Font Info:    External font `cmex10' loaded for size
(Font)              <17.49992> on input line 138.
LaTeX Font Info:    External font `cmex10' loaded for size
(Font)              <12.5> on input line 138.
Package epstopdf Info: Source file: <figures/markov-blanket.ps>
(epstopdf)                    date: 2026-07-15 08:15:05
(epstopdf)                    size: 19355 bytes
(epstopdf)             Output file: <figures/markov-blanket-ps-converted-to.pdf
>
(epstopdf)                    date: 2026-07-16 22:34:50
(epstopdf)                    size: 5845 bytes
(epstopdf)             Command: <epstopdf figures/markov-blanket.ps --outfile=f
igures/markov-blanket-ps-converted-to.pdf>
(epstopdf)             \includegraphics on input line 146.
Package epstopdf Info: Output file is already uptodate.
<figures/markov-blanket-ps-converted-to.pdf, id=75, 352.31625pt x 331.2375pt>
File: figures/markov-blanket-ps-converted-to.pdf Graphic file (type pdf)
<use figures/markov-blanket-ps-converted-to.pdf>
Package pdftex.def Info: figures/markov-blanket-ps-converted-to.pdf  used on in
put line 146.
(pdftex.def)             Requested size: 307.14749pt x 288.77069pt.
[12 <./figures/markov-blanket-ps-converted-to.pdf>]

LaTeX Font Warning: Command \Huge invalid in math mode on input line 168.


LaTeX Font Warning: Command \Huge invalid in math mode on input line 168.

[13] [14]
Package epstopdf Info: Source file: <figures/burglary-make1c.ps>
(epstopdf)                    date: 2026-07-15 08:15:02
(epstopdf)                    size: 11382 bytes
(epstopdf)             Output file: <figures/burglary-make1c-ps-converted-to.pd
f>
(epstopdf)                    date: 2026-07-16 22:34:53
(epstopdf)                    size: 4145 bytes
(epstopdf)             Command: <epstopdf figures/burglary-make1c.ps --outfile=
figures/burglary-make1c-ps-converted-to.pdf>
(epstopdf)             \includegraphics on input line 178.
Package epstopdf Info: Output file is already uptodate.
<figures/burglary-make1c-ps-converted-to.pdf, id=91, 325.215pt x 283.0575pt>
File: figures/burglary-make1c-ps-converted-to.pdf Graphic file (type pdf)
<use figures/burglary-make1c-ps-converted-to.pdf>
Package pdftex.def Info: figures/burglary-make1c-ps-converted-to.pdf  used on i
nput line 178.
(pdftex.def)             Requested size: 307.14749pt x 267.35252pt.
 [15 <./figures/burglary-make1c-ps-converted-to.pdf>]
Package epstopdf Info: Source file: <figures/burglary-make2c.ps>
(epstopdf)                    date: 2026-07-15 08:15:02
(epstopdf)                    size: 12027 bytes
(epstopdf)             Output file: <figures/burglary-make2c-ps-converted-to.pd
f>
(epstopdf)                    date: 2026-07-16 22:35:01
(epstopdf)                    size: 4450 bytes
(epstopdf)             Command: <epstopdf figures/burglary-make2c.ps --outfile=
figures/burglary-make2c-ps-converted-to.pdf>
(epstopdf)             \includegraphics on input line 193.
Package epstopdf Info: Output file is already uptodate.
<figures/burglary-make2c-ps-converted-to.pdf, id=100, 325.215pt x 283.0575pt>
File: figures/burglary-make2c-ps-converted-to.pdf Graphic file (type pdf)
<use figures/burglary-make2c-ps-converted-to.pdf>
Package pdftex.def Info: figures/burglary-make2c-ps-converted-to.pdf  used on i
nput line 193.
(pdftex.def)             Requested size: 307.14749pt x 267.35252pt.
 [16 <./figures/burglary-make2c-ps-converted-to.pdf>]
Package epstopdf Info: Source file: <figures/burglary-make3c.ps>
(epstopdf)                    date: 2026-07-15 08:15:02
(epstopdf)                    size: 12896 bytes
(epstopdf)             Output file: <figures/burglary-make3c-ps-converted-to.pd
f>
(epstopdf)                    date: 2026-07-16 22:35:07
(epstopdf)                    size: 5025 bytes
(epstopdf)             Command: <epstopdf figures/burglary-make3c.ps --outfile=
figures/burglary-make3c-ps-converted-to.pdf>
(epstopdf)             \includegraphics on input line 208.
Package epstopdf Info: Output file is already uptodate.
<figures/burglary-make3c-ps-converted-to.pdf, id=109, 325.215pt x 283.0575pt>
File: figures/burglary-make3c-ps-converted-to.pdf Graphic file (type pdf)
<use figures/burglary-make3c-ps-converted-to.pdf>
Package pdftex.def Info: figures/burglary-make3c-ps-converted-to.pdf  used on i
nput line 208.
(pdftex.def)             Requested size: 307.14749pt x 267.35252pt.
 [17 <./figures/burglary-make3c-ps-converted-to.pdf>]
Package epstopdf Info: Source file: <figures/burglary-make4c.ps>
(epstopdf)                    date: 2026-07-15 08:15:02
(epstopdf)                    size: 13545 bytes
(epstopdf)             Output file: <figures/burglary-make4c-ps-converted-to.pd
f>
(epstopdf)                    date: 2026-07-16 22:35:10
(epstopdf)                    size: 5511 bytes
(epstopdf)             Command: <epstopdf figures/burglary-make4c.ps --outfile=
figures/burglary-make4c-ps-converted-to.pdf>
(epstopdf)             \includegraphics on input line 226.
Package epstopdf Info: Output file is already uptodate.
<figures/burglary-make4c-ps-converted-to.pdf, id=118, 325.215pt x 283.0575pt>
File: figures/burglary-make4c-ps-converted-to.pdf Graphic file (type pdf)
<use figures/burglary-make4c-ps-converted-to.pdf>
Package pdftex.def Info: figures/burglary-make4c-ps-converted-to.pdf  used on i
nput line 226.
(pdftex.def)             Requested size: 307.14749pt x 267.35252pt.
 [18 <./figures/burglary-make4c-ps-converted-to.pdf>] [19]
Package epstopdf Info: Source file: <figures/burglary-make5c.ps>
(epstopdf)                    date: 2026-07-15 08:15:02
(epstopdf)                    size: 13931 bytes
(epstopdf)             Output file: <figures/burglary-make5c-ps-converted-to.pd
f>
(epstopdf)                    date: 2026-07-16 22:35:42
(epstopdf)                    size: 5642 bytes
(epstopdf)             Command: <epstopdf figures/burglary-make5c.ps --outfile=
figures/burglary-make5c-ps-converted-to.pdf>
(epstopdf)             \includegraphics on input line 245.
Package epstopdf Info: Output file is already uptodate.
<figures/burglary-make5c-ps-converted-to.pdf, id=131, 325.215pt x 283.0575pt>
File: figures/burglary-make5c-ps-converted-to.pdf Graphic file (type pdf)
<use figures/burglary-make5c-ps-converted-to.pdf>
Package pdftex.def Info: figures/burglary-make5c-ps-converted-to.pdf  used on i
nput line 245.
(pdftex.def)             Requested size: 307.14749pt x 267.35252pt.
 [20 <./figures/burglary-make5c-ps-converted-to.pdf>] [21]
Package epstopdf Info: Source file: <figures/burglary-make5c.ps>
(epstopdf)                    date: 2026-07-15 08:15:02
(epstopdf)                    size: 13931 bytes
(epstopdf)             Output file: <figures/burglary-make5c-ps-converted-to.pd
f>
(epstopdf)                    date: 2026-07-16 22:35:42
(epstopdf)                    size: 5642 bytes
(epstopdf)             Command: <epstopdf figures/burglary-make5c.ps --outfile=
figures/burglary-make5c-ps-converted-to.pdf>
(epstopdf)             \includegraphics on input line 264.
Package epstopdf Info: Output file is already uptodate.
File: figures/burglary-make5c-ps-converted-to.pdf Graphic file (type pdf)
<use figures/burglary-make5c-ps-converted-to.pdf>
Package pdftex.def Info: figures/burglary-make5c-ps-converted-to.pdf  used on i
nput line 264.
(pdftex.def)             Requested size: 307.14749pt x 267.35252pt.
 [22] [23]
Package epstopdf Info: Source file: <figures/car-net.ps>
(epstopdf)                    date: 2026-07-15 08:15:02
(epstopdf)                    size: 20934 bytes
(epstopdf)             Output file: <figures/car-net-ps-converted-to.pdf>
(epstopdf)                    date: 2026-07-16 22:35:46
(epstopdf)                    size: 8813 bytes
(epstopdf)             Command: <epstopdf figures/car-net.ps --outfile=figures/
car-net-ps-converted-to.pdf>
(epstopdf)             \includegraphics on input line 288.
Package epstopdf Info: Output file is already uptodate.
<figures/car-net-ps-converted-to.pdf, id=149, 481.8pt x 250.9375pt>
File: figures/car-net-ps-converted-to.pdf Graphic file (type pdf)
<use figures/car-net-ps-converted-to.pdf>
Package pdftex.def Info: figures/car-net-ps-converted-to.pdf  used on input lin
e 288.
(pdftex.def)             Requested size: 645.01161pt x 335.97498pt.
 [24] [25 <./figures/car-net-ps-converted-to.pdf>]
Package epstopdf Info: Source file: <figures/insurance-net.ps>
(epstopdf)                    date: 2026-07-15 08:15:04
(epstopdf)                    size: 34777 bytes
(epstopdf)             Output file: <figures/insurance-net-ps-converted-to.pdf>

(epstopdf)                    date: 2026-07-16 22:35:49
(epstopdf)                    size: 13453 bytes
(epstopdf)             Command: <epstopdf figures/insurance-net.ps --outfile=fi
gures/insurance-net-ps-converted-to.pdf>
(epstopdf)             \includegraphics on input line 297.
Package epstopdf Info: Output file is already uptodate.
<figures/insurance-net-ps-converted-to.pdf, id=166, 606.265pt x 393.47pt>
File: figures/insurance-net-ps-converted-to.pdf Graphic file (type pdf)
<use figures/insurance-net-ps-converted-to.pdf>
Package pdftex.def Info: figures/insurance-net-ps-converted-to.pdf  used on inp
ut line 297.
(pdftex.def)             Requested size: 645.01161pt x 418.6252pt.
 [26] [27 <./figures/insurance-net-ps-converted-to.pdf>] [28]

LaTeX Font Warning: Command \Huge invalid in math mode on input line 330.

[29]

LaTeX Font Warning: Font shape `T5/cmss/m/it' in size <20.74> not available
(Font)              Font shape `T5/cmss/m/sl' tried instead on input line 351.

[30]
Package epstopdf Info: Source file: <figures/continuous-net.ps>
(epstopdf)                    date: 2026-07-15 08:15:02
(epstopdf)                    size: 12719 bytes
(epstopdf)             Output file: <figures/continuous-net-ps-converted-to.pdf
>
(epstopdf)                    date: 2026-07-16 22:35:53
(epstopdf)                    size: 5248 bytes
(epstopdf)             Command: <epstopdf figures/continuous-net.ps --outfile=f
igures/continuous-net-ps-converted-to.pdf>
(epstopdf)             \includegraphics on input line 362.
Package epstopdf Info: Output file is already uptodate.
<figures/continuous-net-ps-converted-to.pdf, id=187, 132.495pt x 119.44624pt>
File: figures/continuous-net-ps-converted-to.pdf Graphic file (type pdf)
<use figures/continuous-net-ps-converted-to.pdf>
Package pdftex.def Info: figures/continuous-net-ps-converted-to.pdf  used on in
put line 362.
(pdftex.def)             Requested size: 258.00276pt x 232.63852pt.
 [31 <./figures/continuous-net-ps-converted-to.pdf>] [32]
Package epstopdf Info: Source file: <graphs/linear-gaussian-true.ps>
(epstopdf)                    date: 2026-07-15 08:15:08
(epstopdf)                    size: 123414 bytes
(epstopdf)             Output file: <graphs/linear-gaussian-true-ps-converted-t
o.pdf>
(epstopdf)                    date: 2026-07-16 22:35:56
(epstopdf)                    size: 77518 bytes
(epstopdf)             Command: <epstopdf graphs/linear-gaussian-true.ps --outf
ile=graphs/linear-gaussian-true-ps-converted-to.pdf>
(epstopdf)             \includegraphics on input line 399.
Package epstopdf Info: Output file is already uptodate.
<graphs/linear-gaussian-true-ps-converted-to.pdf, id=201, 722.7pt x 505.89pt>
File: graphs/linear-gaussian-true-ps-converted-to.pdf Graphic file (type pdf)
<use graphs/linear-gaussian-true-ps-converted-to.pdf>
Package pdftex.def Info: graphs/linear-gaussian-true-ps-converted-to.pdf  used 
on input line 399.
(pdftex.def)             Requested size: 307.14749pt x 215.00426pt.
 [33 <./graphs/linear-gaussian-true-ps-converted-to.pdf>]
Package epstopdf Info: Source file: <graphs/probit.ps>
(epstopdf)                    date: 2026-07-15 08:15:08
(epstopdf)                    size: 4205 bytes
(epstopdf)             Output file: <graphs/probit-ps-converted-to.pdf>
(epstopdf)                    date: 2026-07-16 22:35:58
(epstopdf)                    size: 6672 bytes
(epstopdf)             Command: <epstopdf graphs/probit.ps --outfile=graphs/pro
bit-ps-converted-to.pdf>
(epstopdf)             \includegraphics on input line 421.
Package epstopdf Info: Output file is already uptodate.
<graphs/probit-ps-converted-to.pdf, id=210, 722.7pt x 505.89pt>
File: graphs/probit-ps-converted-to.pdf Graphic file (type pdf)
<use graphs/probit-ps-converted-to.pdf>
Package pdftex.def Info: graphs/probit-ps-converted-to.pdf  used on input line 
421.
(pdftex.def)             Requested size: 368.58073pt x 258.0082pt.
 [34 <./graphs/probit-ps-converted-to.pdf>] [35]
Package epstopdf Info: Source file: <figures/noisy-threshold.ps>
(epstopdf)                    date: 2026-07-15 08:15:05
(epstopdf)                    size: 14893 bytes
(epstopdf)             Output file: <figures/noisy-threshold-ps-converted-to.pd
f>
(epstopdf)                    date: 2026-07-16 22:36:00
(epstopdf)                    size: 5154 bytes
(epstopdf)             Command: <epstopdf figures/noisy-threshold.ps --outfile=
figures/noisy-threshold-ps-converted-to.pdf>
(epstopdf)             \includegraphics on input line 435.
Package epstopdf Info: Output file is already uptodate.
<figures/noisy-threshold-ps-converted-to.pdf, id=222, 233.87375pt x 168.63pt>
File: figures/noisy-threshold-ps-converted-to.pdf Graphic file (type pdf)
<use figures/noisy-threshold-ps-converted-to.pdf>
Package pdftex.def Info: figures/noisy-threshold-ps-converted-to.pdf  used on i
nput line 435.
(pdftex.def)             Requested size: 368.58073pt x 265.78918pt.
 [36 <./figures/noisy-threshold-ps-converted-to.pdf>]
Package epstopdf Info: Source file: <graphs/logit.ps>
(epstopdf)                    date: 2026-07-15 08:15:08
(epstopdf)                    size: 4336 bytes
(epstopdf)             Output file: <graphs/logit-ps-converted-to.pdf>
(epstopdf)                    date: 2026-07-16 22:36:03
(epstopdf)                    size: 7183 bytes
(epstopdf)             Command: <epstopdf graphs/logit.ps --outfile=graphs/logi
t-ps-converted-to.pdf>
(epstopdf)             \includegraphics on input line 450.
Package epstopdf Info: Output file is already uptodate.
<graphs/logit-ps-converted-to.pdf, id=231, 722.7pt x 505.89pt>
File: graphs/logit-ps-converted-to.pdf Graphic file (type pdf)
<use graphs/logit-ps-converted-to.pdf>
Package pdftex.def Info: graphs/logit-ps-converted-to.pdf  used on input line 4
50.
(pdftex.def)             Requested size: 368.58073pt x 258.0082pt.
 [37 <./graphs/logit-ps-converted-to.pdf>] [38] (chapter14a.aux)
 ***********
LaTeX2e <2025-11-01>
L3 programming layer <2025-12-24>
 ***********


LaTeX Font Warning: Size substitutions with differences
(Font)              up to 0.5pt have occurred.

 ) 
Here is how much of TeX's memory you used:
 3133 strings out of 467870
 52771 string characters out of 5418355
 445210 words of memory out of 5000000
 31978 multiletter control sequences out of 15000+600000
 642974 words of font info for 67 fonts, out of 8000000 for 9000
 1141 hyphenation exceptions out of 8191
 72i,9n,79p,256b,348s stack positions out of 10000i,1000n,20000p,200000b,200000s
<C:/Users/thanh/AppData/Local/Programs/MiKTeX/fonts/type1/public/amsfonts/cm/
cmex10.pfb><C:/Users/thanh/AppData/Local/Programs/MiKTeX/fonts/type1/public/ams
fonts/cm/cmmi12.pfb><C:/Users/thanh/AppData/Local/Programs/MiKTeX/fonts/type1/p
ublic/amsfonts/cm/cmr12.pfb><C:/Users/thanh/AppData/Local/Programs/MiKTeX/fonts
/type1/public/amsfonts/cm/cmr17.pfb><C:/Users/thanh/AppData/Local/Programs/MiKT
eX/fonts/type1/public/amsfonts/cm/cmsy10.pfb><C:/Users/thanh/AppData/Local/Prog
rams/MiKTeX/fonts/type1/vntex/vnr/vnbx12.pfb><C:/Users/thanh/AppData/Local/Prog
rams/MiKTeX/fonts/type1/vntex/vnr/vncsc10.pfb><C:/Users/thanh/AppData/Local/Pro
grams/MiKTeX/fonts/type1/vntex/vnr/vnr8.pfb><C:/Users/thanh/AppData/Local/Progr
ams/MiKTeX/fonts/type1/vntex/vnr/vnss17.pfb><C:/Users/thanh/AppData/Local/Progr
ams/MiKTeX/fonts/type1/vntex/vnr/vnssbx10.pfb>
Output written on chapter14a.pdf (38 pages, 336817 bytes).
PDF statistics:
 288 PDF objects out of 1000 (max. 8388607)
 0 named destinations out of 1000 (max. 500000)
 86 words of extra memory for PDF output out of 10000 (max. 10000000)

