This is pdfTeX, Version 3.141592653-2.6-1.40.28 (MiKTeX 25.12) (preloaded format=pdflatex 2026.6.24)  16 JUL 2026 17:19
entering extended mode
 \write18 enabled.
 %&-line parsing enabled.
**./chapter06.tex
(chapter06.tex
LaTeX2e <2025-11-01>
L3 programming layer <2025-12-24>
(C:\Users\thanh\AppData\Local\Programs\MiKTeX\tex/latex/base\article.cls
Document Class: article 2025/01/22 v1.4n Standard LaTeX document class
(C:\Users\thanh\AppData\Local\Programs\MiKTeX\tex/latex/base\size10.clo
File: size10.clo 2025/01/22 v1.4n Standard LaTeX file (size option)
)
\c@part=\count275
\c@section=\count276
\c@subsection=\count277
\c@subsubsection=\count278
\c@paragraph=\count279
\c@subparagraph=\count280
\c@figure=\count281
\c@table=\count282
\abovecaptionskip=\skip49
\belowcaptionskip=\skip50
\bibindent=\dimen148
)
(C:\Users\thanh\AppData\Local\Programs\MiKTeX\tex/latex/base\fleqn.sty

LaTeX Warning: inputting `fleqn.clo' instead of obsolete `fleqn.sty'.

(C:\Users\thanh\AppData\Local\Programs\MiKTeX\tex/latex/base\fleqn.clo
File: fleqn.clo 2016/12/29 v1.2b Standard LaTeX option (flush left equations)
\mathindent=\skip51
Applying: [2015/01/01] Make \[ robust on input line 50.
LaTeX Info: Redefining \[ on input line 51.
Already applied: [0000/00/00] Make \[ robust on input line 62.
Applying: [2015/01/01] Make \] robust on input line 74.
LaTeX Info: Redefining \] on input line 75.
Already applied: [0000/00/00] Make \] robust on input line 83.
))
(epsf.sty
Package: epsf 2026/07/16 Modern replacement using graphicx

(C:\Users\thanh\AppData\Local\Programs\MiKTeX\tex/latex/graphics\graphicx.sty
Package: graphicx 2024/12/31 v1.2e Enhanced LaTeX Graphics (DPC,SPQR)

(C:\Users\thanh\AppData\Local\Programs\MiKTeX\tex/latex/graphics\keyval.sty
Package: keyval 2022/05/29 v1.15 key=value parser (DPC)
\KV@toks@=\toks17
)
(C:\Users\thanh\AppData\Local\Programs\MiKTeX\tex/latex/graphics\graphics.sty
Package: graphics 2024/08/06 v1.4g Standard LaTeX Graphics (DPC,SPQR)

(C:\Users\thanh\AppData\Local\Programs\MiKTeX\tex/latex/graphics\trig.sty
Package: trig 2023/12/02 v1.11 sin cos tan (DPC)
)
(C:\Users\thanh\AppData\Local\Programs\MiKTeX\tex/latex/graphics-cfg\graphics.c
fg
File: graphics.cfg 2016/06/04 v1.11 sample graphics configuration
)
Package graphics Info: Driver file: pdftex.def on input line 106.

(C:\Users\thanh\AppData\Local\Programs\MiKTeX\tex/latex/graphics-def\pdftex.def
File: pdftex.def 2025/09/29 v1.2d Graphics/color driver for pdftex
))
\Gin@req@height=\dimen149
\Gin@req@width=\dimen150
)
(C:\Users\thanh\AppData\Local\Programs\MiKTeX\tex/latex/epstopdf-pkg\epstopdf.s
ty
Package: epstopdf 2020-01-24 v2.11 Conversion with epstopdf on the fly (HO)

(C:\Users\thanh\AppData\Local\Programs\MiKTeX\tex/generic/infwarerr\infwarerr.s
ty
Package: infwarerr 2019/12/03 v1.5 Providing info/warning/error messages (HO)
) (C:\Users\thanh\AppData\Local\Programs\MiKTeX\tex/latex/grfext\grfext.sty
Package: grfext 2019/12/03 v1.3 Manage graphics extensions (HO)

(C:\Users\thanh\AppData\Local\Programs\MiKTeX\tex/generic/kvdefinekeys\kvdefine
keys.sty
Package: kvdefinekeys 2019-12-19 v1.6 Define keys (HO)
))
(C:\Users\thanh\AppData\Local\Programs\MiKTeX\tex/latex/kvoptions\kvoptions.sty
Package: kvoptions 2022-06-15 v3.15 Key value format for package options (HO)
(C:\Users\thanh\AppData\Local\Programs\MiKTeX\tex/generic/ltxcmds\ltxcmds.sty
Package: ltxcmds 2023-12-04 v1.26 LaTeX kernel commands for general use (HO)
)
(C:\Users\thanh\AppData\Local\Programs\MiKTeX\tex/latex/kvsetkeys\kvsetkeys.sty
Package: kvsetkeys 2022-10-05 v1.19 Key value parser (HO)
))
(C:\Users\thanh\AppData\Local\Programs\MiKTeX\tex/generic/pdftexcmds\pdftexcmds
.sty
Package: pdftexcmds 2020-06-27 v0.33 Utility functions of pdfTeX for LuaTeX (HO
)
 (C:\Users\thanh\AppData\Local\Programs\MiKTeX\tex/generic/iftex\iftex.sty
Package: iftex 2024/12/12 v1.0g TeX engine tests
)
Package pdftexcmds Info: \pdf@primitive is available.
Package pdftexcmds Info: \pdf@ifprimitive is available.
Package pdftexcmds Info: \pdfdraftmode found.
)
(C:\Users\thanh\AppData\Local\Programs\MiKTeX\tex/latex/epstopdf-pkg\epstopdf-b
ase.sty
Package: epstopdf-base 2020-01-24 v2.11 Base part for package epstopdf
Package epstopdf-base Info: Redefining graphics rule for `.eps' on input line 4
85.
Package grfext Info: Graphics extension search list:
(grfext)             [.pdf,.png,.jpg,.mps,.jpeg,.jbig2,.jb2,.PDF,.PNG,.JPG,.JPE
G,.JBIG2,.JB2,.eps]
(grfext)             \AppendGraphicsExtensions on input line 504.

(C:\Users\thanh\AppData\Local\Programs\MiKTeX\tex/latex/00miktex\epstopdf-sys.c
fg
File: epstopdf-sys.cfg 2021/03/18 v2.0 Configuration of epstopdf for MiKTeX
)))
Package grfext Info: Graphics extension search list:
(grfext)             [.pdf,.png,.jpg,.mps,.jpeg,.jbig2,.jb2,.PDF,.PNG,.JPG,.JPE
G,.JBIG2,.JB2,.eps,.ps]
(grfext)             \AppendGraphicsExtensions on input line 11.
\epsfxsize=\skip52
\epsfysize=\skip53
)
(C:\Users\thanh\AppData\Local\Programs\MiKTeX\tex/latex/graphics\color.sty
Package: color 2025/01/14 v1.3e Standard LaTeX Color (DPC)

(C:\Users\thanh\AppData\Local\Programs\MiKTeX\tex/latex/graphics-cfg\color.cfg
File: color.cfg 2016/01/02 v1.6 sample color configuration
)
Package color Info: Driver file: pdftex.def on input line 149.
(C:\Users\thanh\AppData\Local\Programs\MiKTeX\tex/latex/graphics\mathcolor.ltx)
) (aima2e-slides.sty
(C:\Users\thanh\AppData\Local\Programs\MiKTeX\tex/latex/base\fontenc.sty
Package: fontenc 2025/07/18 v2.1d Standard LaTeX package

(C:\Users\thanh\AppData\Local\Programs\MiKTeX\tex/latex/vntex\t5enc.def
File: t5enc.def 2006/11/21 v1.4 Vietnamese T5 encoding
Now handling font encoding T5 ...
... processing UTF-8 mapping file for font encoding T5

(C:\Users\thanh\AppData\Local\Programs\MiKTeX\tex/latex/vntex\t5enc.dfu
File: t5enc.dfu 2006/08/19 v1.1 UTF8 support for Vietnamese
   defining Unicode char U+00AB (decimal 171)
   defining Unicode char U+00BB (decimal 187)
   defining Unicode char U+00C0 (decimal 192)
   defining Unicode char U+00C1 (decimal 193)
   defining Unicode char U+00C2 (decimal 194)
   defining Unicode char U+00C3 (decimal 195)
   defining Unicode char U+00C8 (decimal 200)
   defining Unicode char U+00C9 (decimal 201)
   defining Unicode char U+00CA (decimal 202)
   defining Unicode char U+00CC (decimal 204)
   defining Unicode char U+00CD (decimal 205)
   defining Unicode char U+00D2 (decimal 210)
   defining Unicode char U+00D3 (decimal 211)
   defining Unicode char U+00D4 (decimal 212)
   defining Unicode char U+00D5 (decimal 213)
   defining Unicode char U+00D9 (decimal 217)
   defining Unicode char U+00DA (decimal 218)
   defining Unicode char U+00DD (decimal 221)
   defining Unicode char U+00E0 (decimal 224)
   defining Unicode char U+00E1 (decimal 225)
   defining Unicode char U+00E2 (decimal 226)
   defining Unicode char U+00E3 (decimal 227)
   defining Unicode char U+00E8 (decimal 232)
   defining Unicode char U+00E9 (decimal 233)
   defining Unicode char U+00EA (decimal 234)
   defining Unicode char U+00EC (decimal 236)
   defining Unicode char U+00ED (decimal 237)
   defining Unicode char U+00F2 (decimal 242)
   defining Unicode char U+00F3 (decimal 243)
   defining Unicode char U+00F4 (decimal 244)
   defining Unicode char U+00F5 (decimal 245)
   defining Unicode char U+00F9 (decimal 249)
   defining Unicode char U+00FA (decimal 250)
   defining Unicode char U+00FD (decimal 253)
   defining Unicode char U+0102 (decimal 258)
   defining Unicode char U+0103 (decimal 259)
   defining Unicode char U+0110 (decimal 272)
   defining Unicode char U+0111 (decimal 273)
   defining Unicode char U+0128 (decimal 296)
   defining Unicode char U+0129 (decimal 297)
   defining Unicode char U+0131 (decimal 305)
   defining Unicode char U+0168 (decimal 360)
   defining Unicode char U+0169 (decimal 361)
   defining Unicode char U+01A0 (decimal 416)
   defining Unicode char U+01A1 (decimal 417)
   defining Unicode char U+01AF (decimal 431)
   defining Unicode char U+01B0 (decimal 432)
   defining Unicode char U+1EA0 (decimal 7840)
   defining Unicode char U+1EA1 (decimal 7841)
   defining Unicode char U+1EA2 (decimal 7842)
   defining Unicode char U+1EA3 (decimal 7843)
   defining Unicode char U+1EA4 (decimal 7844)
   defining Unicode char U+1EA5 (decimal 7845)
   defining Unicode char U+1EA6 (decimal 7846)
   defining Unicode char U+1EA7 (decimal 7847)
   defining Unicode char U+1EA8 (decimal 7848)
   defining Unicode char U+1EA9 (decimal 7849)
   defining Unicode char U+1EAA (decimal 7850)
   defining Unicode char U+1EAB (decimal 7851)
   defining Unicode char U+1EAC (decimal 7852)
   defining Unicode char U+1EAD (decimal 7853)
   defining Unicode char U+1EAE (decimal 7854)
   defining Unicode char U+1EAF (decimal 7855)
   defining Unicode char U+1EB0 (decimal 7856)
   defining Unicode char U+1EB1 (decimal 7857)
   defining Unicode char U+1EB2 (decimal 7858)
   defining Unicode char U+1EB3 (decimal 7859)
   defining Unicode char U+1EB4 (decimal 7860)
   defining Unicode char U+1EB5 (decimal 7861)
   defining Unicode char U+1EB6 (decimal 7862)
   defining Unicode char U+1EB7 (decimal 7863)
   defining Unicode char U+1EB8 (decimal 7864)
   defining Unicode char U+1EB9 (decimal 7865)
   defining Unicode char U+1EBA (decimal 7866)
   defining Unicode char U+1EBB (decimal 7867)
   defining Unicode char U+1EBC (decimal 7868)
   defining Unicode char U+1EBD (decimal 7869)
   defining Unicode char U+1EBE (decimal 7870)
   defining Unicode char U+1EBF (decimal 7871)
   defining Unicode char U+1EC0 (decimal 7872)
   defining Unicode char U+1EC1 (decimal 7873)
   defining Unicode char U+1EC2 (decimal 7874)
   defining Unicode char U+1EC3 (decimal 7875)
   defining Unicode char U+1EC4 (decimal 7876)
   defining Unicode char U+1EC5 (decimal 7877)
   defining Unicode char U+1EC6 (decimal 7878)
   defining Unicode char U+1EC7 (decimal 7879)
   defining Unicode char U+1EC8 (decimal 7880)
   defining Unicode char U+1EC9 (decimal 7881)
   defining Unicode char U+1ECA (decimal 7882)
   defining Unicode char U+1ECB (decimal 7883)
   defining Unicode char U+1ECC (decimal 7884)
   defining Unicode char U+1ECD (decimal 7885)
   defining Unicode char U+1ECE (decimal 7886)
   defining Unicode char U+1ECF (decimal 7887)
   defining Unicode char U+1ED0 (decimal 7888)
   defining Unicode char U+1ED1 (decimal 7889)
   defining Unicode char U+1ED2 (decimal 7890)
   defining Unicode char U+1ED3 (decimal 7891)
   defining Unicode char U+1ED4 (decimal 7892)
   defining Unicode char U+1ED5 (decimal 7893)
   defining Unicode char U+1ED6 (decimal 7894)
   defining Unicode char U+1ED7 (decimal 7895)
   defining Unicode char U+1ED8 (decimal 7896)
   defining Unicode char U+1ED9 (decimal 7897)
   defining Unicode char U+1EDA (decimal 7898)
   defining Unicode char U+1EDB (decimal 7899)
   defining Unicode char U+1EDC (decimal 7900)
   defining Unicode char U+1EDD (decimal 7901)
   defining Unicode char U+1EDE (decimal 7902)
   defining Unicode char U+1EDF (decimal 7903)
   defining Unicode char U+1EE0 (decimal 7904)
   defining Unicode char U+1EE1 (decimal 7905)
   defining Unicode char U+1EE2 (decimal 7906)
   defining Unicode char U+1EE3 (decimal 7907)
   defining Unicode char U+1EE4 (decimal 7908)
   defining Unicode char U+1EE5 (decimal 7909)
   defining Unicode char U+1EE6 (decimal 7910)
   defining Unicode char U+1EE7 (decimal 7911)
   defining Unicode char U+1EE8 (decimal 7912)
   defining Unicode char U+1EE9 (decimal 7913)
   defining Unicode char U+1EEA (decimal 7914)
   defining Unicode char U+1EEB (decimal 7915)
   defining Unicode char U+1EEC (decimal 7916)
   defining Unicode char U+1EED (decimal 7917)
   defining Unicode char U+1EEE (decimal 7918)
   defining Unicode char U+1EEF (decimal 7919)
   defining Unicode char U+1EF0 (decimal 7920)
   defining Unicode char U+1EF1 (decimal 7921)
   defining Unicode char U+1EF2 (decimal 7922)
   defining Unicode char U+1EF3 (decimal 7923)
   defining Unicode char U+1EF4 (decimal 7924)
   defining Unicode char U+1EF5 (decimal 7925)
   defining Unicode char U+1EF6 (decimal 7926)
   defining Unicode char U+1EF7 (decimal 7927)
   defining Unicode char U+1EF8 (decimal 7928)
   defining Unicode char U+1EF9 (decimal 7929)
   defining Unicode char U+200C (decimal 8204)
   defining Unicode char U+2013 (decimal 8211)
   defining Unicode char U+2014 (decimal 8212)
   defining Unicode char U+2018 (decimal 8216)
   defining Unicode char U+2019 (decimal 8217)
   defining Unicode char U+201A (decimal 8218)
   defining Unicode char U+201C (decimal 8220)
   defining Unicode char U+201D (decimal 8221)
   defining Unicode char U+201E (decimal 8222)
   defining Unicode char U+2030 (decimal 8240)
   defining Unicode char U+2031 (decimal 8241)
   defining Unicode char U+2039 (decimal 8249)
   defining Unicode char U+203A (decimal 8250)
   defining Unicode char U+2423 (decimal 9251)
))
LaTeX Font Info:    Trying to load font information for T5+cmr on input line 11
6.

(C:\Users\thanh\AppData\Local\Programs\MiKTeX\tex/latex/vntex\t5cmr.fd
File: t5cmr.fd 1999/05/25 v2.5h Standard LaTeX font definitions
))
(C:\Users\thanh\AppData\Local\Programs\MiKTeX\tex/latex/base\inputenc.sty
Package: inputenc 2024/02/08 v1.3d Input encoding file
\inpenc@prehook=\toks18
\inpenc@posthook=\toks19
)
Package color Info: Redefining color red on input line 7.
Package color Info: Redefining color cyan on input line 14.
\headingwidth=\skip54
\backdrop=\skip55
\backheight=\skip56
\backwidth=\skip57
\xborder=\skip58
\yborder=\skip59
\headtotal=\skip60
\codewidth=\skip61
\boxwidth=\skip62
\boxheight=\skip63
\skipwidth=\skip64
\roomheight=\skip65
\charheight=\skip66
\marginlineskip=\skip67
\marginwidth=\skip68
\textplusmarginwidth=\skip69
\maxfigwidth=\skip70
\tablewidth=\skip71
\captionskip=\skip72
\tcaptionskip=\skip73
)
(C:\Users\thanh\AppData\Local\Programs\MiKTeX\tex/latex/l3backend\l3backend-pdf
tex.def
File: l3backend-pdftex.def 2025-10-09 L3 backend support: PDF output (pdfTeX)
\l__color_backend_stack_int=\count283
) (chapter06.aux)
\openout1 = `chapter06.aux'.

LaTeX Font Info:    Checking defaults for OML/cmm/m/it on input line 7.
LaTeX Font Info:    ... okay on input line 7.
LaTeX Font Info:    Checking defaults for OMS/cmsy/m/n on input line 7.
LaTeX Font Info:    ... okay on input line 7.
LaTeX Font Info:    Checking defaults for OT1/cmr/m/n on input line 7.
LaTeX Font Info:    ... okay on input line 7.
LaTeX Font Info:    Checking defaults for T1/cmr/m/n on input line 7.
LaTeX Font Info:    ... okay on input line 7.
LaTeX Font Info:    Checking defaults for TS1/cmr/m/n on input line 7.
LaTeX Font Info:    ... okay on input line 7.
LaTeX Font Info:    Checking defaults for OMX/cmex/m/n on input line 7.
LaTeX Font Info:    ... okay on input line 7.
LaTeX Font Info:    Checking defaults for U/cmr/m/n on input line 7.
LaTeX Font Info:    ... okay on input line 7.
LaTeX Font Info:    Checking defaults for T5/cmr/m/n on input line 7.
LaTeX Font Info:    ... okay on input line 7.

(C:\Users\thanh\AppData\Local\Programs\MiKTeX\tex/context/base/mkii\supp-pdf.mk
ii
[Loading MPS to PDF converter (version 2006.09.02).]
\scratchcounter=\count284
\scratchdimen=\dimen151
\scratchbox=\box53
\nofMPsegments=\count285
\nofMParguments=\count286
\everyMPshowfont=\toks20
\MPscratchCnt=\count287
\MPscratchDim=\dimen152
\MPnumerator=\count288
\makeMPintoPDFobject=\count289
\everyMPtoPDFconversion=\toks21
) [1


Non-PDF special ignored!
<special> papersize=11in,8.5in
{C:/Users/thanh/AppData/Local/MiKTeX/fonts/map/pdftex/pdftex.map}]
LaTeX Font Info:    Trying to load font information for T5+cmss on input line 1
2.

(C:\Users\thanh\AppData\Local\Programs\MiKTeX\tex/latex/vntex\t5cmss.fd
File: t5cmss.fd 1999/05/25 v2.5h Standard LaTeX font definitions
)
LaTeX Font Info:    External font `cmex10' loaded for size
(Font)              <20.74> on input line 17.
LaTeX Font Info:    External font `cmex10' loaded for size
(Font)              <14.4> on input line 17.
LaTeX Font Info:    External font `cmex10' loaded for size
(Font)              <12> on input line 17.

[2] [3]
Package epstopdf Info: Source file: <figures/game-types.ps>
(epstopdf)                    date: 2026-07-15 08:15:04
(epstopdf)                    size: 12348 bytes
(epstopdf)             Output file: <figures/game-types-ps-converted-to.pdf>
(epstopdf)                    date: 2026-07-16 17:05:19
(epstopdf)                    size: 5192 bytes
(epstopdf)             Command: <epstopdf figures/game-types.ps --outfile=figur
es/game-types-ps-converted-to.pdf>
(epstopdf)             \includegraphics on input line 56.
Package epstopdf Info: Output file is already uptodate.
<figures/game-types-ps-converted-to.pdf, id=18, 381.425pt x 101.37875pt>
File: figures/game-types-ps-converted-to.pdf Graphic file (type pdf)
<use figures/game-types-ps-converted-to.pdf>
Package pdftex.def Info: figures/game-types-ps-converted-to.pdf  used on input 
line 56.
(pdftex.def)             Requested size: 645.01161pt x 171.45828pt.
 [4 <./figures/game-types-ps-converted-to.pdf>]
Package epstopdf Info: Source file: <figures/tictactoe.ps>
(epstopdf)                    date: 2026-07-15 08:15:06
(epstopdf)                    size: 44067 bytes
(epstopdf)             Output file: <figures/tictactoe-ps-converted-to.pdf>
(epstopdf)                    date: 2026-07-16 17:05:21
(epstopdf)                    size: 6163 bytes
(epstopdf)             Command: <epstopdf figures/tictactoe.ps --outfile=figure
s/tictactoe-ps-converted-to.pdf>
(epstopdf)             \includegraphics on input line 66.
Package epstopdf Info: Output file is already uptodate.
<figures/tictactoe-ps-converted-to.pdf, id=27, 637.38126pt x 453.695pt>
File: figures/tictactoe-ps-converted-to.pdf Graphic file (type pdf)
<use figures/tictactoe-ps-converted-to.pdf>
Package pdftex.def Info: figures/tictactoe-ps-converted-to.pdf  used on input l
ine 66.
(pdftex.def)             Requested size: 552.86174pt x 393.53459pt.
 [5 <./figures/tictactoe-ps-converted-to.pdf>]
Package epstopdf Info: Source file: <figures/minimax.ps>
(epstopdf)                    date: 2026-07-15 08:15:05
(epstopdf)                    size: 22464 bytes
(epstopdf)             Output file: <figures/minimax-ps-converted-to.pdf>
(epstopdf)                    date: 2026-07-16 17:05:23
(epstopdf)                    size: 5758 bytes
(epstopdf)             Command: <epstopdf figures/minimax.ps --outfile=figures/
minimax-ps-converted-to.pdf>
(epstopdf)             \includegraphics on input line 79.
Package epstopdf Info: Output file is already uptodate.
<figures/minimax-ps-converted-to.pdf, id=37, 342.27875pt x 144.54pt>
File: figures/minimax-ps-converted-to.pdf Graphic file (type pdf)
<use figures/minimax-ps-converted-to.pdf>
Package pdftex.def Info: figures/minimax-ps-converted-to.pdf  used on input lin
e 79.
(pdftex.def)             Requested size: 491.43787pt x 207.54413pt.
 [6 <./figures/minimax-ps-converted-to.pdf>]
(algorithms/minimax-algorithm.tex
LaTeX Font Info:    External font `cmex10' loaded for size
(Font)              <17.28> on input line 18.
)
Overfull \hbox (3.55833pt too wide) in paragraph at lines 1--87
 []  
 []

[7] [8] [9] [10] [11] [12]
LaTeX Font Info:    Calculating math sizes for size <25> on input line 141.


LaTeX Font Warning: Font shape `OT1/cmr/m/n' in size <12.5> not available
(Font)              size <12> substituted on input line 141.


LaTeX Font Warning: Font shape `OML/cmm/m/it' in size <12.5> not available
(Font)              size <12> substituted on input line 141.


LaTeX Font Warning: Font shape `OMS/cmsy/m/n' in size <12.5> not available
(Font)              size <12> substituted on input line 141.

LaTeX Font Info:    External font `cmex10' loaded for size
(Font)              <25> on input line 141.
LaTeX Font Info:    External font `cmex10' loaded for size
(Font)              <17.49992> on input line 141.
LaTeX Font Info:    External font `cmex10' loaded for size
(Font)              <12.5> on input line 141.
Package epstopdf Info: Source file: <figures/alpha-beta-progress1c.ps>
(epstopdf)                    date: 2026-07-15 08:15:01
(epstopdf)                    size: 14101 bytes
(epstopdf)             Output file: <figures/alpha-beta-progress1c-ps-converted
-to.pdf>
(epstopdf)                    date: 2026-07-16 17:05:24
(epstopdf)                    size: 4706 bytes
(epstopdf)             Command: <epstopdf figures/alpha-beta-progress1c.ps --ou
tfile=figures/alpha-beta-progress1c-ps-converted-to.pdf>
(epstopdf)             \includegraphics on input line 146.
Package epstopdf Info: Output file is already uptodate.
<figures/alpha-beta-progress1c-ps-converted-to.pdf, id=71, 379.4175pt x 173.648
74pt>
File: figures/alpha-beta-progress1c-ps-converted-to.pdf Graphic file (type pdf)

<use figures/alpha-beta-progress1c-ps-converted-to.pdf>
Package pdftex.def Info: figures/alpha-beta-progress1c-ps-converted-to.pdf  use
d on input line 146.
(pdftex.def)             Requested size: 552.86174pt x 253.05606pt.
[13 <./figures/alpha-beta-progress1c-ps-converted-to.pdf>]
Package epstopdf Info: Source file: <figures/alpha-beta-progress2c.ps>
(epstopdf)                    date: 2026-07-15 08:15:01
(epstopdf)                    size: 16579 bytes
(epstopdf)             Output file: <figures/alpha-beta-progress2c-ps-converted
-to.pdf>
(epstopdf)                    date: 2026-07-16 17:05:27
(epstopdf)                    size: 4953 bytes
(epstopdf)             Command: <epstopdf figures/alpha-beta-progress2c.ps --ou
tfile=figures/alpha-beta-progress2c-ps-converted-to.pdf>
(epstopdf)             \includegraphics on input line 156.
Package epstopdf Info: Output file is already uptodate.
<figures/alpha-beta-progress2c-ps-converted-to.pdf, id=84, 379.4175pt x 173.648
74pt>
File: figures/alpha-beta-progress2c-ps-converted-to.pdf Graphic file (type pdf)

<use figures/alpha-beta-progress2c-ps-converted-to.pdf>
Package pdftex.def Info: figures/alpha-beta-progress2c-ps-converted-to.pdf  use
d on input line 156.
(pdftex.def)             Requested size: 552.86174pt x 253.05606pt.
 [14 <./figures/alpha-beta-progress2c-ps-converted-to.pdf>]
Package epstopdf Info: Source file: <figures/alpha-beta-progress3c.ps>
(epstopdf)                    date: 2026-07-15 08:15:01
(epstopdf)                    size: 18289 bytes
(epstopdf)             Output file: <figures/alpha-beta-progress3c-ps-converted
-to.pdf>
(epstopdf)                    date: 2026-07-16 17:05:29
(epstopdf)                    size: 5155 bytes
(epstopdf)             Command: <epstopdf figures/alpha-beta-progress3c.ps --ou
tfile=figures/alpha-beta-progress3c-ps-converted-to.pdf>
(epstopdf)             \includegraphics on input line 165.
Package epstopdf Info: Output file is already uptodate.
<figures/alpha-beta-progress3c-ps-converted-to.pdf, id=96, 379.4175pt x 173.648
74pt>
File: figures/alpha-beta-progress3c-ps-converted-to.pdf Graphic file (type pdf)

<use figures/alpha-beta-progress3c-ps-converted-to.pdf>
Package pdftex.def Info: figures/alpha-beta-progress3c-ps-converted-to.pdf  use
d on input line 165.
(pdftex.def)             Requested size: 552.86174pt x 253.05606pt.
 [15 <./figures/alpha-beta-progress3c-ps-converted-to.pdf>]
Package epstopdf Info: Source file: <figures/alpha-beta-progress4c.ps>
(epstopdf)                    date: 2026-07-15 08:15:01
(epstopdf)                    size: 20298 bytes
(epstopdf)             Output file: <figures/alpha-beta-progress4c-ps-converted
-to.pdf>
(epstopdf)                    date: 2026-07-16 17:05:31
(epstopdf)                    size: 5369 bytes
(epstopdf)             Command: <epstopdf figures/alpha-beta-progress4c.ps --ou
tfile=figures/alpha-beta-progress4c-ps-converted-to.pdf>
(epstopdf)             \includegraphics on input line 175.
Package epstopdf Info: Output file is already uptodate.
<figures/alpha-beta-progress4c-ps-converted-to.pdf, id=108, 381.425pt x 174.652
5pt>
File: figures/alpha-beta-progress4c-ps-converted-to.pdf Graphic file (type pdf)

<use figures/alpha-beta-progress4c-ps-converted-to.pdf>
Package pdftex.def Info: figures/alpha-beta-progress4c-ps-converted-to.pdf  use
d on input line 175.
(pdftex.def)             Requested size: 552.86174pt x 253.18367pt.
 [16 <./figures/alpha-beta-progress4c-ps-converted-to.pdf>]
Package epstopdf Info: Source file: <figures/alpha-beta-progress5c.ps>
(epstopdf)                    date: 2026-07-15 08:15:01
(epstopdf)                    size: 22558 bytes
(epstopdf)             Output file: <figures/alpha-beta-progress5c-ps-converted
-to.pdf>
(epstopdf)                    date: 2026-07-16 17:05:33
(epstopdf)                    size: 5489 bytes
(epstopdf)             Command: <epstopdf figures/alpha-beta-progress5c.ps --ou
tfile=figures/alpha-beta-progress5c-ps-converted-to.pdf>
(epstopdf)             \includegraphics on input line 185.
Package epstopdf Info: Output file is already uptodate.
<figures/alpha-beta-progress5c-ps-converted-to.pdf, id=120, 380.42125pt x 174.6
525pt>
File: figures/alpha-beta-progress5c-ps-converted-to.pdf Graphic file (type pdf)

<use figures/alpha-beta-progress5c-ps-converted-to.pdf>
Package pdftex.def Info: figures/alpha-beta-progress5c-ps-converted-to.pdf  use
d on input line 185.
(pdftex.def)             Requested size: 552.86174pt x 253.84991pt.

[17 <./figures/alpha-beta-progress5c-ps-converted-to.pdf>]
Package epstopdf Info: Source file: <figures/alpha-beta-general.ps>
(epstopdf)                    date: 2026-07-15 08:15:01
(epstopdf)                    size: 14628 bytes
(epstopdf)             Output file: <figures/alpha-beta-general-ps-converted-to
.pdf>
(epstopdf)                    date: 2026-07-16 17:05:36
(epstopdf)                    size: 5983 bytes
(epstopdf)             Command: <epstopdf figures/alpha-beta-general.ps --outfi
le=figures/alpha-beta-general-ps-converted-to.pdf>
(epstopdf)             \includegraphics on input line 197.
Package epstopdf Info: Output file is already uptodate.
<figures/alpha-beta-general-ps-converted-to.pdf, id=132, 243.91125pt x 264.99pt
>
File: figures/alpha-beta-general-ps-converted-to.pdf Graphic file (type pdf)
<use figures/alpha-beta-general-ps-converted-to.pdf>
Package pdftex.def Info: figures/alpha-beta-general-ps-converted-to.pdf  used o
n input line 197.
(pdftex.def)             Requested size: 245.71425pt x 266.9504pt.
 [18 <./figures/alpha-beta-general-ps-converted-to.pdf>] (algorithms/alpha-beta
-algorithm.tex)
Overfull \hbox (3.55833pt too wide) in paragraph at lines 1--218
 []  
 []

[19]

LaTeX Font Warning: Font shape `OT1/cmr/m/it' in size <12.5> not available
(Font)              size <12> substituted on input line 222.


LaTeX Font Warning: Font shape `T5/cmss/m/it' in size <20.74> not available
(Font)              Font shape `T5/cmss/m/sl' tried instead on input line 224.

[20] [21] [22]
Package epstopdf Info: Source file: <figures/chess-evaluation-bc.ps>
(epstopdf)                    date: 2026-07-15 08:15:02
(epstopdf)                    size: 136230 bytes
(epstopdf)             Output file: <figures/chess-evaluation-bc-ps-converted-t
o.pdf>
(epstopdf)                    date: 2026-07-16 17:05:37
(epstopdf)                    size: 19427 bytes
(epstopdf)             Command: <epstopdf figures/chess-evaluation-bc.ps --outf
ile=figures/chess-evaluation-bc-ps-converted-to.pdf>
(epstopdf)             \includegraphics on input line 260.
Package epstopdf Info: Output file is already uptodate.
<figures/chess-evaluation-bc-ps-converted-to.pdf, id=162, 283.0575pt x 131.4912
6pt>
File: figures/chess-evaluation-bc-ps-converted-to.pdf Graphic file (type pdf)
<use figures/chess-evaluation-bc-ps-converted-to.pdf>
Package pdftex.def Info: figures/chess-evaluation-bc-ps-converted-to.pdf  used 
on input line 260.
(pdftex.def)             Requested size: 583.57837pt x 271.14786pt.


LaTeX Font Warning: Command \sc invalid in math mode on input line 265.

[23 <./figures/chess-evaluation-bc-ps-converted-to.pdf>] [24]
Package epstopdf Info: Source file: <figures/ordinal-utility.ps>
(epstopdf)                    date: 2026-07-15 08:15:05
(epstopdf)                    size: 17415 bytes
(epstopdf)             Output file: <figures/ordinal-utility-ps-converted-to.pd
f>
(epstopdf)                    date: 2026-07-16 17:05:40
(epstopdf)                    size: 5411 bytes
(epstopdf)             Command: <epstopdf figures/ordinal-utility.ps --outfile=
figures/ordinal-utility-ps-converted-to.pdf>
(epstopdf)             \includegraphics on input line 278.
Package epstopdf Info: Output file is already uptodate.
<figures/ordinal-utility-ps-converted-to.pdf, id=174, 466.74374pt x 134.5025pt>

File: figures/ordinal-utility-ps-converted-to.pdf Graphic file (type pdf)
<use figures/ordinal-utility-ps-converted-to.pdf>
Package pdftex.def Info: figures/ordinal-utility-ps-converted-to.pdf  used on i
nput line 278.
(pdftex.def)             Requested size: 645.01161pt x 185.89479pt.
 [25 <./figures/ordinal-utility-ps-converted-to.pdf>] [26]
Package epstopdf Info: Source file: <figures/backgammon-position.ps>
(epstopdf)                    date: 2026-07-15 08:15:02
(epstopdf)                    size: 31704 bytes
(epstopdf)             Output file: <figures/backgammon-position-ps-converted-t
o.pdf>
(epstopdf)                    date: 2026-07-16 17:05:42
(epstopdf)                    size: 7513 bytes
(epstopdf)             Command: <epstopdf figures/backgammon-position.ps --outf
ile=figures/backgammon-position-ps-converted-to.pdf>
(epstopdf)             \includegraphics on input line 317.
Package epstopdf Info: Output file is already uptodate.
<figures/backgammon-position-ps-converted-to.pdf, id=190, 471.7625pt x 478.7887
6pt>
File: figures/backgammon-position-ps-converted-to.pdf Graphic file (type pdf)
<use figures/backgammon-position-ps-converted-to.pdf>
Package pdftex.def Info: figures/backgammon-position-ps-converted-to.pdf  used 
on input line 317.
(pdftex.def)             Requested size: 395.38896pt x 401.2812pt.
 [27 <./figures/backgammon-position-ps-converted-to.pdf>]
Package epstopdf Info: Source file: <figures/expectiminimax-simple.ps>
(epstopdf)                    date: 2026-07-15 08:15:04
(epstopdf)                    size: 18733 bytes
(epstopdf)             Output file: <figures/expectiminimax-simple-ps-converted
-to.pdf>
(epstopdf)                    date: 2026-07-16 17:05:43
(epstopdf)                    size: 6403 bytes
(epstopdf)             Command: <epstopdf figures/expectiminimax-simple.ps --ou
tfile=figures/expectiminimax-simple-ps-converted-to.pdf>
(epstopdf)             \includegraphics on input line 332.
Package epstopdf Info: Output file is already uptodate.
<figures/expectiminimax-simple-ps-converted-to.pdf, id=199, 257.96375pt x 194.7
275pt>
File: figures/expectiminimax-simple-ps-converted-to.pdf Graphic file (type pdf)

<use figures/expectiminimax-simple-ps-converted-to.pdf>
Package pdftex.def Info: figures/expectiminimax-simple-ps-converted-to.pdf  use
d on input line 332.
(pdftex.def)             Requested size: 399.288pt x 301.43523pt.
 [28 <./figures/expectiminimax-simple-ps-converted-to.pdf>]
[29] [30] [31]
Package epstopdf Info: Source file: <figures/chance-evaluation.ps>
(epstopdf)                    date: 2026-07-15 08:15:02
(epstopdf)                    size: 26591 bytes
(epstopdf)             Output file: <figures/chance-evaluation-ps-converted-to.
pdf>
(epstopdf)                    date: 2026-07-16 17:18:06
(epstopdf)                    size: 6751 bytes
(epstopdf)             Command: <epstopdf figures/chance-evaluation.ps --outfil
e=figures/chance-evaluation-ps-converted-to.pdf>
(epstopdf)             \includegraphics on input line 375.
Package epstopdf Info: Output file is already uptodate.
<figures/chance-evaluation-ps-converted-to.pdf, id=222, 496.85625pt x 194.7275p
t>
File: figures/chance-evaluation-ps-converted-to.pdf Graphic file (type pdf)
<use figures/chance-evaluation-ps-converted-to.pdf>
Package pdftex.def Info: figures/chance-evaluation-ps-converted-to.pdf  used on
 input line 375.
(pdftex.def)             Requested size: 645.01161pt x 252.81291pt.
 [32 <./figures/chance-evaluation-ps-converted-to.pdf>] [33]
[34]
Package epstopdf Info: Source file: <figures/card-tree1c.ps>
(epstopdf)                    date: 2026-07-15 08:15:02
(epstopdf)                    size: 55348 bytes
(epstopdf)             Output file: <figures/card-tree1c-ps-converted-to.pdf>
(epstopdf)                    date: 2026-07-16 17:18:09
(epstopdf)                    size: 30508 bytes
(epstopdf)             Command: <epstopdf figures/card-tree1c.ps --outfile=figu
res/card-tree1c-ps-converted-to.pdf>
(epstopdf)             \includegraphics on input line 411.
Package epstopdf Info: Output file is already uptodate.
<figures/card-tree1c-ps-converted-to.pdf, id=240, 611.28375pt x 66.2475pt>
File: figures/card-tree1c-ps-converted-to.pdf Graphic file (type pdf)
<use figures/card-tree1c-ps-converted-to.pdf>
Package pdftex.def Info: figures/card-tree1c-ps-converted-to.pdf  used on input
 line 411.
(pdftex.def)             Requested size: 663.43971pt x 71.90305pt.
 [35 <./figures/card-tree1c-ps-converted-to.pdf>]
Package epstopdf Info: Source file: <figures/card-tree2c.ps>
(epstopdf)                    date: 2026-07-15 08:15:02
(epstopdf)                    size: 112853 bytes
(epstopdf)             Output file: <figures/card-tree2c-ps-converted-to.pdf>
(epstopdf)                    date: 2026-07-16 17:18:12
(epstopdf)                    size: 56902 bytes
(epstopdf)             Command: <epstopdf figures/card-tree2c.ps --outfile=figu
res/card-tree2c-ps-converted-to.pdf>
(epstopdf)             \includegraphics on input line 421.
Package epstopdf Info: Output file is already uptodate.
<figures/card-tree2c-ps-converted-to.pdf, id=249, 651.43375pt x 173.64874pt>
File: figures/card-tree2c-ps-converted-to.pdf Graphic file (type pdf)
<use figures/card-tree2c-ps-converted-to.pdf>
Package pdftex.def Info: figures/card-tree2c-ps-converted-to.pdf  used on input
 line 421.
(pdftex.def)             Requested size: 663.43971pt x 176.86235pt.
 [36 <./figures/card-tree2c-ps-converted-to.pdf>]
Package epstopdf Info: Source file: <figures/card-tree3c.ps>
(epstopdf)                    date: 2026-07-15 08:15:02
(epstopdf)                    size: 168827 bytes
(epstopdf)             Output file: <figures/card-tree3c-ps-converted-to.pdf>
(epstopdf)                    date: 2026-07-16 17:18:14
(epstopdf)                    size: 85509 bytes
(epstopdf)             Command: <epstopdf figures/card-tree3c.ps --outfile=figu
res/card-tree3c-ps-converted-to.pdf>
(epstopdf)             \includegraphics on input line 431.
Package epstopdf Info: Output file is already uptodate.
<figures/card-tree3c-ps-converted-to.pdf, id=258, 676.5275pt x 326.21875pt>
File: figures/card-tree3c-ps-converted-to.pdf Graphic file (type pdf)
<use figures/card-tree3c-ps-converted-to.pdf>
Package pdftex.def Info: figures/card-tree3c-ps-converted-to.pdf  used on input
 line 431.
(pdftex.def)             Requested size: 663.43971pt x 319.91618pt.
 [37 <./figures/card-tree3c-ps-converted-to.pdf>]
[38] [39] [40] [41] [42] [43] (chapter06.aux)
 ***********
LaTeX2e <2025-11-01>
L3 programming layer <2025-12-24>
 ***********


LaTeX Font Warning: Size substitutions with differences
(Font)              up to 0.5pt have occurred.

 ) 
Here is how much of TeX's memory you used:
 3170 strings out of 467870
 54370 string characters out of 5418355
 443189 words of memory out of 5000000
 32003 multiletter control sequences out of 15000+600000
 649801 words of font info for 79 fonts, out of 8000000 for 9000
 1141 hyphenation exceptions out of 8191
 72i,6n,79p,232b,357s stack positions out of 10000i,1000n,20000p,200000b,200000s
 <C:\Users\thanh\AppData\Local\MiKTeX\fonts/pk/ljfour/jknappen/ec/dpi600\tcrm
2074.pk><C:/Users/thanh/AppData/Local/Programs/MiKTeX/fonts/type1/public/amsfon
ts/cm/cmmi12.pfb><C:/Users/thanh/AppData/Local/Programs/MiKTeX/fonts/type1/publ
ic/amsfonts/cm/cmr12.pfb><C:/Users/thanh/AppData/Local/Programs/MiKTeX/fonts/ty
pe1/public/amsfonts/cm/cmr17.pfb><C:/Users/thanh/AppData/Local/Programs/MiKTeX/
fonts/type1/public/amsfonts/cm/cmsy10.pfb><C:/Users/thanh/AppData/Local/Program
s/MiKTeX/fonts/type1/public/amsfonts/cm/cmti12.pfb><C:/Users/thanh/AppData/Loca
l/Programs/MiKTeX/fonts/type1/vntex/vnr/vnbx12.pfb><C:/Users/thanh/AppData/Loca
l/Programs/MiKTeX/fonts/type1/vntex/vnr/vncsc10.pfb><C:/Users/thanh/AppData/Loc
al/Programs/MiKTeX/fonts/type1/vntex/vnr/vnr8.pfb><C:/Users/thanh/AppData/Local
/Programs/MiKTeX/fonts/type1/vntex/vnr/vnss17.pfb><C:/Users/thanh/AppData/Local
/Programs/MiKTeX/fonts/type1/vntex/vnr/vnssbx10.pfb><C:/Users/thanh/AppData/Loc
al/Programs/MiKTeX/fonts/type1/vntex/vnr/vnti12.pfb>
Output written on chapter06.pdf (43 pages, 438678 bytes).
PDF statistics:
 340 PDF objects out of 1000 (max. 8388607)
 0 named destinations out of 1000 (max. 500000)
 86 words of extra memory for PDF output out of 10000 (max. 10000000)

