This is pdfTeX, Version 3.141592653-2.6-1.40.28 (MiKTeX 25.12) (preloaded format=pdflatex 2026.6.24)  16 JUL 2026 22:23
entering extended mode
 \write18 enabled.
 %&-line parsing enabled.
**./chapter09.tex
(chapter09.tex
LaTeX2e <2025-11-01>
L3 programming layer <2025-12-24>
(C:\Users\thanh\AppData\Local\Programs\MiKTeX\tex/latex/base\article.cls
Document Class: article 2025/01/22 v1.4n Standard LaTeX document class
(C:\Users\thanh\AppData\Local\Programs\MiKTeX\tex/latex/base\size10.clo
File: size10.clo 2025/01/22 v1.4n Standard LaTeX file (size option)
)
\c@part=\count275
\c@section=\count276
\c@subsection=\count277
\c@subsubsection=\count278
\c@paragraph=\count279
\c@subparagraph=\count280
\c@figure=\count281
\c@table=\count282
\abovecaptionskip=\skip49
\belowcaptionskip=\skip50
\bibindent=\dimen148
)
(C:\Users\thanh\AppData\Local\Programs\MiKTeX\tex/latex/base\fleqn.sty

LaTeX Warning: inputting `fleqn.clo' instead of obsolete `fleqn.sty'.

(C:\Users\thanh\AppData\Local\Programs\MiKTeX\tex/latex/base\fleqn.clo
File: fleqn.clo 2016/12/29 v1.2b Standard LaTeX option (flush left equations)
\mathindent=\skip51
Applying: [2015/01/01] Make \[ robust on input line 50.
LaTeX Info: Redefining \[ on input line 51.
Already applied: [0000/00/00] Make \[ robust on input line 62.
Applying: [2015/01/01] Make \] robust on input line 74.
LaTeX Info: Redefining \] on input line 75.
Already applied: [0000/00/00] Make \] robust on input line 83.
))
(epsf.sty
Package: epsf 2026/07/16 Modern replacement using graphicx

(C:\Users\thanh\AppData\Local\Programs\MiKTeX\tex/latex/graphics\graphicx.sty
Package: graphicx 2024/12/31 v1.2e Enhanced LaTeX Graphics (DPC,SPQR)

(C:\Users\thanh\AppData\Local\Programs\MiKTeX\tex/latex/graphics\keyval.sty
Package: keyval 2022/05/29 v1.15 key=value parser (DPC)
\KV@toks@=\toks17
)
(C:\Users\thanh\AppData\Local\Programs\MiKTeX\tex/latex/graphics\graphics.sty
Package: graphics 2024/08/06 v1.4g Standard LaTeX Graphics (DPC,SPQR)

(C:\Users\thanh\AppData\Local\Programs\MiKTeX\tex/latex/graphics\trig.sty
Package: trig 2023/12/02 v1.11 sin cos tan (DPC)
)
(C:\Users\thanh\AppData\Local\Programs\MiKTeX\tex/latex/graphics-cfg\graphics.c
fg
File: graphics.cfg 2016/06/04 v1.11 sample graphics configuration
)
Package graphics Info: Driver file: pdftex.def on input line 106.

(C:\Users\thanh\AppData\Local\Programs\MiKTeX\tex/latex/graphics-def\pdftex.def
File: pdftex.def 2025/09/29 v1.2d Graphics/color driver for pdftex
))
\Gin@req@height=\dimen149
\Gin@req@width=\dimen150
)
(C:\Users\thanh\AppData\Local\Programs\MiKTeX\tex/latex/epstopdf-pkg\epstopdf.s
ty
Package: epstopdf 2020-01-24 v2.11 Conversion with epstopdf on the fly (HO)

(C:\Users\thanh\AppData\Local\Programs\MiKTeX\tex/generic/infwarerr\infwarerr.s
ty
Package: infwarerr 2019/12/03 v1.5 Providing info/warning/error messages (HO)
) (C:\Users\thanh\AppData\Local\Programs\MiKTeX\tex/latex/grfext\grfext.sty
Package: grfext 2019/12/03 v1.3 Manage graphics extensions (HO)

(C:\Users\thanh\AppData\Local\Programs\MiKTeX\tex/generic/kvdefinekeys\kvdefine
keys.sty
Package: kvdefinekeys 2019-12-19 v1.6 Define keys (HO)
))
(C:\Users\thanh\AppData\Local\Programs\MiKTeX\tex/latex/kvoptions\kvoptions.sty
Package: kvoptions 2022-06-15 v3.15 Key value format for package options (HO)
(C:\Users\thanh\AppData\Local\Programs\MiKTeX\tex/generic/ltxcmds\ltxcmds.sty
Package: ltxcmds 2023-12-04 v1.26 LaTeX kernel commands for general use (HO)
)
(C:\Users\thanh\AppData\Local\Programs\MiKTeX\tex/latex/kvsetkeys\kvsetkeys.sty
Package: kvsetkeys 2022-10-05 v1.19 Key value parser (HO)
))
(C:\Users\thanh\AppData\Local\Programs\MiKTeX\tex/generic/pdftexcmds\pdftexcmds
.sty
Package: pdftexcmds 2020-06-27 v0.33 Utility functions of pdfTeX for LuaTeX (HO
)
 (C:\Users\thanh\AppData\Local\Programs\MiKTeX\tex/generic/iftex\iftex.sty
Package: iftex 2024/12/12 v1.0g TeX engine tests
)
Package pdftexcmds Info: \pdf@primitive is available.
Package pdftexcmds Info: \pdf@ifprimitive is available.
Package pdftexcmds Info: \pdfdraftmode found.
)
(C:\Users\thanh\AppData\Local\Programs\MiKTeX\tex/latex/epstopdf-pkg\epstopdf-b
ase.sty
Package: epstopdf-base 2020-01-24 v2.11 Base part for package epstopdf
Package epstopdf-base Info: Redefining graphics rule for `.eps' on input line 4
85.
Package grfext Info: Graphics extension search list:
(grfext)             [.pdf,.png,.jpg,.mps,.jpeg,.jbig2,.jb2,.PDF,.PNG,.JPG,.JPE
G,.JBIG2,.JB2,.eps]
(grfext)             \AppendGraphicsExtensions on input line 504.

(C:\Users\thanh\AppData\Local\Programs\MiKTeX\tex/latex/00miktex\epstopdf-sys.c
fg
File: epstopdf-sys.cfg 2021/03/18 v2.0 Configuration of epstopdf for MiKTeX
)))
Package grfext Info: Graphics extension search list:
(grfext)             [.pdf,.png,.jpg,.mps,.jpeg,.jbig2,.jb2,.PDF,.PNG,.JPG,.JPE
G,.JBIG2,.JB2,.eps,.ps]
(grfext)             \AppendGraphicsExtensions on input line 11.
\epsfxsize=\skip52
\epsfysize=\skip53
)
(C:\Users\thanh\AppData\Local\Programs\MiKTeX\tex/latex/graphics\color.sty
Package: color 2025/01/14 v1.3e Standard LaTeX Color (DPC)

(C:\Users\thanh\AppData\Local\Programs\MiKTeX\tex/latex/graphics-cfg\color.cfg
File: color.cfg 2016/01/02 v1.6 sample color configuration
)
Package color Info: Driver file: pdftex.def on input line 149.
(C:\Users\thanh\AppData\Local\Programs\MiKTeX\tex/latex/graphics\mathcolor.ltx)
) (aima2e-slides.sty
(C:\Users\thanh\AppData\Local\Programs\MiKTeX\tex/latex/base\fontenc.sty
Package: fontenc 2025/07/18 v2.1d Standard LaTeX package

(C:\Users\thanh\AppData\Local\Programs\MiKTeX\tex/latex/vntex\t5enc.def
File: t5enc.def 2006/11/21 v1.4 Vietnamese T5 encoding
Now handling font encoding T5 ...
... processing UTF-8 mapping file for font encoding T5

(C:\Users\thanh\AppData\Local\Programs\MiKTeX\tex/latex/vntex\t5enc.dfu
File: t5enc.dfu 2006/08/19 v1.1 UTF8 support for Vietnamese
   defining Unicode char U+00AB (decimal 171)
   defining Unicode char U+00BB (decimal 187)
   defining Unicode char U+00C0 (decimal 192)
   defining Unicode char U+00C1 (decimal 193)
   defining Unicode char U+00C2 (decimal 194)
   defining Unicode char U+00C3 (decimal 195)
   defining Unicode char U+00C8 (decimal 200)
   defining Unicode char U+00C9 (decimal 201)
   defining Unicode char U+00CA (decimal 202)
   defining Unicode char U+00CC (decimal 204)
   defining Unicode char U+00CD (decimal 205)
   defining Unicode char U+00D2 (decimal 210)
   defining Unicode char U+00D3 (decimal 211)
   defining Unicode char U+00D4 (decimal 212)
   defining Unicode char U+00D5 (decimal 213)
   defining Unicode char U+00D9 (decimal 217)
   defining Unicode char U+00DA (decimal 218)
   defining Unicode char U+00DD (decimal 221)
   defining Unicode char U+00E0 (decimal 224)
   defining Unicode char U+00E1 (decimal 225)
   defining Unicode char U+00E2 (decimal 226)
   defining Unicode char U+00E3 (decimal 227)
   defining Unicode char U+00E8 (decimal 232)
   defining Unicode char U+00E9 (decimal 233)
   defining Unicode char U+00EA (decimal 234)
   defining Unicode char U+00EC (decimal 236)
   defining Unicode char U+00ED (decimal 237)
   defining Unicode char U+00F2 (decimal 242)
   defining Unicode char U+00F3 (decimal 243)
   defining Unicode char U+00F4 (decimal 244)
   defining Unicode char U+00F5 (decimal 245)
   defining Unicode char U+00F9 (decimal 249)
   defining Unicode char U+00FA (decimal 250)
   defining Unicode char U+00FD (decimal 253)
   defining Unicode char U+0102 (decimal 258)
   defining Unicode char U+0103 (decimal 259)
   defining Unicode char U+0110 (decimal 272)
   defining Unicode char U+0111 (decimal 273)
   defining Unicode char U+0128 (decimal 296)
   defining Unicode char U+0129 (decimal 297)
   defining Unicode char U+0131 (decimal 305)
   defining Unicode char U+0168 (decimal 360)
   defining Unicode char U+0169 (decimal 361)
   defining Unicode char U+01A0 (decimal 416)
   defining Unicode char U+01A1 (decimal 417)
   defining Unicode char U+01AF (decimal 431)
   defining Unicode char U+01B0 (decimal 432)
   defining Unicode char U+1EA0 (decimal 7840)
   defining Unicode char U+1EA1 (decimal 7841)
   defining Unicode char U+1EA2 (decimal 7842)
   defining Unicode char U+1EA3 (decimal 7843)
   defining Unicode char U+1EA4 (decimal 7844)
   defining Unicode char U+1EA5 (decimal 7845)
   defining Unicode char U+1EA6 (decimal 7846)
   defining Unicode char U+1EA7 (decimal 7847)
   defining Unicode char U+1EA8 (decimal 7848)
   defining Unicode char U+1EA9 (decimal 7849)
   defining Unicode char U+1EAA (decimal 7850)
   defining Unicode char U+1EAB (decimal 7851)
   defining Unicode char U+1EAC (decimal 7852)
   defining Unicode char U+1EAD (decimal 7853)
   defining Unicode char U+1EAE (decimal 7854)
   defining Unicode char U+1EAF (decimal 7855)
   defining Unicode char U+1EB0 (decimal 7856)
   defining Unicode char U+1EB1 (decimal 7857)
   defining Unicode char U+1EB2 (decimal 7858)
   defining Unicode char U+1EB3 (decimal 7859)
   defining Unicode char U+1EB4 (decimal 7860)
   defining Unicode char U+1EB5 (decimal 7861)
   defining Unicode char U+1EB6 (decimal 7862)
   defining Unicode char U+1EB7 (decimal 7863)
   defining Unicode char U+1EB8 (decimal 7864)
   defining Unicode char U+1EB9 (decimal 7865)
   defining Unicode char U+1EBA (decimal 7866)
   defining Unicode char U+1EBB (decimal 7867)
   defining Unicode char U+1EBC (decimal 7868)
   defining Unicode char U+1EBD (decimal 7869)
   defining Unicode char U+1EBE (decimal 7870)
   defining Unicode char U+1EBF (decimal 7871)
   defining Unicode char U+1EC0 (decimal 7872)
   defining Unicode char U+1EC1 (decimal 7873)
   defining Unicode char U+1EC2 (decimal 7874)
   defining Unicode char U+1EC3 (decimal 7875)
   defining Unicode char U+1EC4 (decimal 7876)
   defining Unicode char U+1EC5 (decimal 7877)
   defining Unicode char U+1EC6 (decimal 7878)
   defining Unicode char U+1EC7 (decimal 7879)
   defining Unicode char U+1EC8 (decimal 7880)
   defining Unicode char U+1EC9 (decimal 7881)
   defining Unicode char U+1ECA (decimal 7882)
   defining Unicode char U+1ECB (decimal 7883)
   defining Unicode char U+1ECC (decimal 7884)
   defining Unicode char U+1ECD (decimal 7885)
   defining Unicode char U+1ECE (decimal 7886)
   defining Unicode char U+1ECF (decimal 7887)
   defining Unicode char U+1ED0 (decimal 7888)
   defining Unicode char U+1ED1 (decimal 7889)
   defining Unicode char U+1ED2 (decimal 7890)
   defining Unicode char U+1ED3 (decimal 7891)
   defining Unicode char U+1ED4 (decimal 7892)
   defining Unicode char U+1ED5 (decimal 7893)
   defining Unicode char U+1ED6 (decimal 7894)
   defining Unicode char U+1ED7 (decimal 7895)
   defining Unicode char U+1ED8 (decimal 7896)
   defining Unicode char U+1ED9 (decimal 7897)
   defining Unicode char U+1EDA (decimal 7898)
   defining Unicode char U+1EDB (decimal 7899)
   defining Unicode char U+1EDC (decimal 7900)
   defining Unicode char U+1EDD (decimal 7901)
   defining Unicode char U+1EDE (decimal 7902)
   defining Unicode char U+1EDF (decimal 7903)
   defining Unicode char U+1EE0 (decimal 7904)
   defining Unicode char U+1EE1 (decimal 7905)
   defining Unicode char U+1EE2 (decimal 7906)
   defining Unicode char U+1EE3 (decimal 7907)
   defining Unicode char U+1EE4 (decimal 7908)
   defining Unicode char U+1EE5 (decimal 7909)
   defining Unicode char U+1EE6 (decimal 7910)
   defining Unicode char U+1EE7 (decimal 7911)
   defining Unicode char U+1EE8 (decimal 7912)
   defining Unicode char U+1EE9 (decimal 7913)
   defining Unicode char U+1EEA (decimal 7914)
   defining Unicode char U+1EEB (decimal 7915)
   defining Unicode char U+1EEC (decimal 7916)
   defining Unicode char U+1EED (decimal 7917)
   defining Unicode char U+1EEE (decimal 7918)
   defining Unicode char U+1EEF (decimal 7919)
   defining Unicode char U+1EF0 (decimal 7920)
   defining Unicode char U+1EF1 (decimal 7921)
   defining Unicode char U+1EF2 (decimal 7922)
   defining Unicode char U+1EF3 (decimal 7923)
   defining Unicode char U+1EF4 (decimal 7924)
   defining Unicode char U+1EF5 (decimal 7925)
   defining Unicode char U+1EF6 (decimal 7926)
   defining Unicode char U+1EF7 (decimal 7927)
   defining Unicode char U+1EF8 (decimal 7928)
   defining Unicode char U+1EF9 (decimal 7929)
   defining Unicode char U+200C (decimal 8204)
   defining Unicode char U+2013 (decimal 8211)
   defining Unicode char U+2014 (decimal 8212)
   defining Unicode char U+2018 (decimal 8216)
   defining Unicode char U+2019 (decimal 8217)
   defining Unicode char U+201A (decimal 8218)
   defining Unicode char U+201C (decimal 8220)
   defining Unicode char U+201D (decimal 8221)
   defining Unicode char U+201E (decimal 8222)
   defining Unicode char U+2030 (decimal 8240)
   defining Unicode char U+2031 (decimal 8241)
   defining Unicode char U+2039 (decimal 8249)
   defining Unicode char U+203A (decimal 8250)
   defining Unicode char U+2423 (decimal 9251)
))
LaTeX Font Info:    Trying to load font information for T5+cmr on input line 11
6.

(C:\Users\thanh\AppData\Local\Programs\MiKTeX\tex/latex/vntex\t5cmr.fd
File: t5cmr.fd 1999/05/25 v2.5h Standard LaTeX font definitions
))
(C:\Users\thanh\AppData\Local\Programs\MiKTeX\tex/latex/base\inputenc.sty
Package: inputenc 2024/02/08 v1.3d Input encoding file
\inpenc@prehook=\toks18
\inpenc@posthook=\toks19
)
Package color Info: Redefining color red on input line 7.
Package color Info: Redefining color cyan on input line 14.
\headingwidth=\skip54
\backdrop=\skip55
\backheight=\skip56
\backwidth=\skip57
\xborder=\skip58
\yborder=\skip59
\headtotal=\skip60
\codewidth=\skip61
\boxwidth=\skip62
\boxheight=\skip63
\skipwidth=\skip64
\roomheight=\skip65
\charheight=\skip66
\marginlineskip=\skip67
\marginwidth=\skip68
\textplusmarginwidth=\skip69
\maxfigwidth=\skip70
\tablewidth=\skip71
\captionskip=\skip72
\tcaptionskip=\skip73
)
(C:\Users\thanh\AppData\Local\Programs\MiKTeX\tex/latex/l3backend\l3backend-pdf
tex.def
File: l3backend-pdftex.def 2025-10-09 L3 backend support: PDF output (pdfTeX)
\l__color_backend_stack_int=\count283
) (chapter09.aux)
\openout1 = `chapter09.aux'.

LaTeX Font Info:    Checking defaults for OML/cmm/m/it on input line 8.
LaTeX Font Info:    ... okay on input line 8.
LaTeX Font Info:    Checking defaults for OMS/cmsy/m/n on input line 8.
LaTeX Font Info:    ... okay on input line 8.
LaTeX Font Info:    Checking defaults for OT1/cmr/m/n on input line 8.
LaTeX Font Info:    ... okay on input line 8.
LaTeX Font Info:    Checking defaults for T1/cmr/m/n on input line 8.
LaTeX Font Info:    ... okay on input line 8.
LaTeX Font Info:    Checking defaults for TS1/cmr/m/n on input line 8.
LaTeX Font Info:    ... okay on input line 8.
LaTeX Font Info:    Checking defaults for OMX/cmex/m/n on input line 8.
LaTeX Font Info:    ... okay on input line 8.
LaTeX Font Info:    Checking defaults for U/cmr/m/n on input line 8.
LaTeX Font Info:    ... okay on input line 8.
LaTeX Font Info:    Checking defaults for T5/cmr/m/n on input line 8.
LaTeX Font Info:    ... okay on input line 8.

(C:\Users\thanh\AppData\Local\Programs\MiKTeX\tex/context/base/mkii\supp-pdf.mk
ii
[Loading MPS to PDF converter (version 2006.09.02).]
\scratchcounter=\count284
\scratchdimen=\dimen151
\scratchbox=\box53
\nofMPsegments=\count285
\nofMParguments=\count286
\everyMPshowfont=\toks20
\MPscratchCnt=\count287
\MPscratchDim=\dimen152
\MPnumerator=\count288
\makeMPintoPDFobject=\count289
\everyMPtoPDFconversion=\toks21
) [1


Non-PDF special ignored!
<special> papersize=11in,8.5in
{C:/Users/thanh/AppData/Local/MiKTeX/fonts/map/pdftex/pdftex.map}]
LaTeX Font Info:    Trying to load font information for T5+cmss on input line 1
3.

(C:\Users\thanh\AppData\Local\Programs\MiKTeX\tex/latex/vntex\t5cmss.fd
File: t5cmss.fd 1999/05/25 v2.5h Standard LaTeX font definitions
)
LaTeX Font Info:    External font `cmex10' loaded for size
(Font)              <20.74> on input line 18.
LaTeX Font Info:    External font `cmex10' loaded for size
(Font)              <14.4> on input line 18.
LaTeX Font Info:    External font `cmex10' loaded for size
(Font)              <12> on input line 18.

[2]
Overfull \hbox (82.13467pt too wide) in paragraph at lines 33--46
[][]  
 []

[3]
Overfull \hbox (62.1452pt too wide) detected at line 61
$ []$ 
 []

[4]

LaTeX Font Warning: Font shape `T5/cmss/m/it' in size <20.74> not available
(Font)              Font shape `T5/cmss/m/sl' tried instead on input line 69.

[5] [6] [7] [8] [9] [10]
Overfull \hbox (31.8899pt too wide) detected at line 178
$ []$ 
 []

[11]
Overfull \hbox (31.8899pt too wide) detected at line 197
$ []$ 
 []

[12]
Overfull \hbox (31.8899pt too wide) detected at line 216
$ []$ 
 []

[13]
Overfull \hbox (31.8899pt too wide) detected at line 235
$ []$ 
 []

[14]
Overfull \hbox (31.8899pt too wide) detected at line 255
$ []$ 
 []

[15]
Overfull \hbox (19.12622pt too wide) detected at line 266
$ []$ 
 []

[16] [17] [18] [19] [20] [21] [22] [23] [24] [25]
(algorithms/forward-chaining-algorithm.tex
LaTeX Font Info:    External font `cmex10' loaded for size
(Font)              <17.28> on input line 17.

Overfull \hbox (3.55833pt too wide) in paragraph at lines 1--18
 []  
 []

) [26]
Package epstopdf Info: Source file: <figures/crime-fc1c.ps>
(epstopdf)                    date: 2026-07-15 08:15:03
(epstopdf)                    size: 12347 bytes
(epstopdf)             Output file: <figures/crime-fc1c-ps-converted-to.pdf>
(epstopdf)                    date: 2026-07-16 22:21:34
(epstopdf)                    size: 6205 bytes
(epstopdf)             Command: <epstopdf figures/crime-fc1c.ps --outfile=figur
es/crime-fc1c-ps-converted-to.pdf>
(epstopdf)             \includegraphics on input line 383.
Package epstopdf Info: Output file is already uptodate.
<figures/crime-fc1c-ps-converted-to.pdf, id=95, 539.01375pt x 224.84pt>
File: figures/crime-fc1c-ps-converted-to.pdf Graphic file (type pdf)
<use figures/crime-fc1c-ps-converted-to.pdf>
Package pdftex.def Info: figures/crime-fc1c-ps-converted-to.pdf  used on input 
line 383.
(pdftex.def)             Requested size: 656.96126pt x 274.04366pt.
 [27 <./figures/crime-fc1c-ps-converted-to.pdf>]
Package epstopdf Info: Source file: <figures/crime-fc2c.ps>
(epstopdf)                    date: 2026-07-15 08:15:03
(epstopdf)                    size: 14912 bytes
(epstopdf)             Output file: <figures/crime-fc2c-ps-converted-to.pdf>
(epstopdf)                    date: 2026-07-16 22:21:37
(epstopdf)                    size: 6915 bytes
(epstopdf)             Command: <epstopdf figures/crime-fc2c.ps --outfile=figur
es/crime-fc2c-ps-converted-to.pdf>
(epstopdf)             \includegraphics on input line 392.
Package epstopdf Info: Output file is already uptodate.
<figures/crime-fc2c-ps-converted-to.pdf, id=104, 539.01375pt x 224.84pt>
File: figures/crime-fc2c-ps-converted-to.pdf Graphic file (type pdf)
<use figures/crime-fc2c-ps-converted-to.pdf>
Package pdftex.def Info: figures/crime-fc2c-ps-converted-to.pdf  used on input 
line 392.
(pdftex.def)             Requested size: 656.96126pt x 274.04366pt.
 [28 <./figures/crime-fc2c-ps-converted-to.pdf>]
Package epstopdf Info: Source file: <figures/crime-fc3c.ps>
(epstopdf)                    date: 2026-07-15 08:15:03
(epstopdf)                    size: 16752 bytes
(epstopdf)             Output file: <figures/crime-fc3c-ps-converted-to.pdf>
(epstopdf)                    date: 2026-07-16 22:21:41
(epstopdf)                    size: 7216 bytes
(epstopdf)             Command: <epstopdf figures/crime-fc3c.ps --outfile=figur
es/crime-fc3c-ps-converted-to.pdf>
(epstopdf)             \includegraphics on input line 401.
Package epstopdf Info: Output file is already uptodate.
<figures/crime-fc3c-ps-converted-to.pdf, id=113, 539.01375pt x 224.84pt>
File: figures/crime-fc3c-ps-converted-to.pdf Graphic file (type pdf)
<use figures/crime-fc3c-ps-converted-to.pdf>
Package pdftex.def Info: figures/crime-fc3c-ps-converted-to.pdf  used on input 
line 401.
(pdftex.def)             Requested size: 656.96126pt x 274.04366pt.
 [29 <./figures/crime-fc3c-ps-converted-to.pdf>]
[30] [31]
Package epstopdf Info: Source file: <figures/australia-csp.ps>
(epstopdf)                    date: 2026-07-15 08:15:02
(epstopdf)                    size: 16239 bytes
(epstopdf)             Output file: <figures/australia-csp-ps-converted-to.pdf>

(epstopdf)                    date: 2026-07-16 17:04:28
(epstopdf)                    size: 4800 bytes
(epstopdf)             Command: <epstopdf figures/australia-csp.ps --outfile=fi
gures/australia-csp-ps-converted-to.pdf>
(epstopdf)             \includegraphics on input line 437.
Package epstopdf Info: Output file is already uptodate.
<figures/australia-csp-ps-converted-to.pdf, id=129, 387.4475pt x 332.24126pt>
File: figures/australia-csp-ps-converted-to.pdf Graphic file (type pdf)
<use figures/australia-csp-ps-converted-to.pdf>
Package pdftex.def Info: figures/australia-csp-ps-converted-to.pdf  used on inp
ut line 437.
(pdftex.def)             Requested size: 243.31485pt x 208.64897pt.

Overfull \hbox (3.7364pt too wide) in paragraph at lines 441--457
[][]$[]\OT1/cmr/m/n/20.74 (\OML/cmm/m/it/20.74 Green; Red\OT1/cmr/m/n/20.74 ) [
](\OML/cmm/m/it/20.74 Green; Blue\OT1/cmr/m/n/20.74 )$[] 
 []

[32 <./figures/australia-csp-ps-converted-to.pdf>]
(algorithms/backward-chaining-algorithm.tex)
Overfull \hbox (3.55833pt too wide) in paragraph at lines 1--466
 []  
 []

[33]
Package epstopdf Info: Source file: <figures/crime-bc01c.ps>
(epstopdf)                    date: 2026-07-15 08:15:03
(epstopdf)                    size: 10967 bytes
(epstopdf)             Output file: <figures/crime-bc01c-ps-converted-to.pdf>
(epstopdf)                    date: 2026-07-16 22:21:44
(epstopdf)                    size: 4949 bytes
(epstopdf)             Command: <epstopdf figures/crime-bc01c.ps --outfile=figu
res/crime-bc01c-ps-converted-to.pdf>
(epstopdf)             \includegraphics on input line 474.
Package epstopdf Info: Output file is already uptodate.
<figures/crime-bc01c-ps-converted-to.pdf, id=141, 543.02875pt x 246.9225pt>
File: figures/crime-bc01c-ps-converted-to.pdf Graphic file (type pdf)
<use figures/crime-bc01c-ps-converted-to.pdf>
Package pdftex.def Info: figures/crime-bc01c-ps-converted-to.pdf  used on input
 line 474.
(pdftex.def)             Requested size: 651.15118pt x 296.10204pt.
 [34 <./figures/crime-bc01c-ps-converted-to.pdf>]
Package epstopdf Info: Source file: <figures/crime-bc02c.ps>
(epstopdf)                    date: 2026-07-15 08:15:03
(epstopdf)                    size: 13896 bytes
(epstopdf)             Output file: <figures/crime-bc02c-ps-converted-to.pdf>
(epstopdf)                    date: 2026-07-16 22:21:47
(epstopdf)                    size: 6757 bytes
(epstopdf)             Command: <epstopdf figures/crime-bc02c.ps --outfile=figu
res/crime-bc02c-ps-converted-to.pdf>
(epstopdf)             \includegraphics on input line 482.
Package epstopdf Info: Output file is already uptodate.
<figures/crime-bc02c-ps-converted-to.pdf, id=150, 543.02875pt x 246.9225pt>
File: figures/crime-bc02c-ps-converted-to.pdf Graphic file (type pdf)
<use figures/crime-bc02c-ps-converted-to.pdf>
Package pdftex.def Info: figures/crime-bc02c-ps-converted-to.pdf  used on input
 line 482.
(pdftex.def)             Requested size: 651.15118pt x 296.10204pt.
 [35 <./figures/crime-bc02c-ps-converted-to.pdf>]
Package epstopdf Info: Source file: <figures/crime-bc03c.ps>
(epstopdf)                    date: 2026-07-15 08:15:03
(epstopdf)                    size: 14260 bytes
(epstopdf)             Output file: <figures/crime-bc03c-ps-converted-to.pdf>
(epstopdf)                    date: 2026-07-16 22:21:50
(epstopdf)                    size: 7607 bytes
(epstopdf)             Command: <epstopdf figures/crime-bc03c.ps --outfile=figu
res/crime-bc03c-ps-converted-to.pdf>
(epstopdf)             \includegraphics on input line 490.
Package epstopdf Info: Output file is already uptodate.
<figures/crime-bc03c-ps-converted-to.pdf, id=159, 543.02875pt x 246.9225pt>
File: figures/crime-bc03c-ps-converted-to.pdf Graphic file (type pdf)
<use figures/crime-bc03c-ps-converted-to.pdf>
Package pdftex.def Info: figures/crime-bc03c-ps-converted-to.pdf  used on input
 line 490.
(pdftex.def)             Requested size: 651.15118pt x 296.10204pt.
 [36 <./figures/crime-bc03c-ps-converted-to.pdf>]
Package epstopdf Info: Source file: <figures/crime-bc04c.ps>
(epstopdf)                    date: 2026-07-15 08:15:03
(epstopdf)                    size: 15966 bytes
(epstopdf)             Output file: <figures/crime-bc04c-ps-converted-to.pdf>
(epstopdf)                    date: 2026-07-16 22:21:53
(epstopdf)                    size: 7992 bytes
(epstopdf)             Command: <epstopdf figures/crime-bc04c.ps --outfile=figu
res/crime-bc04c-ps-converted-to.pdf>
(epstopdf)             \includegraphics on input line 498.
Package epstopdf Info: Output file is already uptodate.
<figures/crime-bc04c-ps-converted-to.pdf, id=171, 543.02875pt x 246.9225pt>
File: figures/crime-bc04c-ps-converted-to.pdf Graphic file (type pdf)
<use figures/crime-bc04c-ps-converted-to.pdf>
Package pdftex.def Info: figures/crime-bc04c-ps-converted-to.pdf  used on input
 line 498.
(pdftex.def)             Requested size: 651.15118pt x 296.10204pt.

[37 <./figures/crime-bc04c-ps-converted-to.pdf>]
Package epstopdf Info: Source file: <figures/crime-bc05c.ps>
(epstopdf)                    date: 2026-07-15 08:15:03
(epstopdf)                    size: 16559 bytes
(epstopdf)             Output file: <figures/crime-bc05c-ps-converted-to.pdf>
(epstopdf)                    date: 2026-07-16 22:21:56
(epstopdf)                    size: 8053 bytes
(epstopdf)             Command: <epstopdf figures/crime-bc05c.ps --outfile=figu
res/crime-bc05c-ps-converted-to.pdf>
(epstopdf)             \includegraphics on input line 506.
Package epstopdf Info: Output file is already uptodate.
<figures/crime-bc05c-ps-converted-to.pdf, id=184, 543.02875pt x 246.9225pt>
File: figures/crime-bc05c-ps-converted-to.pdf Graphic file (type pdf)
<use figures/crime-bc05c-ps-converted-to.pdf>
Package pdftex.def Info: figures/crime-bc05c-ps-converted-to.pdf  used on input
 line 506.
(pdftex.def)             Requested size: 651.15118pt x 296.10204pt.
 [38 <./figures/crime-bc05c-ps-converted-to.pdf>]
Package epstopdf Info: Source file: <figures/crime-bc06c.ps>
(epstopdf)                    date: 2026-07-15 08:15:03
(epstopdf)                    size: 17949 bytes
(epstopdf)             Output file: <figures/crime-bc06c-ps-converted-to.pdf>
(epstopdf)                    date: 2026-07-16 22:21:57
(epstopdf)                    size: 8552 bytes
(epstopdf)             Command: <epstopdf figures/crime-bc06c.ps --outfile=figu
res/crime-bc06c-ps-converted-to.pdf>
(epstopdf)             \includegraphics on input line 514.
Package epstopdf Info: Output file is already uptodate.
<figures/crime-bc06c-ps-converted-to.pdf, id=196, 543.02875pt x 246.9225pt>
File: figures/crime-bc06c-ps-converted-to.pdf Graphic file (type pdf)
<use figures/crime-bc06c-ps-converted-to.pdf>
Package pdftex.def Info: figures/crime-bc06c-ps-converted-to.pdf  used on input
 line 514.
(pdftex.def)             Requested size: 651.15118pt x 296.10204pt.
 [39 <./figures/crime-bc06c-ps-converted-to.pdf>]
Package epstopdf Info: Source file: <figures/crime-bc07c.ps>
(epstopdf)                    date: 2026-07-15 08:15:03
(epstopdf)                    size: 19230 bytes
(epstopdf)             Output file: <figures/crime-bc07c-ps-converted-to.pdf>
(epstopdf)                    date: 2026-07-16 22:22:00
(epstopdf)                    size: 8781 bytes
(epstopdf)             Command: <epstopdf figures/crime-bc07c.ps --outfile=figu
res/crime-bc07c-ps-converted-to.pdf>
(epstopdf)             \includegraphics on input line 522.
Package epstopdf Info: Output file is already uptodate.
<figures/crime-bc07c-ps-converted-to.pdf, id=208, 543.02875pt x 246.9225pt>
File: figures/crime-bc07c-ps-converted-to.pdf Graphic file (type pdf)
<use figures/crime-bc07c-ps-converted-to.pdf>
Package pdftex.def Info: figures/crime-bc07c-ps-converted-to.pdf  used on input
 line 522.
(pdftex.def)             Requested size: 651.15118pt x 296.10204pt.
 [40 <./figures/crime-bc07c-ps-converted-to.pdf>] [41]
Overfull \hbox (168.57191pt too wide) in paragraph at lines 542--552
[][]  
 []

[42]
LaTeX Font Info:    Trying to load font information for T5+cmtt on input line 5
67.
 (C:\Users\thanh\AppData\Local\Programs\MiKTeX\tex/latex/vntex\t5cmtt.fd
File: t5cmtt.fd 1999/05/25 v2.5h Standard LaTeX font definitions
)
[43] [44] [45]
Overfull \hbox (23.01024pt too wide) detected at line 613
$ []$ 
 []

[46] [47]
Overfull \hbox (32.49487pt too wide) detected at line 669
$ []$ 
 []

[48] [49]
Package epstopdf Info: Source file: <figures/crime-resolution.ps>
(epstopdf)                    date: 2026-07-15 08:15:03
(epstopdf)                    size: 44021 bytes
(epstopdf)             Output file: <figures/crime-resolution-ps-converted-to.p
df>
(epstopdf)                    date: 2026-07-16 22:22:02
(epstopdf)                    size: 9578 bytes
(epstopdf)             Command: <epstopdf figures/crime-resolution.ps --outfile
=figures/crime-resolution-ps-converted-to.pdf>
(epstopdf)             \includegraphics on input line 677.
Package epstopdf Info: Output file is already uptodate.
<figures/crime-resolution-ps-converted-to.pdf, id=250, 717.68124pt x 431.6125pt
>
File: figures/crime-resolution-ps-converted-to.pdf Graphic file (type pdf)
<use figures/crime-resolution-ps-converted-to.pdf>
Package pdftex.def Info: figures/crime-resolution-ps-converted-to.pdf  used on 
input line 677.
(pdftex.def)             Requested size: 663.43971pt x 399.01797pt.
 [50 <./figures/crime-resolution-ps-converted-to.pdf>] (chapter09.aux)
 ***********
LaTeX2e <2025-11-01>
L3 programming layer <2025-12-24>
 ***********
 ) 
Here is how much of TeX's memory you used:
 3141 strings out of 467870
 52688 string characters out of 5418355
 443189 words of memory out of 5000000
 31971 multiletter control sequences out of 15000+600000
 648821 words of font info for 76 fonts, out of 8000000 for 9000
 1141 hyphenation exceptions out of 8191
 72i,15n,79p,232b,396s stack positions out of 10000i,1000n,20000p,200000b,200000s
<C:/Users/thanh/AppData/Local/Programs/MiKTeX/fonts/type1/public/amsfonts/cm/
cmmi12.pfb><C:/Users/thanh/AppData/Local/Programs/MiKTeX/fonts/type1/public/ams
fonts/cm/cmr12.pfb><C:/Users/thanh/AppData/Local/Programs/MiKTeX/fonts/type1/pu
blic/amsfonts/cm/cmr17.pfb><C:/Users/thanh/AppData/Local/Programs/MiKTeX/fonts/
type1/public/amsfonts/cm/cmsy10.pfb><C:/Users/thanh/AppData/Local/Programs/MiKT
eX/fonts/type1/public/amsfonts/cm/cmti12.pfb><C:/Users/thanh/AppData/Local/Prog
rams/MiKTeX/fonts/type1/vntex/vnr/vnbx12.pfb><C:/Users/thanh/AppData/Local/Prog
rams/MiKTeX/fonts/type1/vntex/vnr/vncsc10.pfb><C:/Users/thanh/AppData/Local/Pro
grams/MiKTeX/fonts/type1/vntex/vnr/vnr8.pfb><C:/Users/thanh/AppData/Local/Progr
ams/MiKTeX/fonts/type1/vntex/vnr/vnss17.pfb><C:/Users/thanh/AppData/Local/Progr
ams/MiKTeX/fonts/type1/vntex/vnr/vnssbx10.pfb><C:/Users/thanh/AppData/Local/Pro
grams/MiKTeX/fonts/type1/vntex/vnr/vnti12.pfb><C:/Users/thanh/AppData/Local/Pro
grams/MiKTeX/fonts/type1/vntex/vnr/vntt12.pfb>
Output written on chapter09.pdf (50 pages, 308495 bytes).
PDF statistics:
 317 PDF objects out of 1000 (max. 8388607)
 0 named destinations out of 1000 (max. 500000)
 61 words of extra memory for PDF output out of 10000 (max. 10000000)

