This is pdfTeX, Version 3.141592653-2.6-1.40.28 (MiKTeX 25.12) (preloaded format=pdflatex 2026.6.24)  16 JUL 2026 17:08
entering extended mode
 \write18 enabled.
 %&-line parsing enabled.
**./chapter15a.tex
(chapter15a.tex
LaTeX2e <2025-11-01>
L3 programming layer <2025-12-24>
(C:\Users\thanh\AppData\Local\Programs\MiKTeX\tex/latex/base\article.cls
Document Class: article 2025/01/22 v1.4n Standard LaTeX document class
(C:\Users\thanh\AppData\Local\Programs\MiKTeX\tex/latex/base\size10.clo
File: size10.clo 2025/01/22 v1.4n Standard LaTeX file (size option)
)
\c@part=\count275
\c@section=\count276
\c@subsection=\count277
\c@subsubsection=\count278
\c@paragraph=\count279
\c@subparagraph=\count280
\c@figure=\count281
\c@table=\count282
\abovecaptionskip=\skip49
\belowcaptionskip=\skip50
\bibindent=\dimen148
)
(C:\Users\thanh\AppData\Local\Programs\MiKTeX\tex/latex/base\fleqn.sty

LaTeX Warning: inputting `fleqn.clo' instead of obsolete `fleqn.sty'.

(C:\Users\thanh\AppData\Local\Programs\MiKTeX\tex/latex/base\fleqn.clo
File: fleqn.clo 2016/12/29 v1.2b Standard LaTeX option (flush left equations)
\mathindent=\skip51
Applying: [2015/01/01] Make \[ robust on input line 50.
LaTeX Info: Redefining \[ on input line 51.
Already applied: [0000/00/00] Make \[ robust on input line 62.
Applying: [2015/01/01] Make \] robust on input line 74.
LaTeX Info: Redefining \] on input line 75.
Already applied: [0000/00/00] Make \] robust on input line 83.
))
(epsf.sty
Package: epsf 2026/07/16 Modern replacement using graphicx

(C:\Users\thanh\AppData\Local\Programs\MiKTeX\tex/latex/graphics\graphicx.sty
Package: graphicx 2024/12/31 v1.2e Enhanced LaTeX Graphics (DPC,SPQR)

(C:\Users\thanh\AppData\Local\Programs\MiKTeX\tex/latex/graphics\keyval.sty
Package: keyval 2022/05/29 v1.15 key=value parser (DPC)
\KV@toks@=\toks17
)
(C:\Users\thanh\AppData\Local\Programs\MiKTeX\tex/latex/graphics\graphics.sty
Package: graphics 2024/08/06 v1.4g Standard LaTeX Graphics (DPC,SPQR)

(C:\Users\thanh\AppData\Local\Programs\MiKTeX\tex/latex/graphics\trig.sty
Package: trig 2023/12/02 v1.11 sin cos tan (DPC)
)
(C:\Users\thanh\AppData\Local\Programs\MiKTeX\tex/latex/graphics-cfg\graphics.c
fg
File: graphics.cfg 2016/06/04 v1.11 sample graphics configuration
)
Package graphics Info: Driver file: pdftex.def on input line 106.

(C:\Users\thanh\AppData\Local\Programs\MiKTeX\tex/latex/graphics-def\pdftex.def
File: pdftex.def 2025/09/29 v1.2d Graphics/color driver for pdftex
))
\Gin@req@height=\dimen149
\Gin@req@width=\dimen150
)
(C:\Users\thanh\AppData\Local\Programs\MiKTeX\tex/latex/epstopdf-pkg\epstopdf.s
ty
Package: epstopdf 2020-01-24 v2.11 Conversion with epstopdf on the fly (HO)

(C:\Users\thanh\AppData\Local\Programs\MiKTeX\tex/generic/infwarerr\infwarerr.s
ty
Package: infwarerr 2019/12/03 v1.5 Providing info/warning/error messages (HO)
) (C:\Users\thanh\AppData\Local\Programs\MiKTeX\tex/latex/grfext\grfext.sty
Package: grfext 2019/12/03 v1.3 Manage graphics extensions (HO)

(C:\Users\thanh\AppData\Local\Programs\MiKTeX\tex/generic/kvdefinekeys\kvdefine
keys.sty
Package: kvdefinekeys 2019-12-19 v1.6 Define keys (HO)
))
(C:\Users\thanh\AppData\Local\Programs\MiKTeX\tex/latex/kvoptions\kvoptions.sty
Package: kvoptions 2022-06-15 v3.15 Key value format for package options (HO)
(C:\Users\thanh\AppData\Local\Programs\MiKTeX\tex/generic/ltxcmds\ltxcmds.sty
Package: ltxcmds 2023-12-04 v1.26 LaTeX kernel commands for general use (HO)
)
(C:\Users\thanh\AppData\Local\Programs\MiKTeX\tex/latex/kvsetkeys\kvsetkeys.sty
Package: kvsetkeys 2022-10-05 v1.19 Key value parser (HO)
))
(C:\Users\thanh\AppData\Local\Programs\MiKTeX\tex/generic/pdftexcmds\pdftexcmds
.sty
Package: pdftexcmds 2020-06-27 v0.33 Utility functions of pdfTeX for LuaTeX (HO
)
 (C:\Users\thanh\AppData\Local\Programs\MiKTeX\tex/generic/iftex\iftex.sty
Package: iftex 2024/12/12 v1.0g TeX engine tests
)
Package pdftexcmds Info: \pdf@primitive is available.
Package pdftexcmds Info: \pdf@ifprimitive is available.
Package pdftexcmds Info: \pdfdraftmode found.
)
(C:\Users\thanh\AppData\Local\Programs\MiKTeX\tex/latex/epstopdf-pkg\epstopdf-b
ase.sty
Package: epstopdf-base 2020-01-24 v2.11 Base part for package epstopdf
Package epstopdf-base Info: Redefining graphics rule for `.eps' on input line 4
85.
Package grfext Info: Graphics extension search list:
(grfext)             [.pdf,.png,.jpg,.mps,.jpeg,.jbig2,.jb2,.PDF,.PNG,.JPG,.JPE
G,.JBIG2,.JB2,.eps]
(grfext)             \AppendGraphicsExtensions on input line 504.

(C:\Users\thanh\AppData\Local\Programs\MiKTeX\tex/latex/00miktex\epstopdf-sys.c
fg
File: epstopdf-sys.cfg 2021/03/18 v2.0 Configuration of epstopdf for MiKTeX
)))
Package grfext Info: Graphics extension search list:
(grfext)             [.pdf,.png,.jpg,.mps,.jpeg,.jbig2,.jb2,.PDF,.PNG,.JPG,.JPE
G,.JBIG2,.JB2,.eps,.ps]
(grfext)             \AppendGraphicsExtensions on input line 11.
\epsfxsize=\skip52
\epsfysize=\skip53
) (aima2e-slides.sty
(C:\Users\thanh\AppData\Local\Programs\MiKTeX\tex/latex/base\fontenc.sty
Package: fontenc 2025/07/18 v2.1d Standard LaTeX package

(C:\Users\thanh\AppData\Local\Programs\MiKTeX\tex/latex/vntex\t5enc.def
File: t5enc.def 2006/11/21 v1.4 Vietnamese T5 encoding
Now handling font encoding T5 ...
... processing UTF-8 mapping file for font encoding T5

(C:\Users\thanh\AppData\Local\Programs\MiKTeX\tex/latex/vntex\t5enc.dfu
File: t5enc.dfu 2006/08/19 v1.1 UTF8 support for Vietnamese
   defining Unicode char U+00AB (decimal 171)
   defining Unicode char U+00BB (decimal 187)
   defining Unicode char U+00C0 (decimal 192)
   defining Unicode char U+00C1 (decimal 193)
   defining Unicode char U+00C2 (decimal 194)
   defining Unicode char U+00C3 (decimal 195)
   defining Unicode char U+00C8 (decimal 200)
   defining Unicode char U+00C9 (decimal 201)
   defining Unicode char U+00CA (decimal 202)
   defining Unicode char U+00CC (decimal 204)
   defining Unicode char U+00CD (decimal 205)
   defining Unicode char U+00D2 (decimal 210)
   defining Unicode char U+00D3 (decimal 211)
   defining Unicode char U+00D4 (decimal 212)
   defining Unicode char U+00D5 (decimal 213)
   defining Unicode char U+00D9 (decimal 217)
   defining Unicode char U+00DA (decimal 218)
   defining Unicode char U+00DD (decimal 221)
   defining Unicode char U+00E0 (decimal 224)
   defining Unicode char U+00E1 (decimal 225)
   defining Unicode char U+00E2 (decimal 226)
   defining Unicode char U+00E3 (decimal 227)
   defining Unicode char U+00E8 (decimal 232)
   defining Unicode char U+00E9 (decimal 233)
   defining Unicode char U+00EA (decimal 234)
   defining Unicode char U+00EC (decimal 236)
   defining Unicode char U+00ED (decimal 237)
   defining Unicode char U+00F2 (decimal 242)
   defining Unicode char U+00F3 (decimal 243)
   defining Unicode char U+00F4 (decimal 244)
   defining Unicode char U+00F5 (decimal 245)
   defining Unicode char U+00F9 (decimal 249)
   defining Unicode char U+00FA (decimal 250)
   defining Unicode char U+00FD (decimal 253)
   defining Unicode char U+0102 (decimal 258)
   defining Unicode char U+0103 (decimal 259)
   defining Unicode char U+0110 (decimal 272)
   defining Unicode char U+0111 (decimal 273)
   defining Unicode char U+0128 (decimal 296)
   defining Unicode char U+0129 (decimal 297)
   defining Unicode char U+0131 (decimal 305)
   defining Unicode char U+0168 (decimal 360)
   defining Unicode char U+0169 (decimal 361)
   defining Unicode char U+01A0 (decimal 416)
   defining Unicode char U+01A1 (decimal 417)
   defining Unicode char U+01AF (decimal 431)
   defining Unicode char U+01B0 (decimal 432)
   defining Unicode char U+1EA0 (decimal 7840)
   defining Unicode char U+1EA1 (decimal 7841)
   defining Unicode char U+1EA2 (decimal 7842)
   defining Unicode char U+1EA3 (decimal 7843)
   defining Unicode char U+1EA4 (decimal 7844)
   defining Unicode char U+1EA5 (decimal 7845)
   defining Unicode char U+1EA6 (decimal 7846)
   defining Unicode char U+1EA7 (decimal 7847)
   defining Unicode char U+1EA8 (decimal 7848)
   defining Unicode char U+1EA9 (decimal 7849)
   defining Unicode char U+1EAA (decimal 7850)
   defining Unicode char U+1EAB (decimal 7851)
   defining Unicode char U+1EAC (decimal 7852)
   defining Unicode char U+1EAD (decimal 7853)
   defining Unicode char U+1EAE (decimal 7854)
   defining Unicode char U+1EAF (decimal 7855)
   defining Unicode char U+1EB0 (decimal 7856)
   defining Unicode char U+1EB1 (decimal 7857)
   defining Unicode char U+1EB2 (decimal 7858)
   defining Unicode char U+1EB3 (decimal 7859)
   defining Unicode char U+1EB4 (decimal 7860)
   defining Unicode char U+1EB5 (decimal 7861)
   defining Unicode char U+1EB6 (decimal 7862)
   defining Unicode char U+1EB7 (decimal 7863)
   defining Unicode char U+1EB8 (decimal 7864)
   defining Unicode char U+1EB9 (decimal 7865)
   defining Unicode char U+1EBA (decimal 7866)
   defining Unicode char U+1EBB (decimal 7867)
   defining Unicode char U+1EBC (decimal 7868)
   defining Unicode char U+1EBD (decimal 7869)
   defining Unicode char U+1EBE (decimal 7870)
   defining Unicode char U+1EBF (decimal 7871)
   defining Unicode char U+1EC0 (decimal 7872)
   defining Unicode char U+1EC1 (decimal 7873)
   defining Unicode char U+1EC2 (decimal 7874)
   defining Unicode char U+1EC3 (decimal 7875)
   defining Unicode char U+1EC4 (decimal 7876)
   defining Unicode char U+1EC5 (decimal 7877)
   defining Unicode char U+1EC6 (decimal 7878)
   defining Unicode char U+1EC7 (decimal 7879)
   defining Unicode char U+1EC8 (decimal 7880)
   defining Unicode char U+1EC9 (decimal 7881)
   defining Unicode char U+1ECA (decimal 7882)
   defining Unicode char U+1ECB (decimal 7883)
   defining Unicode char U+1ECC (decimal 7884)
   defining Unicode char U+1ECD (decimal 7885)
   defining Unicode char U+1ECE (decimal 7886)
   defining Unicode char U+1ECF (decimal 7887)
   defining Unicode char U+1ED0 (decimal 7888)
   defining Unicode char U+1ED1 (decimal 7889)
   defining Unicode char U+1ED2 (decimal 7890)
   defining Unicode char U+1ED3 (decimal 7891)
   defining Unicode char U+1ED4 (decimal 7892)
   defining Unicode char U+1ED5 (decimal 7893)
   defining Unicode char U+1ED6 (decimal 7894)
   defining Unicode char U+1ED7 (decimal 7895)
   defining Unicode char U+1ED8 (decimal 7896)
   defining Unicode char U+1ED9 (decimal 7897)
   defining Unicode char U+1EDA (decimal 7898)
   defining Unicode char U+1EDB (decimal 7899)
   defining Unicode char U+1EDC (decimal 7900)
   defining Unicode char U+1EDD (decimal 7901)
   defining Unicode char U+1EDE (decimal 7902)
   defining Unicode char U+1EDF (decimal 7903)
   defining Unicode char U+1EE0 (decimal 7904)
   defining Unicode char U+1EE1 (decimal 7905)
   defining Unicode char U+1EE2 (decimal 7906)
   defining Unicode char U+1EE3 (decimal 7907)
   defining Unicode char U+1EE4 (decimal 7908)
   defining Unicode char U+1EE5 (decimal 7909)
   defining Unicode char U+1EE6 (decimal 7910)
   defining Unicode char U+1EE7 (decimal 7911)
   defining Unicode char U+1EE8 (decimal 7912)
   defining Unicode char U+1EE9 (decimal 7913)
   defining Unicode char U+1EEA (decimal 7914)
   defining Unicode char U+1EEB (decimal 7915)
   defining Unicode char U+1EEC (decimal 7916)
   defining Unicode char U+1EED (decimal 7917)
   defining Unicode char U+1EEE (decimal 7918)
   defining Unicode char U+1EEF (decimal 7919)
   defining Unicode char U+1EF0 (decimal 7920)
   defining Unicode char U+1EF1 (decimal 7921)
   defining Unicode char U+1EF2 (decimal 7922)
   defining Unicode char U+1EF3 (decimal 7923)
   defining Unicode char U+1EF4 (decimal 7924)
   defining Unicode char U+1EF5 (decimal 7925)
   defining Unicode char U+1EF6 (decimal 7926)
   defining Unicode char U+1EF7 (decimal 7927)
   defining Unicode char U+1EF8 (decimal 7928)
   defining Unicode char U+1EF9 (decimal 7929)
   defining Unicode char U+200C (decimal 8204)
   defining Unicode char U+2013 (decimal 8211)
   defining Unicode char U+2014 (decimal 8212)
   defining Unicode char U+2018 (decimal 8216)
   defining Unicode char U+2019 (decimal 8217)
   defining Unicode char U+201A (decimal 8218)
   defining Unicode char U+201C (decimal 8220)
   defining Unicode char U+201D (decimal 8221)
   defining Unicode char U+201E (decimal 8222)
   defining Unicode char U+2030 (decimal 8240)
   defining Unicode char U+2031 (decimal 8241)
   defining Unicode char U+2039 (decimal 8249)
   defining Unicode char U+203A (decimal 8250)
   defining Unicode char U+2423 (decimal 9251)
))
LaTeX Font Info:    Trying to load font information for T5+cmr on input line 11
6.

(C:\Users\thanh\AppData\Local\Programs\MiKTeX\tex/latex/vntex\t5cmr.fd
File: t5cmr.fd 1999/05/25 v2.5h Standard LaTeX font definitions
))
(C:\Users\thanh\AppData\Local\Programs\MiKTeX\tex/latex/base\inputenc.sty
Package: inputenc 2024/02/08 v1.3d Input encoding file
\inpenc@prehook=\toks18
\inpenc@posthook=\toks19
)
(C:\Users\thanh\AppData\Local\Programs\MiKTeX\tex/latex/graphics\color.sty
Package: color 2025/01/14 v1.3e Standard LaTeX Color (DPC)

(C:\Users\thanh\AppData\Local\Programs\MiKTeX\tex/latex/graphics-cfg\color.cfg
File: color.cfg 2016/01/02 v1.6 sample color configuration
)
Package color Info: Driver file: pdftex.def on input line 149.
(C:\Users\thanh\AppData\Local\Programs\MiKTeX\tex/latex/graphics\mathcolor.ltx)
)
Package color Info: Redefining color red on input line 7.
Package color Info: Redefining color cyan on input line 14.
\headingwidth=\skip54
\backdrop=\skip55
\backheight=\skip56
\backwidth=\skip57
\xborder=\skip58
\yborder=\skip59
\headtotal=\skip60
\codewidth=\skip61
\boxwidth=\skip62
\boxheight=\skip63
\skipwidth=\skip64
\roomheight=\skip65
\charheight=\skip66
\marginlineskip=\skip67
\marginwidth=\skip68
\textplusmarginwidth=\skip69
\maxfigwidth=\skip70
\tablewidth=\skip71
\captionskip=\skip72
\tcaptionskip=\skip73
)
(C:\Users\thanh\AppData\Local\Programs\MiKTeX\tex/latex/l3backend\l3backend-pdf
tex.def
File: l3backend-pdftex.def 2025-10-09 L3 backend support: PDF output (pdfTeX)
\l__color_backend_stack_int=\count283
) (chapter15a.aux)
\openout1 = `chapter15a.aux'.

LaTeX Font Info:    Checking defaults for OML/cmm/m/it on input line 6.
LaTeX Font Info:    ... okay on input line 6.
LaTeX Font Info:    Checking defaults for OMS/cmsy/m/n on input line 6.
LaTeX Font Info:    ... okay on input line 6.
LaTeX Font Info:    Checking defaults for OT1/cmr/m/n on input line 6.
LaTeX Font Info:    ... okay on input line 6.
LaTeX Font Info:    Checking defaults for T1/cmr/m/n on input line 6.
LaTeX Font Info:    ... okay on input line 6.
LaTeX Font Info:    Checking defaults for TS1/cmr/m/n on input line 6.
LaTeX Font Info:    ... okay on input line 6.
LaTeX Font Info:    Checking defaults for OMX/cmex/m/n on input line 6.
LaTeX Font Info:    ... okay on input line 6.
LaTeX Font Info:    Checking defaults for U/cmr/m/n on input line 6.
LaTeX Font Info:    ... okay on input line 6.
LaTeX Font Info:    Checking defaults for T5/cmr/m/n on input line 6.
LaTeX Font Info:    ... okay on input line 6.

(C:\Users\thanh\AppData\Local\Programs\MiKTeX\tex/context/base/mkii\supp-pdf.mk
ii
[Loading MPS to PDF converter (version 2006.09.02).]
\scratchcounter=\count284
\scratchdimen=\dimen151
\scratchbox=\box53
\nofMPsegments=\count285
\nofMParguments=\count286
\everyMPshowfont=\toks20
\MPscratchCnt=\count287
\MPscratchDim=\dimen152
\MPnumerator=\count288
\makeMPintoPDFobject=\count289
\everyMPtoPDFconversion=\toks21
) [1


Non-PDF special ignored!
<special> papersize=11in,8.5in
{C:/Users/thanh/AppData/Local/MiKTeX/fonts/map/pdftex/pdftex.map}]
LaTeX Font Info:    Trying to load font information for T5+cmss on input line 1
1.

(C:\Users\thanh\AppData\Local\Programs\MiKTeX\tex/latex/vntex\t5cmss.fd
File: t5cmss.fd 1999/05/25 v2.5h Standard LaTeX font definitions
)
LaTeX Font Info:    External font `cmex10' loaded for size
(Font)              <20.74> on input line 16.
LaTeX Font Info:    External font `cmex10' loaded for size
(Font)              <14.4> on input line 16.
LaTeX Font Info:    External font `cmex10' loaded for size
(Font)              <12> on input line 16.

[2]

LaTeX Font Warning: Font shape `T5/cmss/m/it' in size <20.74> not available
(Font)              Font shape `T5/cmss/m/sl' tried instead on input line 44.

[3] [4]
Package epstopdf Info: Source file: <figures/markov-processes.ps>
(epstopdf)                    date: 2026-07-15 08:15:05
(epstopdf)                    size: 22819 bytes
(epstopdf)             Output file: <figures/markov-processes-ps-converted-to.p
df>
(epstopdf)             Command: <epstopdf figures/markov-processes.ps --outfile
=figures/markov-processes-ps-converted-to.pdf>
(epstopdf)             \includegraphics on input line 62.
runsystem(epstopdf figures/markov-processes.ps --outfile=figures/markov-process
es-ps-converted-to.pdf)...executed.

Package epstopdf Info: Result file: <figures/markov-processes-ps-converted-to.p
df>
(epstopdf)                    date: 2026-07-16 17:08:07
(epstopdf)                    size: 8491 bytes.
<figures/markov-processes-ps-converted-to.pdf, id=23, 610.28pt x 138.5175pt>
File: figures/markov-processes-ps-converted-to.pdf Graphic file (type pdf)
<use figures/markov-processes-ps-converted-to.pdf>
Package pdftex.def Info: figures/markov-processes-ps-converted-to.pdf  used on 
input line 62.
(pdftex.def)             Requested size: 614.295pt x 139.43445pt.
 [5 <./figures/markov-processes-ps-converted-to.pdf>]
Package epstopdf Info: Source file: <figures/umbrella-dbn.ps>
(epstopdf)                    date: 2026-07-15 08:15:06
(epstopdf)                    size: 22771 bytes
(epstopdf)             Output file: <figures/umbrella-dbn-ps-converted-to.pdf>
(epstopdf)             Command: <epstopdf figures/umbrella-dbn.ps --outfile=fig
ures/umbrella-dbn-ps-converted-to.pdf>
(epstopdf)             \includegraphics on input line 77.
runsystem(epstopdf figures/umbrella-dbn.ps --outfile=figures/umbrella-dbn-ps-co
nverted-to.pdf)...executed.

Package epstopdf Info: Result file: <figures/umbrella-dbn-ps-converted-to.pdf>
(epstopdf)                    date: 2026-07-16 17:08:09
(epstopdf)                    size: 7867 bytes.
<figures/umbrella-dbn-ps-converted-to.pdf, id=43, 426.59375pt x 158.5925pt>
File: figures/umbrella-dbn-ps-converted-to.pdf Graphic file (type pdf)
<use figures/umbrella-dbn-ps-converted-to.pdf>
Package pdftex.def Info: figures/umbrella-dbn-ps-converted-to.pdf  used on inpu
t line 77.
(pdftex.def)             Requested size: 491.43787pt x 182.71146pt.
 [6 <./figures/umbrella-dbn-ps-converted-to.pdf>] [7] [8] [9]

LaTeX Font Warning: Command \Huge invalid in math mode on input line 124.

LaTeX Font Info:    External font `cmex10' loaded for size
(Font)              <24.88> on input line 124.
LaTeX Font Info:    External font `cmex10' loaded for size
(Font)              <17.28> on input line 124.

LaTeX Font Warning: Command \Huge invalid in math mode on input line 124.

[10]
Package epstopdf Info: Source file: <figures/umbrella-filter.ps>
(epstopdf)                    date: 2026-07-15 08:15:06
(epstopdf)                    size: 18489 bytes
(epstopdf)             Output file: <figures/umbrella-filter-ps-converted-to.pd
f>
(epstopdf)             Command: <epstopdf figures/umbrella-filter.ps --outfile=
figures/umbrella-filter-ps-converted-to.pdf>
(epstopdf)             \includegraphics on input line 135.
runsystem(epstopdf figures/umbrella-filter.ps --outfile=figures/umbrella-filter
-ps-converted-to.pdf)...executed.

Package epstopdf Info: Result file: <figures/umbrella-filter-ps-converted-to.pd
f>
(epstopdf)                    date: 2026-07-16 17:08:11
(epstopdf)                    size: 8298 bytes.
<figures/umbrella-filter-ps-converted-to.pdf, id=69, 421.575pt x 263.98625pt>
File: figures/umbrella-filter-ps-converted-to.pdf Graphic file (type pdf)
<use figures/umbrella-filter-ps-converted-to.pdf>
Package pdftex.def Info: figures/umbrella-filter-ps-converted-to.pdf  used on i
nput line 135.
(pdftex.def)             Requested size: 491.43787pt x 307.73882pt.
 [11 <./figures/umbrella-filter-ps-converted-to.pdf>]
Package epstopdf Info: Source file: <figures/smoothing-dbn.ps>
(epstopdf)                    date: 2026-07-15 08:15:06
(epstopdf)                    size: 17527 bytes
(epstopdf)             Output file: <figures/smoothing-dbn-ps-converted-to.pdf>

(epstopdf)             Command: <epstopdf figures/smoothing-dbn.ps --outfile=fi
gures/smoothing-dbn-ps-converted-to.pdf>
(epstopdf)             \includegraphics on input line 153.
runsystem(epstopdf figures/smoothing-dbn.ps --outfile=figures/smoothing-dbn-ps-
converted-to.pdf)...executed.

Package epstopdf Info: Result file: <figures/smoothing-dbn-ps-converted-to.pdf>

(epstopdf)                    date: 2026-07-16 17:08:13
(epstopdf)                    size: 6432 bytes.
<figures/smoothing-dbn-ps-converted-to.pdf, id=84, 554.07pt x 138.5175pt>
File: figures/smoothing-dbn-ps-converted-to.pdf Graphic file (type pdf)
<use figures/smoothing-dbn-ps-converted-to.pdf>
Package pdftex.def Info: figures/smoothing-dbn-ps-converted-to.pdf  used on inp
ut line 153.
(pdftex.def)             Requested size: 368.58073pt x 92.14467pt.


LaTeX Font Warning: Command \Huge invalid in math mode on input line 171.


LaTeX Font Warning: Command \Huge invalid in math mode on input line 171.


LaTeX Font Warning: Command \Huge invalid in math mode on input line 171.

[12 <./figures/smoothing-dbn-ps-converted-to.pdf>] [13]
Package epstopdf Info: Source file: <figures/umbrella-smooth.ps>
(epstopdf)                    date: 2026-07-15 08:15:07
(epstopdf)                    size: 20932 bytes
(epstopdf)             Output file: <figures/umbrella-smooth-ps-converted-to.pd
f>
(epstopdf)             Command: <epstopdf figures/umbrella-smooth.ps --outfile=
figures/umbrella-smooth-ps-converted-to.pdf>
(epstopdf)             \includegraphics on input line 179.
runsystem(epstopdf figures/umbrella-smooth.ps --outfile=figures/umbrella-smooth
-ps-converted-to.pdf)...executed.

Package epstopdf Info: Result file: <figures/umbrella-smooth-ps-converted-to.pd
f>
(epstopdf)                    date: 2026-07-16 17:08:15
(epstopdf)                    size: 9355 bytes.
<figures/umbrella-smooth-ps-converted-to.pdf, id=103, 449.68pt x 355.3275pt>
File: figures/umbrella-smooth-ps-converted-to.pdf Graphic file (type pdf)
<use figures/umbrella-smooth-ps-converted-to.pdf>
Package pdftex.def Info: figures/umbrella-smooth-ps-converted-to.pdf  used on i
nput line 179.
(pdftex.def)             Requested size: 442.29314pt x 349.50354pt.
 [14 <./figures/umbrella-smooth-ps-converted-to.pdf>] [15] [16] [17]
Package epstopdf Info: Source file: <figures/umbrella-paths.ps>
(epstopdf)                    date: 2026-07-15 08:15:07
(epstopdf)                    size: 30296 bytes
(epstopdf)             Output file: <figures/umbrella-paths-ps-converted-to.pdf
>
(epstopdf)             Command: <epstopdf figures/umbrella-paths.ps --outfile=f
igures/umbrella-paths-ps-converted-to.pdf>
(epstopdf)             \includegraphics on input line 221.
runsystem(epstopdf figures/umbrella-paths.ps --outfile=figures/umbrella-paths-p
s-converted-to.pdf)...executed.

Package epstopdf Info: Result file: <figures/umbrella-paths-ps-converted-to.pdf
>
(epstopdf)                    date: 2026-07-16 17:08:17
(epstopdf)                    size: 10920 bytes.
<figures/umbrella-paths-ps-converted-to.pdf, id=128, 398.48875pt x 218.8175pt>
File: figures/umbrella-paths-ps-converted-to.pdf Graphic file (type pdf)
<use figures/umbrella-paths-ps-converted-to.pdf>
Package pdftex.def Info: figures/umbrella-paths-ps-converted-to.pdf  used on in
put line 221.
(pdftex.def)             Requested size: 491.43787pt x 269.86845pt.
 [18 <./figures/umbrella-paths-ps-converted-to.pdf>] [19]
Package epstopdf Info: Source file: <figures/country-dance01c.ps>
(epstopdf)                    date: 2026-07-15 08:15:02
(epstopdf)                    size: 13392 bytes
(epstopdf)             Output file: <figures/country-dance01c-ps-converted-to.p
df>
(epstopdf)             Command: <epstopdf figures/country-dance01c.ps --outfile
=figures/country-dance01c-ps-converted-to.pdf>
(epstopdf)             \includegraphics on input line 258.
runsystem(epstopdf figures/country-dance01c.ps --outfile=figures/country-dance0
1c-ps-converted-to.pdf)...executed.

Package epstopdf Info: Result file: <figures/country-dance01c-ps-converted-to.p
df>
(epstopdf)                    date: 2026-07-16 17:08:19
(epstopdf)                    size: 4028 bytes.
<figures/country-dance01c-ps-converted-to.pdf, id=150, 246.9225pt x 77.28876pt>

File: figures/country-dance01c-ps-converted-to.pdf Graphic file (type pdf)
<use figures/country-dance01c-ps-converted-to.pdf>
Package pdftex.def Info: figures/country-dance01c-ps-converted-to.pdf  used on 
input line 258.
(pdftex.def)             Requested size: 368.58073pt x 115.37502pt.
 [20 <./figures/country-dance01c-ps-converted-to.pdf>]
Package epstopdf Info: Source file: <figures/country-dance02c.ps>
(epstopdf)                    date: 2026-07-15 08:15:02
(epstopdf)                    size: 13392 bytes
(epstopdf)             Output file: <figures/country-dance02c-ps-converted-to.p
df>
(epstopdf)             Command: <epstopdf figures/country-dance02c.ps --outfile
=figures/country-dance02c-ps-converted-to.pdf>
(epstopdf)             \includegraphics on input line 275.
runsystem(epstopdf figures/country-dance02c.ps --outfile=figures/country-dance0
2c-ps-converted-to.pdf)...executed.

Package epstopdf Info: Result file: <figures/country-dance02c-ps-converted-to.p
df>
(epstopdf)                    date: 2026-07-16 17:08:21
(epstopdf)                    size: 4017 bytes.
<figures/country-dance02c-ps-converted-to.pdf, id=156, 246.9225pt x 77.28876pt>

File: figures/country-dance02c-ps-converted-to.pdf Graphic file (type pdf)
<use figures/country-dance02c-ps-converted-to.pdf>
Package pdftex.def Info: figures/country-dance02c-ps-converted-to.pdf  used on 
input line 275.
(pdftex.def)             Requested size: 368.58073pt x 115.37502pt.

[21 <./figures/country-dance02c-ps-converted-to.pdf>]
Package epstopdf Info: Source file: <figures/country-dance03c.ps>
(epstopdf)                    date: 2026-07-15 08:15:02
(epstopdf)                    size: 13392 bytes
(epstopdf)             Output file: <figures/country-dance03c-ps-converted-to.p
df>
(epstopdf)             Command: <epstopdf figures/country-dance03c.ps --outfile
=figures/country-dance03c-ps-converted-to.pdf>
(epstopdf)             \includegraphics on input line 292.
runsystem(epstopdf figures/country-dance03c.ps --outfile=figures/country-dance0
3c-ps-converted-to.pdf)...executed.

Package epstopdf Info: Result file: <figures/country-dance03c-ps-converted-to.p
df>
(epstopdf)                    date: 2026-07-16 17:08:23
(epstopdf)                    size: 4000 bytes.
<figures/country-dance03c-ps-converted-to.pdf, id=162, 246.9225pt x 77.28876pt>

File: figures/country-dance03c-ps-converted-to.pdf Graphic file (type pdf)
<use figures/country-dance03c-ps-converted-to.pdf>
Package pdftex.def Info: figures/country-dance03c-ps-converted-to.pdf  used on 
input line 292.
(pdftex.def)             Requested size: 368.58073pt x 115.37502pt.
 [22 <./figures/country-dance03c-ps-converted-to.pdf>]
Package epstopdf Info: Source file: <figures/country-dance04c.ps>
(epstopdf)                    date: 2026-07-15 08:15:02
(epstopdf)                    size: 13392 bytes
(epstopdf)             Output file: <figures/country-dance04c-ps-converted-to.p
df>
(epstopdf)             Command: <epstopdf figures/country-dance04c.ps --outfile
=figures/country-dance04c-ps-converted-to.pdf>
(epstopdf)             \includegraphics on input line 309.
runsystem(epstopdf figures/country-dance04c.ps --outfile=figures/country-dance0
4c-ps-converted-to.pdf)...executed.

Package epstopdf Info: Result file: <figures/country-dance04c-ps-converted-to.p
df>
(epstopdf)                    date: 2026-07-16 17:08:26
(epstopdf)                    size: 4003 bytes.
<figures/country-dance04c-ps-converted-to.pdf, id=168, 246.9225pt x 77.28876pt>

File: figures/country-dance04c-ps-converted-to.pdf Graphic file (type pdf)
<use figures/country-dance04c-ps-converted-to.pdf>
Package pdftex.def Info: figures/country-dance04c-ps-converted-to.pdf  used on 
input line 309.
(pdftex.def)             Requested size: 368.58073pt x 115.37502pt.
 [23 <./figures/country-dance04c-ps-converted-to.pdf>]
Package epstopdf Info: Source file: <figures/country-dance05c.ps>
(epstopdf)                    date: 2026-07-15 08:15:02
(epstopdf)                    size: 13392 bytes
(epstopdf)             Output file: <figures/country-dance05c-ps-converted-to.p
df>
(epstopdf)             Command: <epstopdf figures/country-dance05c.ps --outfile
=figures/country-dance05c-ps-converted-to.pdf>
(epstopdf)             \includegraphics on input line 326.
runsystem(epstopdf figures/country-dance05c.ps --outfile=figures/country-dance0
5c-ps-converted-to.pdf)...executed.

Package epstopdf Info: Result file: <figures/country-dance05c-ps-converted-to.p
df>
(epstopdf)                    date: 2026-07-16 17:08:28
(epstopdf)                    size: 4005 bytes.
<figures/country-dance05c-ps-converted-to.pdf, id=174, 246.9225pt x 77.28876pt>

File: figures/country-dance05c-ps-converted-to.pdf Graphic file (type pdf)
<use figures/country-dance05c-ps-converted-to.pdf>
Package pdftex.def Info: figures/country-dance05c-ps-converted-to.pdf  used on 
input line 326.
(pdftex.def)             Requested size: 368.58073pt x 115.37502pt.
 [24 <./figures/country-dance05c-ps-converted-to.pdf>]
Package epstopdf Info: Source file: <figures/country-dance06c.ps>
(epstopdf)                    date: 2026-07-15 08:15:03
(epstopdf)                    size: 13821 bytes
(epstopdf)             Output file: <figures/country-dance06c-ps-converted-to.p
df>
(epstopdf)             Command: <epstopdf figures/country-dance06c.ps --outfile
=figures/country-dance06c-ps-converted-to.pdf>
(epstopdf)             \includegraphics on input line 343.
runsystem(epstopdf figures/country-dance06c.ps --outfile=figures/country-dance0
6c-ps-converted-to.pdf)...executed.

Package epstopdf Info: Result file: <figures/country-dance06c-ps-converted-to.p
df>
(epstopdf)                    date: 2026-07-16 17:08:30
(epstopdf)                    size: 4461 bytes.
<figures/country-dance06c-ps-converted-to.pdf, id=180, 246.9225pt x 77.28876pt>

File: figures/country-dance06c-ps-converted-to.pdf Graphic file (type pdf)
<use figures/country-dance06c-ps-converted-to.pdf>
Package pdftex.def Info: figures/country-dance06c-ps-converted-to.pdf  used on 
input line 343.
(pdftex.def)             Requested size: 368.58073pt x 115.37502pt.
 [25 <./figures/country-dance06c-ps-converted-to.pdf>]
Package epstopdf Info: Source file: <figures/country-dance07c.ps>
(epstopdf)                    date: 2026-07-15 08:15:03
(epstopdf)                    size: 13857 bytes
(epstopdf)             Output file: <figures/country-dance07c-ps-converted-to.p
df>
(epstopdf)             Command: <epstopdf figures/country-dance07c.ps --outfile
=figures/country-dance07c-ps-converted-to.pdf>
(epstopdf)             \includegraphics on input line 360.
runsystem(epstopdf figures/country-dance07c.ps --outfile=figures/country-dance0
7c-ps-converted-to.pdf)...executed.

Package epstopdf Info: Result file: <figures/country-dance07c-ps-converted-to.p
df>
(epstopdf)                    date: 2026-07-16 17:08:32
(epstopdf)                    size: 4443 bytes.
<figures/country-dance07c-ps-converted-to.pdf, id=187, 246.9225pt x 77.28876pt>

File: figures/country-dance07c-ps-converted-to.pdf Graphic file (type pdf)
<use figures/country-dance07c-ps-converted-to.pdf>
Package pdftex.def Info: figures/country-dance07c-ps-converted-to.pdf  used on 
input line 360.
(pdftex.def)             Requested size: 368.58073pt x 115.37502pt.
 [26 <./figures/country-dance07c-ps-converted-to.pdf>]
Package epstopdf Info: Source file: <figures/country-dance08c.ps>
(epstopdf)                    date: 2026-07-15 08:15:03
(epstopdf)                    size: 13853 bytes
(epstopdf)             Output file: <figures/country-dance08c-ps-converted-to.p
df>
(epstopdf)             Command: <epstopdf figures/country-dance08c.ps --outfile
=figures/country-dance08c-ps-converted-to.pdf>
(epstopdf)             \includegraphics on input line 377.
runsystem(epstopdf figures/country-dance08c.ps --outfile=figures/country-dance0
8c-ps-converted-to.pdf)...executed.

Package epstopdf Info: Result file: <figures/country-dance08c-ps-converted-to.p
df>
(epstopdf)                    date: 2026-07-16 17:08:34
(epstopdf)                    size: 4450 bytes.
<figures/country-dance08c-ps-converted-to.pdf, id=193, 246.9225pt x 77.28876pt>

File: figures/country-dance08c-ps-converted-to.pdf Graphic file (type pdf)
<use figures/country-dance08c-ps-converted-to.pdf>
Package pdftex.def Info: figures/country-dance08c-ps-converted-to.pdf  used on 
input line 377.
(pdftex.def)             Requested size: 368.58073pt x 115.37502pt.
 [27 <./figures/country-dance08c-ps-converted-to.pdf>]
Package epstopdf Info: Source file: <figures/country-dance09c.ps>
(epstopdf)                    date: 2026-07-15 08:15:03
(epstopdf)                    size: 13853 bytes
(epstopdf)             Output file: <figures/country-dance09c-ps-converted-to.p
df>
(epstopdf)             Command: <epstopdf figures/country-dance09c.ps --outfile
=figures/country-dance09c-ps-converted-to.pdf>
(epstopdf)             \includegraphics on input line 394.
runsystem(epstopdf figures/country-dance09c.ps --outfile=figures/country-dance0
9c-ps-converted-to.pdf)...executed.

Package epstopdf Info: Result file: <figures/country-dance09c-ps-converted-to.p
df>
(epstopdf)                    date: 2026-07-16 17:08:36
(epstopdf)                    size: 4460 bytes.
<figures/country-dance09c-ps-converted-to.pdf, id=199, 246.9225pt x 77.28876pt>

File: figures/country-dance09c-ps-converted-to.pdf Graphic file (type pdf)
<use figures/country-dance09c-ps-converted-to.pdf>
Package pdftex.def Info: figures/country-dance09c-ps-converted-to.pdf  used on 
input line 394.
(pdftex.def)             Requested size: 368.58073pt x 115.37502pt.
 [28 <./figures/country-dance09c-ps-converted-to.pdf>]
Package epstopdf Info: Source file: <figures/country-dance10c.ps>
(epstopdf)                    date: 2026-07-15 08:15:03
(epstopdf)                    size: 13853 bytes
(epstopdf)             Output file: <figures/country-dance10c-ps-converted-to.p
df>
(epstopdf)             Command: <epstopdf figures/country-dance10c.ps --outfile
=figures/country-dance10c-ps-converted-to.pdf>
(epstopdf)             \includegraphics on input line 411.
runsystem(epstopdf figures/country-dance10c.ps --outfile=figures/country-dance1
0c-ps-converted-to.pdf)...executed.

Package epstopdf Info: Result file: <figures/country-dance10c-ps-converted-to.p
df>
(epstopdf)                    date: 2026-07-16 17:08:39
(epstopdf)                    size: 4484 bytes.
<figures/country-dance10c-ps-converted-to.pdf, id=205, 246.9225pt x 77.28876pt>

File: figures/country-dance10c-ps-converted-to.pdf Graphic file (type pdf)
<use figures/country-dance10c-ps-converted-to.pdf>
Package pdftex.def Info: figures/country-dance10c-ps-converted-to.pdf  used on 
input line 411.
(pdftex.def)             Requested size: 368.58073pt x 115.37502pt.
 [29 <./figures/country-dance10c-ps-converted-to.pdf>]
Package epstopdf Info: Source file: <figures/kalman-network.ps>
(epstopdf)                    date: 2026-07-15 08:15:05
(epstopdf)                    size: 18286 bytes
(epstopdf)             Output file: <figures/kalman-network-ps-converted-to.pdf
>
(epstopdf)             Command: <epstopdf figures/kalman-network.ps --outfile=f
igures/kalman-network-ps-converted-to.pdf>
(epstopdf)             \includegraphics on input line 427.
runsystem(epstopdf figures/kalman-network.ps --outfile=figures/kalman-network-p
s-converted-to.pdf)...executed.

Package epstopdf Info: Result file: <figures/kalman-network-ps-converted-to.pdf
>
(epstopdf)                    date: 2026-07-16 17:08:40
(epstopdf)                    size: 6254 bytes.
<figures/kalman-network-ps-converted-to.pdf, id=211, 225.84375pt x 152.57pt>
File: figures/kalman-network-ps-converted-to.pdf Graphic file (type pdf)
<use figures/kalman-network-ps-converted-to.pdf>
Package pdftex.def Info: figures/kalman-network-ps-converted-to.pdf  used on in
put line 427.
(pdftex.def)             Requested size: 307.14749pt x 207.52272pt.
 [30 <./figures/kalman-network-ps-converted-to.pdf>] [31] [32]
Package epstopdf Info: Source file: <graphs/kalman-one-step.ps>
(epstopdf)                    date: 2026-07-15 08:15:08
(epstopdf)                    size: 14178 bytes
(epstopdf)             Output file: <graphs/kalman-one-step-ps-converted-to.pdf
>
(epstopdf)             Command: <epstopdf graphs/kalman-one-step.ps --outfile=g
raphs/kalman-one-step-ps-converted-to.pdf>
(epstopdf)             \includegraphics on input line 469.
runsystem(epstopdf graphs/kalman-one-step.ps --outfile=graphs/kalman-one-step-p
s-converted-to.pdf)...executed.

Package epstopdf Info: Result file: <graphs/kalman-one-step-ps-converted-to.pdf
>
(epstopdf)                    date: 2026-07-16 17:08:42
(epstopdf)                    size: 7514 bytes.
<graphs/kalman-one-step-ps-converted-to.pdf, id=235, 505.89pt x 361.35pt>
File: graphs/kalman-one-step-ps-converted-to.pdf Graphic file (type pdf)
<use graphs/kalman-one-step-ps-converted-to.pdf>
Package pdftex.def Info: graphs/kalman-one-step-ps-converted-to.pdf  used on in
put line 469.
(pdftex.def)             Requested size: 430.00462pt x 307.15446pt.

[33] [34 <./graphs/kalman-one-step-ps-converted-to.pdf>] [35]
Package epstopdf Info: Source file: <figures/kalman-filtering.ps>
(epstopdf)                    date: 2026-07-15 08:15:05
(epstopdf)                    size: 45466 bytes
(epstopdf)             Output file: <figures/kalman-filtering-ps-converted-to.p
df>
(epstopdf)             Command: <epstopdf figures/kalman-filtering.ps --outfile
=figures/kalman-filtering-ps-converted-to.pdf>
(epstopdf)             \includegraphics on input line 509.
runsystem(epstopdf figures/kalman-filtering.ps --outfile=figures/kalman-filteri
ng-ps-converted-to.pdf)...executed.

Package epstopdf Info: Result file: <figures/kalman-filtering-ps-converted-to.p
df>
(epstopdf)                    date: 2026-07-16 17:08:44
(epstopdf)                    size: 16490 bytes.
<figures/kalman-filtering-ps-converted-to.pdf, id=250, 485.815pt x 400.49625pt>

File: figures/kalman-filtering-ps-converted-to.pdf Graphic file (type pdf)
<use figures/kalman-filtering-ps-converted-to.pdf>
Package pdftex.def Info: figures/kalman-filtering-ps-converted-to.pdf  used on 
input line 509.
(pdftex.def)             Requested size: 486.63899pt x 401.17358pt.
 [36] [37 <./figures/kalman-filtering-ps-converted-to.pdf>]
Package epstopdf Info: Source file: <figures/kalman-smoothing.ps>
(epstopdf)                    date: 2026-07-15 08:15:05
(epstopdf)                    size: 47426 bytes
(epstopdf)             Output file: <figures/kalman-smoothing-ps-converted-to.p
df>
(epstopdf)             Command: <epstopdf figures/kalman-smoothing.ps --outfile
=figures/kalman-smoothing-ps-converted-to.pdf>
(epstopdf)             \includegraphics on input line 517.
runsystem(epstopdf figures/kalman-smoothing.ps --outfile=figures/kalman-smoothi
ng-ps-converted-to.pdf)...executed.

Package epstopdf Info: Result file: <figures/kalman-smoothing-ps-converted-to.p
df>
(epstopdf)                    date: 2026-07-16 17:08:46
(epstopdf)                    size: 16726 bytes.
<figures/kalman-smoothing-ps-converted-to.pdf, id=263, 485.815pt x 400.49625pt>

File: figures/kalman-smoothing-ps-converted-to.pdf Graphic file (type pdf)
<use figures/kalman-smoothing-ps-converted-to.pdf>
Package pdftex.def Info: figures/kalman-smoothing-ps-converted-to.pdf  used on 
input line 517.
(pdftex.def)             Requested size: 486.63899pt x 401.17358pt.
 [38] [39 <./figures/kalman-smoothing-ps-converted-to.pdf>]
Package epstopdf Info: Source file: <figures/kalman-bird1.ps>
(epstopdf)                    date: 2026-07-15 08:15:04
(epstopdf)                    size: 11298 bytes
(epstopdf)             Output file: <figures/kalman-bird1-ps-converted-to.pdf>
(epstopdf)             Command: <epstopdf figures/kalman-bird1.ps --outfile=fig
ures/kalman-bird1-ps-converted-to.pdf>
(epstopdf)             \includegraphics on input line 532.
runsystem(epstopdf figures/kalman-bird1.ps --outfile=figures/kalman-bird1-ps-co
nverted-to.pdf)...executed.

Package epstopdf Info: Result file: <figures/kalman-bird1-ps-converted-to.pdf>
(epstopdf)                    date: 2026-07-16 17:08:48
(epstopdf)                    size: 3717 bytes.
<figures/kalman-bird1-ps-converted-to.pdf, id=275, 548.0475pt x 500.87125pt>
File: figures/kalman-bird1-ps-converted-to.pdf Graphic file (type pdf)
<use figures/kalman-bird1-ps-converted-to.pdf>
Package pdftex.def Info: figures/kalman-bird1-ps-converted-to.pdf  used on inpu
t line 532.
(pdftex.def)             Requested size: 294.85896pt x 269.48053pt.
Package epstopdf Info: Source file: <figures/kalman-bird2.ps>
(epstopdf)                    date: 2026-07-15 08:15:04
(epstopdf)                    size: 11494 bytes
(epstopdf)             Output file: <figures/kalman-bird2-ps-converted-to.pdf>
(epstopdf)             Command: <epstopdf figures/kalman-bird2.ps --outfile=fig
ures/kalman-bird2-ps-converted-to.pdf>
(epstopdf)             \includegraphics on input line 532.
runsystem(epstopdf figures/kalman-bird2.ps --outfile=figures/kalman-bird2-ps-co
nverted-to.pdf)...executed.

Package epstopdf Info: Result file: <figures/kalman-bird2-ps-converted-to.pdf>
(epstopdf)                    date: 2026-07-16 17:08:50
(epstopdf)                    size: 3948 bytes.
<figures/kalman-bird2-ps-converted-to.pdf, id=276, 548.0475pt x 500.87125pt>
File: figures/kalman-bird2-ps-converted-to.pdf Graphic file (type pdf)
<use figures/kalman-bird2-ps-converted-to.pdf>
Package pdftex.def Info: figures/kalman-bird2-ps-converted-to.pdf  used on inpu
t line 532.
(pdftex.def)             Requested size: 548.04616pt x 500.87001pt.
 [40]
Overfull \vbox (31.11502pt too high) has occurred while \output is active []


[41 <./figures/kalman-bird1-ps-converted-to.pdf> <./figures/kalman-bird2-ps-con
verted-to.pdf>]
Package epstopdf Info: Source file: <figures/umbrella-1slice.ps>
(epstopdf)                    date: 2026-07-15 08:15:06
(epstopdf)                    size: 19233 bytes
(epstopdf)             Output file: <figures/umbrella-1slice-ps-converted-to.pd
f>
(epstopdf)             Command: <epstopdf figures/umbrella-1slice.ps --outfile=
figures/umbrella-1slice-ps-converted-to.pdf>
(epstopdf)             \includegraphics on input line 543.
runsystem(epstopdf figures/umbrella-1slice.ps --outfile=figures/umbrella-1slice
-ps-converted-to.pdf)...executed.

Package epstopdf Info: Result file: <figures/umbrella-1slice-ps-converted-to.pd
f>
(epstopdf)                    date: 2026-07-16 17:08:52
(epstopdf)                    size: 7346 bytes.
<figures/umbrella-1slice-ps-converted-to.pdf, id=287, 289.08pt x 240.9pt>
File: figures/umbrella-1slice-ps-converted-to.pdf Graphic file (type pdf)
<use figures/umbrella-1slice-ps-converted-to.pdf>
Package pdftex.def Info: figures/umbrella-1slice-ps-converted-to.pdf  used on i
nput line 543.
(pdftex.def)             Requested size: 294.85896pt x 245.72943pt.
Package epstopdf Info: Source file: <figures/robot-dbn1.ps>
(epstopdf)                    date: 2026-07-15 08:15:06
(epstopdf)                    size: 19019 bytes
(epstopdf)             Output file: <figures/robot-dbn1-ps-converted-to.pdf>
(epstopdf)             Command: <epstopdf figures/robot-dbn1.ps --outfile=figur
es/robot-dbn1-ps-converted-to.pdf>
(epstopdf)             \includegraphics on input line 543.
runsystem(epstopdf figures/robot-dbn1.ps --outfile=figures/robot-dbn1-ps-conver
ted-to.pdf)...executed.

Package epstopdf Info: Result file: <figures/robot-dbn1-ps-converted-to.pdf>
(epstopdf)                    date: 2026-07-16 17:08:53
(epstopdf)                    size: 7344 bytes.
<figures/robot-dbn1-ps-converted-to.pdf, id=288, 289.08pt x 240.9pt>
File: figures/robot-dbn1-ps-converted-to.pdf Graphic file (type pdf)
<use figures/robot-dbn1-ps-converted-to.pdf>
Package pdftex.def Info: figures/robot-dbn1-ps-converted-to.pdf  used on input 
line 543.
(pdftex.def)             Requested size: 289.07928pt x 240.8994pt.
 [42 <./figures/umbrella-1slice-ps-converted-to.pdf> <./figures/robot-dbn1-ps-c
onverted-to.pdf>]
Package epstopdf Info: Source file: <figures/dbn-vs-hmm.ps>
(epstopdf)                    date: 2026-07-15 08:15:03
(epstopdf)                    size: 24271 bytes
(epstopdf)             Output file: <figures/dbn-vs-hmm-ps-converted-to.pdf>
(epstopdf)             Command: <epstopdf figures/dbn-vs-hmm.ps --outfile=figur
es/dbn-vs-hmm-ps-converted-to.pdf>
(epstopdf)             \includegraphics on input line 555.
runsystem(epstopdf figures/dbn-vs-hmm.ps --outfile=figures/dbn-vs-hmm-ps-conver
ted-to.pdf)...executed.

Package epstopdf Info: Result file: <figures/dbn-vs-hmm-ps-converted-to.pdf>
(epstopdf)                    date: 2026-07-16 17:08:55
(epstopdf)                    size: 4901 bytes.
<figures/dbn-vs-hmm-ps-converted-to.pdf, id=311, 409.53pt x 179.67125pt>
File: figures/dbn-vs-hmm-ps-converted-to.pdf Graphic file (type pdf)
<use figures/dbn-vs-hmm-ps-converted-to.pdf>
Package pdftex.def Info: figures/dbn-vs-hmm-ps-converted-to.pdf  used on input 
line 555.
(pdftex.def)             Requested size: 430.00462pt x 188.66583pt.
 [43 <./figures/dbn-vs-hmm-ps-converted-to.pdf>]
Package epstopdf Info: Source file: <figures/robot-full-dbn.ps>
(epstopdf)                    date: 2026-07-15 08:15:06
(epstopdf)                    size: 20887 bytes
(epstopdf)             Output file: <figures/robot-full-dbn-ps-converted-to.pdf
>
(epstopdf)             Command: <epstopdf figures/robot-full-dbn.ps --outfile=f
igures/robot-full-dbn-ps-converted-to.pdf>
(epstopdf)             \includegraphics on input line 571.
runsystem(epstopdf figures/robot-full-dbn.ps --outfile=figures/robot-full-dbn-p
s-converted-to.pdf)...executed.

Package epstopdf Info: Result file: <figures/robot-full-dbn-ps-converted-to.pdf
>
(epstopdf)                    date: 2026-07-16 17:08:58
(epstopdf)                    size: 8009 bytes.
<figures/robot-full-dbn-ps-converted-to.pdf, id=324, 289.08pt x 296.10625pt>
File: figures/robot-full-dbn-ps-converted-to.pdf Graphic file (type pdf)
<use figures/robot-full-dbn-ps-converted-to.pdf>
Package pdftex.def Info: figures/robot-full-dbn-ps-converted-to.pdf  used on in
put line 571.
(pdftex.def)             Requested size: 294.85896pt x 302.04243pt.


LaTeX Warning: File `graphs/pin8.ps' not found on input line 571.

Package epstopdf Info: Source file: <graphs/pin8.ps>
(epstopdf)             Output file: <graphs/pin8-ps-converted-to.pdf>
(epstopdf)             Command: <epstopdf graphs/pin8.ps --outfile=graphs/pin8-
ps-converted-to.pdf>
(epstopdf)             \includegraphics on input line 571.
Package epstopdf Info: Output file is already uptodate.

! Package pdftex.def Error: File `graphs/pin8-ps-converted-to.pdf' not found: u
sing draft setting.

See the pdftex.def package documentation for explanation.
Type  H <return>  for immediate help.
 ...                                              
                                                  
l.571 ...bot-full-dbn.ps}}{\file{graphs}{pin8.ps}}
                                                  
Try typing  <return>  to proceed.
If that doesn't work, type  X <return>  to quit.

LaTeX Font Info:    Trying to load font information for T5+cmtt on input line 5
71.
(C:\Users\thanh\AppData\Local\Programs\MiKTeX\tex/latex/vntex\t5cmtt.fd
File: t5cmtt.fd 1999/05/25 v2.5h Standard LaTeX font definitions
)
[44 <./figures/robot-full-dbn-ps-converted-to.pdf>]
Package epstopdf Info: Source file: <figures/dbn-unrolling.ps>
(epstopdf)                    date: 2026-07-15 08:15:03
(epstopdf)                    size: 70238 bytes
(epstopdf)             Output file: <figures/dbn-unrolling-ps-converted-to.pdf>

(epstopdf)             Command: <epstopdf figures/dbn-unrolling.ps --outfile=fi
gures/dbn-unrolling-ps-converted-to.pdf>
(epstopdf)             \includegraphics on input line 584.
runsystem(epstopdf figures/dbn-unrolling.ps --outfile=figures/dbn-unrolling-ps-
converted-to.pdf)...executed.

Package epstopdf Info: Result file: <figures/dbn-unrolling-ps-converted-to.pdf>

(epstopdf)                    date: 2026-07-16 17:09:00
(epstopdf)                    size: 10429 bytes.
<figures/dbn-unrolling-ps-converted-to.pdf, id=340, 462.72874pt x 72.27pt>
File: figures/dbn-unrolling-ps-converted-to.pdf Graphic file (type pdf)
<use figures/dbn-unrolling-ps-converted-to.pdf>
Package pdftex.def Info: figures/dbn-unrolling-ps-converted-to.pdf  used on inp
ut line 584.
(pdftex.def)             Requested size: 614.295pt x 95.94914pt.
 [45 <./figures/dbn-unrolling-ps-converted-to.pdf>]
LaTeX Font Info:    Calculating math sizes for size <25> on input line 595.


LaTeX Font Warning: Font shape `OT1/cmr/m/n' in size <12.5> not available
(Font)              size <12> substituted on input line 595.


LaTeX Font Warning: Font shape `OML/cmm/m/it' in size <12.5> not available
(Font)              size <12> substituted on input line 595.


LaTeX Font Warning: Font shape `OMS/cmsy/m/n' in size <12.5> not available
(Font)              size <12> substituted on input line 595.

LaTeX Font Info:    External font `cmex10' loaded for size
(Font)              <25> on input line 595.
LaTeX Font Info:    External font `cmex10' loaded for size
(Font)              <17.49992> on input line 595.
LaTeX Font Info:    External font `cmex10' loaded for size
(Font)              <12.5> on input line 595.
Package epstopdf Info: Source file: <figures/umbrella5.ps>
(epstopdf)                    date: 2026-07-15 08:15:07
(epstopdf)                    size: 20314 bytes
(epstopdf)             Output file: <figures/umbrella5-ps-converted-to.pdf>
(epstopdf)             Command: <epstopdf figures/umbrella5.ps --outfile=figure
s/umbrella5-ps-converted-to.pdf>
(epstopdf)             \includegraphics on input line 602.
runsystem(epstopdf figures/umbrella5.ps --outfile=figures/umbrella5-ps-converte
d-to.pdf)...executed.

Package epstopdf Info: Result file: <figures/umbrella5-ps-converted-to.pdf>
(epstopdf)                    date: 2026-07-16 17:09:02
(epstopdf)                    size: 7322 bytes.
<figures/umbrella5-ps-converted-to.pdf, id=352, 240.9pt x 40.15pt>
File: figures/umbrella5-ps-converted-to.pdf Graphic file (type pdf)
<use figures/umbrella5-ps-converted-to.pdf>
Package pdftex.def Info: figures/umbrella5-ps-converted-to.pdf  used on input l
ine 602.
(pdftex.def)             Requested size: 368.58073pt x 61.436pt.
Package epstopdf Info: Source file: <graphs/umbrella-lw.ps>
(epstopdf)                    date: 2026-07-15 08:15:08
(epstopdf)                    size: 8112 bytes
(epstopdf)             Output file: <graphs/umbrella-lw-ps-converted-to.pdf>
(epstopdf)             Command: <epstopdf graphs/umbrella-lw.ps --outfile=graph
s/umbrella-lw-ps-converted-to.pdf>
(epstopdf)             \includegraphics on input line 611.
runsystem(epstopdf graphs/umbrella-lw.ps --outfile=graphs/umbrella-lw-ps-conver
ted-to.pdf)...executed.

Package epstopdf Info: Result file: <graphs/umbrella-lw-ps-converted-to.pdf>
(epstopdf)                    date: 2026-07-16 17:09:04
(epstopdf)                    size: 12471 bytes.
<graphs/umbrella-lw-ps-converted-to.pdf, id=353, 722.7pt x 505.89pt>
File: graphs/umbrella-lw-ps-converted-to.pdf Graphic file (type pdf)
<use graphs/umbrella-lw-ps-converted-to.pdf>
Package pdftex.def Info: graphs/umbrella-lw-ps-converted-to.pdf  used on input 
line 611.
(pdftex.def)             Requested size: 245.71425pt x 172.00032pt.
[46 <./figures/umbrella5-ps-converted-to.pdf>] [47 <./graphs/umbrella-lw-ps-con
verted-to.pdf>]
Package epstopdf Info: Source file: <figures/umbrella-particle.ps>
(epstopdf)                    date: 2026-07-15 08:15:07
(epstopdf)                    size: 25280 bytes
(epstopdf)             Output file: <figures/umbrella-particle-ps-converted-to.
pdf>
(epstopdf)             Command: <epstopdf figures/umbrella-particle.ps --outfil
e=figures/umbrella-particle-ps-converted-to.pdf>
(epstopdf)             \includegraphics on input line 626.
runsystem(epstopdf figures/umbrella-particle.ps --outfile=figures/umbrella-part
icle-ps-converted-to.pdf)...executed.

Package epstopdf Info: Result file: <figures/umbrella-particle-ps-converted-to.
pdf>
(epstopdf)                    date: 2026-07-16 17:09:06
(epstopdf)                    size: 10613 bytes.
<figures/umbrella-particle-ps-converted-to.pdf, id=373, 353.32pt x 123.46124pt>

File: figures/umbrella-particle-ps-converted-to.pdf Graphic file (type pdf)
<use figures/umbrella-particle-ps-converted-to.pdf>
Package pdftex.def Info: figures/umbrella-particle-ps-converted-to.pdf  used on
 input line 626.
(pdftex.def)             Requested size: 430.00462pt x 150.25888pt.
 [48 <./figures/umbrella-particle-ps-converted-to.pdf>] [49]

LaTeX Font Warning: Command \Huge invalid in math mode on input line 642.


LaTeX Font Warning: Command \Huge invalid in math mode on input line 656.


LaTeX Font Warning: Command \Huge invalid in math mode on input line 656.

[50]
Package epstopdf Info: Source file: <graphs/comparison-lw-ersof.ps>
(epstopdf)                    date: 2026-07-15 08:15:07
(epstopdf)                    size: 9222 bytes
(epstopdf)             Output file: <graphs/comparison-lw-ersof-ps-converted-to
.pdf>
(epstopdf)             Command: <epstopdf graphs/comparison-lw-ersof.ps --outfi
le=graphs/comparison-lw-ersof-ps-converted-to.pdf>
(epstopdf)             \includegraphics on input line 668.
runsystem(epstopdf graphs/comparison-lw-ersof.ps --outfile=graphs/comparison-lw
-ersof-ps-converted-to.pdf)...executed.

Package epstopdf Info: Result file: <graphs/comparison-lw-ersof-ps-converted-to
.pdf>
(epstopdf)                    date: 2026-07-16 17:09:08
(epstopdf)                    size: 15113 bytes.
<graphs/comparison-lw-ersof-ps-converted-to.pdf, id=392, 722.7pt x 505.89pt>
File: graphs/comparison-lw-ersof-ps-converted-to.pdf Graphic file (type pdf)
<use graphs/comparison-lw-ersof-ps-converted-to.pdf>
Package pdftex.def Info: graphs/comparison-lw-ersof-ps-converted-to.pdf  used o
n input line 668.
(pdftex.def)             Requested size: 368.58073pt x 258.0082pt.
 [51 <./graphs/comparison-lw-ersof-ps-converted-to.pdf>] [52] [53]
(chapter15a.aux)
 ***********
LaTeX2e <2025-11-01>
L3 programming layer <2025-12-24>
 ***********


LaTeX Font Warning: Size substitutions with differences
(Font)              up to 0.5pt have occurred.

 ) 
Here is how much of TeX's memory you used:
 3298 strings out of 467870
 58769 string characters out of 5418355
 444208 words of memory out of 5000000
 32136 multiletter control sequences out of 15000+600000
 646985 words of font info for 78 fonts, out of 8000000 for 9000
 1141 hyphenation exceptions out of 8191
 72i,10n,79p,241b,365s stack positions out of 10000i,1000n,20000p,200000b,200000s
<C:/Users/thanh/AppData/Local/Programs/MiKTeX/fonts/type1/public/amsfonts/cm/
cmbx12.pfb><C:/Users/thanh/AppData/Local/Programs/MiKTeX/fonts/type1/public/ams
fonts/cm/cmex10.pfb><C:/Users/thanh/AppData/Local/Programs/MiKTeX/fonts/type1/p
ublic/amsfonts/cm/cmmi12.pfb><C:/Users/thanh/AppData/Local/Programs/MiKTeX/font
s/type1/public/amsfonts/cm/cmmib10.pfb><C:/Users/thanh/AppData/Local/Programs/M
iKTeX/fonts/type1/public/amsfonts/cm/cmr12.pfb><C:/Users/thanh/AppData/Local/Pr
ograms/MiKTeX/fonts/type1/public/amsfonts/cm/cmr17.pfb><C:/Users/thanh/AppData/
Local/Programs/MiKTeX/fonts/type1/public/amsfonts/cm/cmsy10.pfb><C:/Users/thanh
/AppData/Local/Programs/MiKTeX/fonts/type1/vntex/vnr/vnbx12.pfb><C:/Users/thanh
/AppData/Local/Programs/MiKTeX/fonts/type1/vntex/vnr/vncsc10.pfb><C:/Users/than
h/AppData/Local/Programs/MiKTeX/fonts/type1/vntex/vnr/vnr8.pfb><C:/Users/thanh/
AppData/Local/Programs/MiKTeX/fonts/type1/vntex/vnr/vnss17.pfb><C:/Users/thanh/
AppData/Local/Programs/MiKTeX/fonts/type1/vntex/vnr/vnssbx10.pfb><C:/Users/than
h/AppData/Local/Programs/MiKTeX/fonts/type1/vntex/vnr/vntt12.pfb>
Output written on chapter15a.pdf (53 pages, 433025 bytes).
PDF statistics:
 463 PDF objects out of 1000 (max. 8388607)
 0 named destinations out of 1000 (max. 500000)
 156 words of extra memory for PDF output out of 10000 (max. 10000000)

