This is pdfTeX, Version 3.141592653-2.6-1.40.28 (MiKTeX 25.12) (preloaded format=pdflatex 2026.6.24)  16 JUL 2026 22:53
entering extended mode
 \write18 enabled.
 %&-line parsing enabled.
**./chapter20b.tex
(chapter20b.tex
LaTeX2e <2025-11-01>
L3 programming layer <2025-12-24>
(C:\Users\thanh\AppData\Local\Programs\MiKTeX\tex/latex/base\article.cls
Document Class: article 2025/01/22 v1.4n Standard LaTeX document class
(C:\Users\thanh\AppData\Local\Programs\MiKTeX\tex/latex/base\size10.clo
File: size10.clo 2025/01/22 v1.4n Standard LaTeX file (size option)
)
\c@part=\count275
\c@section=\count276
\c@subsection=\count277
\c@subsubsection=\count278
\c@paragraph=\count279
\c@subparagraph=\count280
\c@figure=\count281
\c@table=\count282
\abovecaptionskip=\skip49
\belowcaptionskip=\skip50
\bibindent=\dimen148
)
(C:\Users\thanh\AppData\Local\Programs\MiKTeX\tex/latex/base\fleqn.sty

LaTeX Warning: inputting `fleqn.clo' instead of obsolete `fleqn.sty'.

(C:\Users\thanh\AppData\Local\Programs\MiKTeX\tex/latex/base\fleqn.clo
File: fleqn.clo 2016/12/29 v1.2b Standard LaTeX option (flush left equations)
\mathindent=\skip51
Applying: [2015/01/01] Make \[ robust on input line 50.
LaTeX Info: Redefining \[ on input line 51.
Already applied: [0000/00/00] Make \[ robust on input line 62.
Applying: [2015/01/01] Make \] robust on input line 74.
LaTeX Info: Redefining \] on input line 75.
Already applied: [0000/00/00] Make \] robust on input line 83.
))
(epsf.sty
Package: epsf 2026/07/16 Modern replacement using graphicx

(C:\Users\thanh\AppData\Local\Programs\MiKTeX\tex/latex/graphics\graphicx.sty
Package: graphicx 2024/12/31 v1.2e Enhanced LaTeX Graphics (DPC,SPQR)

(C:\Users\thanh\AppData\Local\Programs\MiKTeX\tex/latex/graphics\keyval.sty
Package: keyval 2022/05/29 v1.15 key=value parser (DPC)
\KV@toks@=\toks17
)
(C:\Users\thanh\AppData\Local\Programs\MiKTeX\tex/latex/graphics\graphics.sty
Package: graphics 2024/08/06 v1.4g Standard LaTeX Graphics (DPC,SPQR)

(C:\Users\thanh\AppData\Local\Programs\MiKTeX\tex/latex/graphics\trig.sty
Package: trig 2023/12/02 v1.11 sin cos tan (DPC)
)
(C:\Users\thanh\AppData\Local\Programs\MiKTeX\tex/latex/graphics-cfg\graphics.c
fg
File: graphics.cfg 2016/06/04 v1.11 sample graphics configuration
)
Package graphics Info: Driver file: pdftex.def on input line 106.

(C:\Users\thanh\AppData\Local\Programs\MiKTeX\tex/latex/graphics-def\pdftex.def
File: pdftex.def 2025/09/29 v1.2d Graphics/color driver for pdftex
))
\Gin@req@height=\dimen149
\Gin@req@width=\dimen150
)
(C:\Users\thanh\AppData\Local\Programs\MiKTeX\tex/latex/epstopdf-pkg\epstopdf.s
ty
Package: epstopdf 2020-01-24 v2.11 Conversion with epstopdf on the fly (HO)

(C:\Users\thanh\AppData\Local\Programs\MiKTeX\tex/generic/infwarerr\infwarerr.s
ty
Package: infwarerr 2019/12/03 v1.5 Providing info/warning/error messages (HO)
) (C:\Users\thanh\AppData\Local\Programs\MiKTeX\tex/latex/grfext\grfext.sty
Package: grfext 2019/12/03 v1.3 Manage graphics extensions (HO)

(C:\Users\thanh\AppData\Local\Programs\MiKTeX\tex/generic/kvdefinekeys\kvdefine
keys.sty
Package: kvdefinekeys 2019-12-19 v1.6 Define keys (HO)
))
(C:\Users\thanh\AppData\Local\Programs\MiKTeX\tex/latex/kvoptions\kvoptions.sty
Package: kvoptions 2022-06-15 v3.15 Key value format for package options (HO)
(C:\Users\thanh\AppData\Local\Programs\MiKTeX\tex/generic/ltxcmds\ltxcmds.sty
Package: ltxcmds 2023-12-04 v1.26 LaTeX kernel commands for general use (HO)
)
(C:\Users\thanh\AppData\Local\Programs\MiKTeX\tex/latex/kvsetkeys\kvsetkeys.sty
Package: kvsetkeys 2022-10-05 v1.19 Key value parser (HO)
))
(C:\Users\thanh\AppData\Local\Programs\MiKTeX\tex/generic/pdftexcmds\pdftexcmds
.sty
Package: pdftexcmds 2020-06-27 v0.33 Utility functions of pdfTeX for LuaTeX (HO
)
 (C:\Users\thanh\AppData\Local\Programs\MiKTeX\tex/generic/iftex\iftex.sty
Package: iftex 2024/12/12 v1.0g TeX engine tests
)
Package pdftexcmds Info: \pdf@primitive is available.
Package pdftexcmds Info: \pdf@ifprimitive is available.
Package pdftexcmds Info: \pdfdraftmode found.
)
(C:\Users\thanh\AppData\Local\Programs\MiKTeX\tex/latex/epstopdf-pkg\epstopdf-b
ase.sty
Package: epstopdf-base 2020-01-24 v2.11 Base part for package epstopdf
Package epstopdf-base Info: Redefining graphics rule for `.eps' on input line 4
85.
Package grfext Info: Graphics extension search list:
(grfext)             [.pdf,.png,.jpg,.mps,.jpeg,.jbig2,.jb2,.PDF,.PNG,.JPG,.JPE
G,.JBIG2,.JB2,.eps]
(grfext)             \AppendGraphicsExtensions on input line 504.

(C:\Users\thanh\AppData\Local\Programs\MiKTeX\tex/latex/00miktex\epstopdf-sys.c
fg
File: epstopdf-sys.cfg 2021/03/18 v2.0 Configuration of epstopdf for MiKTeX
)))
Package grfext Info: Graphics extension search list:
(grfext)             [.pdf,.png,.jpg,.mps,.jpeg,.jbig2,.jb2,.PDF,.PNG,.JPG,.JPE
G,.JBIG2,.JB2,.eps,.ps]
(grfext)             \AppendGraphicsExtensions on input line 11.
\epsfxsize=\skip52
\epsfysize=\skip53
) (aima2e-slides.sty
(C:\Users\thanh\AppData\Local\Programs\MiKTeX\tex/latex/base\fontenc.sty
Package: fontenc 2025/07/18 v2.1d Standard LaTeX package

(C:\Users\thanh\AppData\Local\Programs\MiKTeX\tex/latex/vntex\t5enc.def
File: t5enc.def 2006/11/21 v1.4 Vietnamese T5 encoding
Now handling font encoding T5 ...
... processing UTF-8 mapping file for font encoding T5

(C:\Users\thanh\AppData\Local\Programs\MiKTeX\tex/latex/vntex\t5enc.dfu
File: t5enc.dfu 2006/08/19 v1.1 UTF8 support for Vietnamese
   defining Unicode char U+00AB (decimal 171)
   defining Unicode char U+00BB (decimal 187)
   defining Unicode char U+00C0 (decimal 192)
   defining Unicode char U+00C1 (decimal 193)
   defining Unicode char U+00C2 (decimal 194)
   defining Unicode char U+00C3 (decimal 195)
   defining Unicode char U+00C8 (decimal 200)
   defining Unicode char U+00C9 (decimal 201)
   defining Unicode char U+00CA (decimal 202)
   defining Unicode char U+00CC (decimal 204)
   defining Unicode char U+00CD (decimal 205)
   defining Unicode char U+00D2 (decimal 210)
   defining Unicode char U+00D3 (decimal 211)
   defining Unicode char U+00D4 (decimal 212)
   defining Unicode char U+00D5 (decimal 213)
   defining Unicode char U+00D9 (decimal 217)
   defining Unicode char U+00DA (decimal 218)
   defining Unicode char U+00DD (decimal 221)
   defining Unicode char U+00E0 (decimal 224)
   defining Unicode char U+00E1 (decimal 225)
   defining Unicode char U+00E2 (decimal 226)
   defining Unicode char U+00E3 (decimal 227)
   defining Unicode char U+00E8 (decimal 232)
   defining Unicode char U+00E9 (decimal 233)
   defining Unicode char U+00EA (decimal 234)
   defining Unicode char U+00EC (decimal 236)
   defining Unicode char U+00ED (decimal 237)
   defining Unicode char U+00F2 (decimal 242)
   defining Unicode char U+00F3 (decimal 243)
   defining Unicode char U+00F4 (decimal 244)
   defining Unicode char U+00F5 (decimal 245)
   defining Unicode char U+00F9 (decimal 249)
   defining Unicode char U+00FA (decimal 250)
   defining Unicode char U+00FD (decimal 253)
   defining Unicode char U+0102 (decimal 258)
   defining Unicode char U+0103 (decimal 259)
   defining Unicode char U+0110 (decimal 272)
   defining Unicode char U+0111 (decimal 273)
   defining Unicode char U+0128 (decimal 296)
   defining Unicode char U+0129 (decimal 297)
   defining Unicode char U+0131 (decimal 305)
   defining Unicode char U+0168 (decimal 360)
   defining Unicode char U+0169 (decimal 361)
   defining Unicode char U+01A0 (decimal 416)
   defining Unicode char U+01A1 (decimal 417)
   defining Unicode char U+01AF (decimal 431)
   defining Unicode char U+01B0 (decimal 432)
   defining Unicode char U+1EA0 (decimal 7840)
   defining Unicode char U+1EA1 (decimal 7841)
   defining Unicode char U+1EA2 (decimal 7842)
   defining Unicode char U+1EA3 (decimal 7843)
   defining Unicode char U+1EA4 (decimal 7844)
   defining Unicode char U+1EA5 (decimal 7845)
   defining Unicode char U+1EA6 (decimal 7846)
   defining Unicode char U+1EA7 (decimal 7847)
   defining Unicode char U+1EA8 (decimal 7848)
   defining Unicode char U+1EA9 (decimal 7849)
   defining Unicode char U+1EAA (decimal 7850)
   defining Unicode char U+1EAB (decimal 7851)
   defining Unicode char U+1EAC (decimal 7852)
   defining Unicode char U+1EAD (decimal 7853)
   defining Unicode char U+1EAE (decimal 7854)
   defining Unicode char U+1EAF (decimal 7855)
   defining Unicode char U+1EB0 (decimal 7856)
   defining Unicode char U+1EB1 (decimal 7857)
   defining Unicode char U+1EB2 (decimal 7858)
   defining Unicode char U+1EB3 (decimal 7859)
   defining Unicode char U+1EB4 (decimal 7860)
   defining Unicode char U+1EB5 (decimal 7861)
   defining Unicode char U+1EB6 (decimal 7862)
   defining Unicode char U+1EB7 (decimal 7863)
   defining Unicode char U+1EB8 (decimal 7864)
   defining Unicode char U+1EB9 (decimal 7865)
   defining Unicode char U+1EBA (decimal 7866)
   defining Unicode char U+1EBB (decimal 7867)
   defining Unicode char U+1EBC (decimal 7868)
   defining Unicode char U+1EBD (decimal 7869)
   defining Unicode char U+1EBE (decimal 7870)
   defining Unicode char U+1EBF (decimal 7871)
   defining Unicode char U+1EC0 (decimal 7872)
   defining Unicode char U+1EC1 (decimal 7873)
   defining Unicode char U+1EC2 (decimal 7874)
   defining Unicode char U+1EC3 (decimal 7875)
   defining Unicode char U+1EC4 (decimal 7876)
   defining Unicode char U+1EC5 (decimal 7877)
   defining Unicode char U+1EC6 (decimal 7878)
   defining Unicode char U+1EC7 (decimal 7879)
   defining Unicode char U+1EC8 (decimal 7880)
   defining Unicode char U+1EC9 (decimal 7881)
   defining Unicode char U+1ECA (decimal 7882)
   defining Unicode char U+1ECB (decimal 7883)
   defining Unicode char U+1ECC (decimal 7884)
   defining Unicode char U+1ECD (decimal 7885)
   defining Unicode char U+1ECE (decimal 7886)
   defining Unicode char U+1ECF (decimal 7887)
   defining Unicode char U+1ED0 (decimal 7888)
   defining Unicode char U+1ED1 (decimal 7889)
   defining Unicode char U+1ED2 (decimal 7890)
   defining Unicode char U+1ED3 (decimal 7891)
   defining Unicode char U+1ED4 (decimal 7892)
   defining Unicode char U+1ED5 (decimal 7893)
   defining Unicode char U+1ED6 (decimal 7894)
   defining Unicode char U+1ED7 (decimal 7895)
   defining Unicode char U+1ED8 (decimal 7896)
   defining Unicode char U+1ED9 (decimal 7897)
   defining Unicode char U+1EDA (decimal 7898)
   defining Unicode char U+1EDB (decimal 7899)
   defining Unicode char U+1EDC (decimal 7900)
   defining Unicode char U+1EDD (decimal 7901)
   defining Unicode char U+1EDE (decimal 7902)
   defining Unicode char U+1EDF (decimal 7903)
   defining Unicode char U+1EE0 (decimal 7904)
   defining Unicode char U+1EE1 (decimal 7905)
   defining Unicode char U+1EE2 (decimal 7906)
   defining Unicode char U+1EE3 (decimal 7907)
   defining Unicode char U+1EE4 (decimal 7908)
   defining Unicode char U+1EE5 (decimal 7909)
   defining Unicode char U+1EE6 (decimal 7910)
   defining Unicode char U+1EE7 (decimal 7911)
   defining Unicode char U+1EE8 (decimal 7912)
   defining Unicode char U+1EE9 (decimal 7913)
   defining Unicode char U+1EEA (decimal 7914)
   defining Unicode char U+1EEB (decimal 7915)
   defining Unicode char U+1EEC (decimal 7916)
   defining Unicode char U+1EED (decimal 7917)
   defining Unicode char U+1EEE (decimal 7918)
   defining Unicode char U+1EEF (decimal 7919)
   defining Unicode char U+1EF0 (decimal 7920)
   defining Unicode char U+1EF1 (decimal 7921)
   defining Unicode char U+1EF2 (decimal 7922)
   defining Unicode char U+1EF3 (decimal 7923)
   defining Unicode char U+1EF4 (decimal 7924)
   defining Unicode char U+1EF5 (decimal 7925)
   defining Unicode char U+1EF6 (decimal 7926)
   defining Unicode char U+1EF7 (decimal 7927)
   defining Unicode char U+1EF8 (decimal 7928)
   defining Unicode char U+1EF9 (decimal 7929)
   defining Unicode char U+200C (decimal 8204)
   defining Unicode char U+2013 (decimal 8211)
   defining Unicode char U+2014 (decimal 8212)
   defining Unicode char U+2018 (decimal 8216)
   defining Unicode char U+2019 (decimal 8217)
   defining Unicode char U+201A (decimal 8218)
   defining Unicode char U+201C (decimal 8220)
   defining Unicode char U+201D (decimal 8221)
   defining Unicode char U+201E (decimal 8222)
   defining Unicode char U+2030 (decimal 8240)
   defining Unicode char U+2031 (decimal 8241)
   defining Unicode char U+2039 (decimal 8249)
   defining Unicode char U+203A (decimal 8250)
   defining Unicode char U+2423 (decimal 9251)
))
LaTeX Font Info:    Trying to load font information for T5+cmr on input line 11
6.

(C:\Users\thanh\AppData\Local\Programs\MiKTeX\tex/latex/vntex\t5cmr.fd
File: t5cmr.fd 1999/05/25 v2.5h Standard LaTeX font definitions
))
(C:\Users\thanh\AppData\Local\Programs\MiKTeX\tex/latex/base\inputenc.sty
Package: inputenc 2024/02/08 v1.3d Input encoding file
\inpenc@prehook=\toks18
\inpenc@posthook=\toks19
)
(C:\Users\thanh\AppData\Local\Programs\MiKTeX\tex/latex/graphics\color.sty
Package: color 2025/01/14 v1.3e Standard LaTeX Color (DPC)

(C:\Users\thanh\AppData\Local\Programs\MiKTeX\tex/latex/graphics-cfg\color.cfg
File: color.cfg 2016/01/02 v1.6 sample color configuration
)
Package color Info: Driver file: pdftex.def on input line 149.
(C:\Users\thanh\AppData\Local\Programs\MiKTeX\tex/latex/graphics\mathcolor.ltx)
)
Package color Info: Redefining color red on input line 7.
Package color Info: Redefining color cyan on input line 14.
\headingwidth=\skip54
\backdrop=\skip55
\backheight=\skip56
\backwidth=\skip57
\xborder=\skip58
\yborder=\skip59
\headtotal=\skip60
\codewidth=\skip61
\boxwidth=\skip62
\boxheight=\skip63
\skipwidth=\skip64
\roomheight=\skip65
\charheight=\skip66
\marginlineskip=\skip67
\marginwidth=\skip68
\textplusmarginwidth=\skip69
\maxfigwidth=\skip70
\tablewidth=\skip71
\captionskip=\skip72
\tcaptionskip=\skip73
)
(C:\Users\thanh\AppData\Local\Programs\MiKTeX\tex/latex/l3backend\l3backend-pdf
tex.def
File: l3backend-pdftex.def 2025-10-09 L3 backend support: PDF output (pdfTeX)
\l__color_backend_stack_int=\count283
) (chapter20b.aux)
\openout1 = `chapter20b.aux'.

LaTeX Font Info:    Checking defaults for OML/cmm/m/it on input line 6.
LaTeX Font Info:    ... okay on input line 6.
LaTeX Font Info:    Checking defaults for OMS/cmsy/m/n on input line 6.
LaTeX Font Info:    ... okay on input line 6.
LaTeX Font Info:    Checking defaults for OT1/cmr/m/n on input line 6.
LaTeX Font Info:    ... okay on input line 6.
LaTeX Font Info:    Checking defaults for T1/cmr/m/n on input line 6.
LaTeX Font Info:    ... okay on input line 6.
LaTeX Font Info:    Checking defaults for TS1/cmr/m/n on input line 6.
LaTeX Font Info:    ... okay on input line 6.
LaTeX Font Info:    Checking defaults for OMX/cmex/m/n on input line 6.
LaTeX Font Info:    ... okay on input line 6.
LaTeX Font Info:    Checking defaults for U/cmr/m/n on input line 6.
LaTeX Font Info:    ... okay on input line 6.
LaTeX Font Info:    Checking defaults for T5/cmr/m/n on input line 6.
LaTeX Font Info:    ... okay on input line 6.

(C:\Users\thanh\AppData\Local\Programs\MiKTeX\tex/context/base/mkii\supp-pdf.mk
ii
[Loading MPS to PDF converter (version 2006.09.02).]
\scratchcounter=\count284
\scratchdimen=\dimen151
\scratchbox=\box53
\nofMPsegments=\count285
\nofMParguments=\count286
\everyMPshowfont=\toks20
\MPscratchCnt=\count287
\MPscratchDim=\dimen152
\MPnumerator=\count288
\makeMPintoPDFobject=\count289
\everyMPtoPDFconversion=\toks21
) [1


Non-PDF special ignored!
<special> papersize=11in,8.5in
{C:/Users/thanh/AppData/Local/MiKTeX/fonts/map/pdftex/pdftex.map}]
LaTeX Font Info:    Trying to load font information for T5+cmss on input line 1
1.

(C:\Users\thanh\AppData\Local\Programs\MiKTeX\tex/latex/vntex\t5cmss.fd
File: t5cmss.fd 1999/05/25 v2.5h Standard LaTeX font definitions
)
LaTeX Font Info:    External font `cmex10' loaded for size
(Font)              <20.74> on input line 16.
LaTeX Font Info:    External font `cmex10' loaded for size
(Font)              <14.4> on input line 16.
LaTeX Font Info:    External font `cmex10' loaded for size
(Font)              <12> on input line 16.

[2]
Package epstopdf Info: Source file: <figures/neuron.ps>
(epstopdf)                    date: 2026-07-15 08:15:05
(epstopdf)                    size: 21655 bytes
(epstopdf)             Output file: <figures/neuron-ps-converted-to.pdf>
(epstopdf)                    date: 2026-07-16 17:12:00
(epstopdf)                    size: 13579 bytes
(epstopdf)             Command: <epstopdf figures/neuron.ps --outfile=figures/n
euron-ps-converted-to.pdf>
(epstopdf)             \includegraphics on input line 37.
Package epstopdf Info: Output file is already uptodate.
<figures/neuron-ps-converted-to.pdf, id=13, 495.8525pt x 291.0875pt>
File: figures/neuron-ps-converted-to.pdf Graphic file (type pdf)
<use figures/neuron-ps-converted-to.pdf>
Package pdftex.def Info: figures/neuron-ps-converted-to.pdf  used on input line
 37.
(pdftex.def)             Requested size: 491.43787pt x 288.4973pt.
 [3 <./figures/neuron-ps-converted-to.pdf>]

LaTeX Font Warning: Command \Huge invalid in math mode on input line 46.

LaTeX Font Info:    External font `cmex10' loaded for size
(Font)              <24.88> on input line 46.
LaTeX Font Info:    External font `cmex10' loaded for size
(Font)              <17.28> on input line 46.
Package epstopdf Info: Source file: <figures/neuron-unit.eps>
(epstopdf)                    date: 2026-07-15 08:15:05
(epstopdf)                    size: 150694 bytes
(epstopdf)             Output file: <figures/neuron-unit-eps-converted-to.pdf>
(epstopdf)                    date: 2026-07-16 17:12:03
(epstopdf)                    size: 9665 bytes
(epstopdf)             Command: <miktex-epstopdf-unrestricted --outfile=figures
/neuron-unit-eps-converted-to.pdf figures/neuron-unit.eps>
(epstopdf)             \includegraphics on input line 52.
Package epstopdf Info: Output file is already uptodate.
<figures/neuron-unit-eps-converted-to.pdf, id=25, 272.01625pt x 106.3975pt>
File: figures/neuron-unit-eps-converted-to.pdf Graphic file (type pdf)
<use figures/neuron-unit-eps-converted-to.pdf>
Package pdftex.def Info: figures/neuron-unit-eps-converted-to.pdf  used on inpu
t line 52.
(pdftex.def)             Requested size: 491.43787pt x 192.23293pt.
[4 <./figures/neuron-unit-eps-converted-to.pdf>]
LaTeX Font Info:    Calculating math sizes for size <25> on input line 59.


LaTeX Font Warning: Font shape `OT1/cmr/m/n' in size <12.5> not available
(Font)              size <12> substituted on input line 59.


LaTeX Font Warning: Font shape `OML/cmm/m/it' in size <12.5> not available
(Font)              size <12> substituted on input line 59.


LaTeX Font Warning: Font shape `OMS/cmsy/m/n' in size <12.5> not available
(Font)              size <12> substituted on input line 59.

LaTeX Font Info:    External font `cmex10' loaded for size
(Font)              <25> on input line 59.
LaTeX Font Info:    External font `cmex10' loaded for size
(Font)              <17.49992> on input line 59.
LaTeX Font Info:    External font `cmex10' loaded for size
(Font)              <12.5> on input line 59.
Package epstopdf Info: Source file: <figures/activation-fns.eps>
(epstopdf)                    date: 2026-07-15 08:15:01
(epstopdf)                    size: 381794 bytes
(epstopdf)             Output file: <figures/activation-fns-eps-converted-to.pd
f>
(epstopdf)                    date: 2026-07-16 17:12:05
(epstopdf)                    size: 6290 bytes
(epstopdf)             Command: <miktex-epstopdf-unrestricted --outfile=figures
/activation-fns-eps-converted-to.pdf figures/activation-fns.eps>
(epstopdf)             \includegraphics on input line 64.
Package epstopdf Info: Output file is already uptodate.
<figures/activation-fns-eps-converted-to.pdf, id=42, 276.03125pt x 109.40875pt>

File: figures/activation-fns-eps-converted-to.pdf Graphic file (type pdf)
<use figures/activation-fns-eps-converted-to.pdf>
Package pdftex.def Info: figures/activation-fns-eps-converted-to.pdf  used on i
nput line 64.
(pdftex.def)             Requested size: 583.57837pt x 231.33438pt.
[5 <./figures/activation-fns-eps-converted-to.pdf>]
Package epstopdf Info: Source file: <figures/nn-logical.eps>
(epstopdf)                    date: 2026-07-15 08:15:05
(epstopdf)                    size: 364784 bytes
(epstopdf)             Output file: <figures/nn-logical-eps-converted-to.pdf>
(epstopdf)                    date: 2026-07-16 17:12:08
(epstopdf)                    size: 7300 bytes
(epstopdf)             Command: <miktex-epstopdf-unrestricted --outfile=figures
/nn-logical-eps-converted-to.pdf figures/nn-logical.eps>
(epstopdf)             \includegraphics on input line 82.
Package epstopdf Info: Output file is already uptodate.
<figures/nn-logical-eps-converted-to.pdf, id=57, 322.20375pt x 95.35625pt>
File: figures/nn-logical-eps-converted-to.pdf Graphic file (type pdf)
<use figures/nn-logical-eps-converted-to.pdf>
Package pdftex.def Info: figures/nn-logical-eps-converted-to.pdf  used on input
 line 82.
(pdftex.def)             Requested size: 491.43787pt x 145.44788pt.
 [6 <./figures/nn-logical-eps-converted-to.pdf>]

LaTeX Font Warning: Font shape `T5/cmss/m/it' in size <20.74> not available
(Font)              Font shape `T5/cmss/m/sl' tried instead on input line 99.

[7] [8]
Package epstopdf Info: Source file: <figures/neural-net.ps>
(epstopdf)                    date: 2026-07-15 08:15:05
(epstopdf)                    size: 16288 bytes
(epstopdf)             Output file: <figures/neural-net-ps-converted-to.pdf>
(epstopdf)                    date: 2026-07-16 17:12:10
(epstopdf)                    size: 5509 bytes
(epstopdf)             Command: <epstopdf figures/neural-net.ps --outfile=figur
es/neural-net-ps-converted-to.pdf>
(epstopdf)             \includegraphics on input line 112.
Package epstopdf Info: Output file is already uptodate.
<figures/neural-net-ps-converted-to.pdf, id=83, 203.76125pt x 114.4275pt>
File: figures/neural-net-ps-converted-to.pdf Graphic file (type pdf)
<use figures/neural-net-ps-converted-to.pdf>
Package pdftex.def Info: figures/neural-net-ps-converted-to.pdf  used on input 
line 112.
(pdftex.def)             Requested size: 430.00462pt x 241.49213pt.

Overfull \hbox (0.60606pt too wide) in alignment at lines 119--119
 [][][] []
 []

[9 <./figures/neural-net-ps-converted-to.pdf>] [10]
Package epstopdf Info: Source file: <figures/perceptron.ps>
(epstopdf)                    date: 2026-07-15 08:15:05
(epstopdf)                    size: 16267 bytes
(epstopdf)             Output file: <figures/perceptron-ps-converted-to.pdf>
(epstopdf)                    date: 2026-07-16 17:12:13
(epstopdf)                    size: 6117 bytes
(epstopdf)             Command: <epstopdf figures/perceptron.ps --outfile=figur
es/perceptron-ps-converted-to.pdf>
(epstopdf)             \includegraphics on input line 126.
Package epstopdf Info: Output file is already uptodate.
<figures/perceptron-ps-converted-to.pdf, id=98, 166.6225pt x 144.54pt>
File: figures/perceptron-ps-converted-to.pdf Graphic file (type pdf)
<use figures/perceptron-ps-converted-to.pdf>
Package pdftex.def Info: figures/perceptron-ps-converted-to.pdf  used on input 
line 126.
(pdftex.def)             Requested size: 294.85896pt x 255.82472pt.
Package epstopdf Info: Source file: <graphs/perceptron-model.eps>
(epstopdf)                    date: 2026-07-15 08:15:08
(epstopdf)                    size: 117844 bytes
(epstopdf)             Output file: <graphs/perceptron-model-eps-converted-to.p
df>
(epstopdf)                    date: 2026-07-16 17:12:15
(epstopdf)                    size: 72870 bytes
(epstopdf)             Command: <miktex-epstopdf-unrestricted --outfile=graphs/
perceptron-model-eps-converted-to.pdf graphs/perceptron-model.eps>
(epstopdf)             \includegraphics on input line 126.
Package epstopdf Info: Output file is already uptodate.
<graphs/perceptron-model-eps-converted-to.pdf, id=99, 196.735pt x 137.51375pt>
File: graphs/perceptron-model-eps-converted-to.pdf Graphic file (type pdf)
<use graphs/perceptron-model-eps-converted-to.pdf>
Package pdftex.def Info: graphs/perceptron-model-eps-converted-to.pdf  used on 
input line 126.
(pdftex.def)             Requested size: 196.7345pt x 137.51341pt.
 [11 <./figures/perceptron-ps-converted-to.pdf> <./graphs/perceptron-model-eps-
converted-to.pdf>]

LaTeX Font Warning: Command \Huge invalid in math mode on input line 146.

Package epstopdf Info: Source file: <figures/perceptron-linear.eps>
(epstopdf)                    date: 2026-07-15 08:15:07
(epstopdf)                    size: 327910 bytes
(epstopdf)             Output file: <figures/perceptron-linear-eps-converted-to
.pdf>
(epstopdf)                    date: 2026-07-16 17:12:18
(epstopdf)                    size: 8506 bytes
(epstopdf)             Command: <miktex-epstopdf-unrestricted --outfile=figures
/perceptron-linear-eps-converted-to.pdf figures/perceptron-linear.eps>
(epstopdf)             \includegraphics on input line 151.
Package epstopdf Info: Output file is already uptodate.
<figures/perceptron-linear-eps-converted-to.pdf, id=116, 320.19624pt x 111.4162
4pt>
File: figures/perceptron-linear-eps-converted-to.pdf Graphic file (type pdf)
<use figures/perceptron-linear-eps-converted-to.pdf>
Package pdftex.def Info: figures/perceptron-linear-eps-converted-to.pdf  used o
n input line 151.
(pdftex.def)             Requested size: 552.86174pt x 192.37852pt.
[12 <./figures/perceptron-linear-eps-converted-to.pdf>]

LaTeX Font Warning: Command \Huge invalid in math mode on input line 173.

[13]
Package epstopdf Info: Source file: <graphs/majority-perceptron+dtl-curve.eps>
(epstopdf)                    date: 2026-07-15 08:15:08
(epstopdf)                    size: 14167 bytes
(epstopdf)             Output file: <graphs/majority-perceptron+dtl-curve-eps-c
onverted-to.pdf>
(epstopdf)                    date: 2026-07-16 17:12:21
(epstopdf)                    size: 7197 bytes
(epstopdf)             Command: <miktex-epstopdf-unrestricted --outfile=graphs/
majority-perceptron+dtl-curve-eps-converted-to.pdf graphs/majority-perceptron+d
tl-curve.eps>
(epstopdf)             \includegraphics on input line 189.
Package epstopdf Info: Output file is already uptodate.
<graphs/majority-perceptron+dtl-curve-eps-converted-to.pdf, id=140, 251.94125pt
 x 176.66pt>
File: graphs/majority-perceptron+dtl-curve-eps-converted-to.pdf Graphic file (t
ype pdf)
<use graphs/majority-perceptron+dtl-curve-eps-converted-to.pdf>
Package pdftex.def Info: graphs/majority-perceptron+dtl-curve-eps-converted-to.
pdf  used on input line 189.
(pdftex.def)             Requested size: 294.85896pt x 206.75606pt.
Package epstopdf Info: Source file: <graphs/restaurant-perceptron+dtl-curve.eps
>
(epstopdf)                    date: 2026-07-15 08:15:08
(epstopdf)                    size: 14167 bytes
(epstopdf)             Output file: <graphs/restaurant-perceptron+dtl-curve-eps
-converted-to.pdf>
(epstopdf)                    date: 2026-07-16 22:53:22
(epstopdf)                    size: 7249 bytes
(epstopdf)             Command: <miktex-epstopdf-unrestricted --outfile=graphs/
restaurant-perceptron+dtl-curve-eps-converted-to.pdf graphs/restaurant-perceptr
on+dtl-curve.eps>
(epstopdf)             \includegraphics on input line 189.
Package epstopdf Info: Output file is already uptodate.
<graphs/restaurant-perceptron+dtl-curve-eps-converted-to.pdf, id=141, 251.94125
pt x 176.66pt>
File: graphs/restaurant-perceptron+dtl-curve-eps-converted-to.pdf Graphic file 
(type pdf)
<use graphs/restaurant-perceptron+dtl-curve-eps-converted-to.pdf>
Package pdftex.def Info: graphs/restaurant-perceptron+dtl-curve-eps-converted-t
o.pdf  used on input line 189.
(pdftex.def)             Requested size: 251.94063pt x 176.65956pt.
 [14 <./graphs/majority-perceptron+dtl-curve-eps-converted-to.pdf> <./graphs/re
staurant-perceptron+dtl-curve-eps-converted-to.pdf>]
Package epstopdf Info: Source file: <figures/restaurant-nn.eps>
(epstopdf)                    date: 2026-07-15 08:15:05
(epstopdf)                    size: 148370 bytes
(epstopdf)             Output file: <figures/restaurant-nn-eps-converted-to.pdf
>
(epstopdf)                    date: 2026-07-16 17:12:23
(epstopdf)                    size: 7082 bytes
(epstopdf)             Command: <miktex-epstopdf-unrestricted --outfile=figures
/restaurant-nn-eps-converted-to.pdf figures/restaurant-nn.eps>
(epstopdf)             \includegraphics on input line 207.
Package epstopdf Info: Output file is already uptodate.
<figures/restaurant-nn-eps-converted-to.pdf, id=155, 358.33875pt x 165.61874pt>

File: figures/restaurant-nn-eps-converted-to.pdf Graphic file (type pdf)
<use figures/restaurant-nn-eps-converted-to.pdf>
Package pdftex.def Info: figures/restaurant-nn-eps-converted-to.pdf  used on in
put line 207.
(pdftex.def)             Requested size: 552.86174pt x 255.54138pt.
 [15 <./figures/restaurant-nn-eps-converted-to.pdf>]
Package epstopdf Info: Source file: <graphs/nn-ridge.eps>
(epstopdf)                    date: 2026-07-15 08:15:08
(epstopdf)                    size: 198142 bytes
(epstopdf)             Output file: <graphs/nn-ridge-eps-converted-to.pdf>
(epstopdf)                    date: 2026-07-16 17:12:26
(epstopdf)                    size: 52776 bytes
(epstopdf)             Command: <miktex-epstopdf-unrestricted --outfile=graphs/
nn-ridge-eps-converted-to.pdf graphs/nn-ridge.eps>
(epstopdf)             \includegraphics on input line 216.
Package epstopdf Info: Output file is already uptodate.
<graphs/nn-ridge-eps-converted-to.pdf, id=167, 196.735pt x 137.51375pt>
File: graphs/nn-ridge-eps-converted-to.pdf Graphic file (type pdf)
<use graphs/nn-ridge-eps-converted-to.pdf>
Package pdftex.def Info: graphs/nn-ridge-eps-converted-to.pdf  used on input li
ne 216.
(pdftex.def)             Requested size: 294.85896pt x 206.11484pt.
Package epstopdf Info: Source file: <graphs/nn-bump.eps>
(epstopdf)                    date: 2026-07-15 08:15:08
(epstopdf)                    size: 158722 bytes
(epstopdf)             Output file: <graphs/nn-bump-eps-converted-to.pdf>
(epstopdf)                    date: 2026-07-16 17:12:28
(epstopdf)                    size: 37359 bytes
(epstopdf)             Command: <miktex-epstopdf-unrestricted --outfile=graphs/
nn-bump-eps-converted-to.pdf graphs/nn-bump.eps>
(epstopdf)             \includegraphics on input line 216.
Package epstopdf Info: Output file is already uptodate.
<graphs/nn-bump-eps-converted-to.pdf, id=168, 196.735pt x 137.51375pt>
File: graphs/nn-bump-eps-converted-to.pdf Graphic file (type pdf)
<use graphs/nn-bump-eps-converted-to.pdf>
Package pdftex.def Info: graphs/nn-bump-eps-converted-to.pdf  used on input lin
e 216.
(pdftex.def)             Requested size: 196.7345pt x 137.51341pt.
 [16 <./graphs/nn-ridge-eps-converted-to.pdf> <./graphs/nn-bump-eps-converted-t
o.pdf>] [17] [18] [19] [20]
Package epstopdf Info: Source file: <graphs/restaurant-back-prop-error.eps>
(epstopdf)                    date: 2026-07-15 08:15:08
(epstopdf)                    size: 15819 bytes
(epstopdf)             Output file: <graphs/restaurant-back-prop-error-eps-conv
erted-to.pdf>
(epstopdf)                    date: 2026-07-16 17:12:29
(epstopdf)                    size: 7214 bytes
(epstopdf)             Command: <miktex-epstopdf-unrestricted --outfile=graphs/
restaurant-back-prop-error-eps-converted-to.pdf graphs/restaurant-back-prop-err
or.eps>
(epstopdf)             \includegraphics on input line 286.
Package epstopdf Info: Output file is already uptodate.
<graphs/restaurant-back-prop-error-eps-converted-to.pdf, id=207, 289.08pt x 201
.75375pt>
File: graphs/restaurant-back-prop-error-eps-converted-to.pdf Graphic file (type
 pdf)
<use graphs/restaurant-back-prop-error-eps-converted-to.pdf>
Package pdftex.def Info: graphs/restaurant-back-prop-error-eps-converted-to.pdf
  used on input line 286.
(pdftex.def)             Requested size: 368.58073pt x 257.25262pt.
 [21 <./graphs/restaurant-back-prop-error-eps-converted-to.pdf>]
Package epstopdf Info: Source file: <graphs/restaurant-back-prop+dtl-curve.eps>

(epstopdf)                    date: 2026-07-15 08:15:08
(epstopdf)                    size: 14908 bytes
(epstopdf)             Output file: <graphs/restaurant-back-prop+dtl-curve-eps-
converted-to.pdf>
(epstopdf)                    date: 2026-07-16 17:12:32
(epstopdf)                    size: 7516 bytes
(epstopdf)             Command: <miktex-epstopdf-unrestricted --outfile=graphs/
restaurant-back-prop+dtl-curve-eps-converted-to.pdf graphs/restaurant-back-prop
+dtl-curve.eps>
(epstopdf)             \includegraphics on input line 298.
Package epstopdf Info: Output file is already uptodate.
<graphs/restaurant-back-prop+dtl-curve-eps-converted-to.pdf, id=216, 289.08pt x
 201.75375pt>
File: graphs/restaurant-back-prop+dtl-curve-eps-converted-to.pdf Graphic file (
type pdf)
<use graphs/restaurant-back-prop+dtl-curve-eps-converted-to.pdf>
Package pdftex.def Info: graphs/restaurant-back-prop+dtl-curve-eps-converted-to
.pdf  used on input line 298.
(pdftex.def)             Requested size: 399.288pt x 278.68521pt.
 [22 <./graphs/restaurant-back-prop+dtl-curve-eps-converted-to.pdf>]
Package epstopdf Info: Source file: <figures/easy21c.eps>
(epstopdf)                    date: 2026-07-15 08:15:03
(epstopdf)                    size: 96812 bytes
(epstopdf)             Output file: <figures/easy21c-eps-converted-to.pdf>
(epstopdf)                    date: 2026-07-16 22:52:09
(epstopdf)                    size: 3005 bytes
(epstopdf)             Command: <miktex-epstopdf-unrestricted --outfile=figures
/easy21c-eps-converted-to.pdf figures/easy21c.eps>
(epstopdf)             \includegraphics on input line 332.
Package epstopdf Info: Output file is already uptodate.
<figures/easy21c-eps-converted-to.pdf, id=225, 56.21pt x 56.21pt>
File: figures/easy21c-eps-converted-to.pdf Graphic file (type pdf)
<use figures/easy21c-eps-converted-to.pdf>
Package pdftex.def Info: figures/easy21c-eps-converted-to.pdf  used on input li
ne 332.
(pdftex.def)             Requested size: 56.20985pt x 56.20985pt.
Package epstopdf Info: Source file: <figures/easy23c.eps>
(epstopdf)                    date: 2026-07-15 08:15:03
(epstopdf)                    size: 96812 bytes
(epstopdf)             Output file: <figures/easy23c-eps-converted-to.pdf>
(epstopdf)                    date: 2026-07-16 22:52:13
(epstopdf)                    size: 2890 bytes
(epstopdf)             Command: <miktex-epstopdf-unrestricted --outfile=figures
/easy23c-eps-converted-to.pdf figures/easy23c.eps>
(epstopdf)             \includegraphics on input line 332.
Package epstopdf Info: Output file is already uptodate.
<figures/easy23c-eps-converted-to.pdf, id=226, 56.21pt x 56.21pt>
File: figures/easy23c-eps-converted-to.pdf Graphic file (type pdf)
<use figures/easy23c-eps-converted-to.pdf>
Package pdftex.def Info: figures/easy23c-eps-converted-to.pdf  used on input li
ne 332.
(pdftex.def)             Requested size: 56.20985pt x 56.20985pt.
Package epstopdf Info: Source file: <figures/easy16c.eps>
(epstopdf)                    date: 2026-07-15 08:15:03
(epstopdf)                    size: 96812 bytes
(epstopdf)             Output file: <figures/easy16c-eps-converted-to.pdf>
(epstopdf)                    date: 2026-07-16 22:52:19
(epstopdf)                    size: 2977 bytes
(epstopdf)             Command: <miktex-epstopdf-unrestricted --outfile=figures
/easy16c-eps-converted-to.pdf figures/easy16c.eps>
(epstopdf)             \includegraphics on input line 332.
Package epstopdf Info: Output file is already uptodate.
<figures/easy16c-eps-converted-to.pdf, id=227, 56.21pt x 56.21pt>
File: figures/easy16c-eps-converted-to.pdf Graphic file (type pdf)
<use figures/easy16c-eps-converted-to.pdf>
Package pdftex.def Info: figures/easy16c-eps-converted-to.pdf  used on input li
ne 332.
(pdftex.def)             Requested size: 56.20985pt x 56.20985pt.
Package epstopdf Info: Source file: <figures/easy12c.eps>
(epstopdf)                    date: 2026-07-15 08:15:03
(epstopdf)                    size: 96812 bytes
(epstopdf)             Output file: <figures/easy12c-eps-converted-to.pdf>
(epstopdf)                    date: 2026-07-16 22:52:22
(epstopdf)                    size: 3001 bytes
(epstopdf)             Command: <miktex-epstopdf-unrestricted --outfile=figures
/easy12c-eps-converted-to.pdf figures/easy12c.eps>
(epstopdf)             \includegraphics on input line 332.
Package epstopdf Info: Output file is already uptodate.
<figures/easy12c-eps-converted-to.pdf, id=228, 56.21pt x 56.21pt>
File: figures/easy12c-eps-converted-to.pdf Graphic file (type pdf)
<use figures/easy12c-eps-converted-to.pdf>
Package pdftex.def Info: figures/easy12c-eps-converted-to.pdf  used on input li
ne 332.
(pdftex.def)             Requested size: 56.20985pt x 56.20985pt.
Package epstopdf Info: Source file: <figures/easy20c.eps>
(epstopdf)                    date: 2026-07-15 08:15:03
(epstopdf)                    size: 96812 bytes
(epstopdf)             Output file: <figures/easy20c-eps-converted-to.pdf>
(epstopdf)                    date: 2026-07-16 22:52:30
(epstopdf)                    size: 2962 bytes
(epstopdf)             Command: <miktex-epstopdf-unrestricted --outfile=figures
/easy20c-eps-converted-to.pdf figures/easy20c.eps>
(epstopdf)             \includegraphics on input line 332.
Package epstopdf Info: Output file is already uptodate.
<figures/easy20c-eps-converted-to.pdf, id=229, 56.21pt x 56.21pt>
File: figures/easy20c-eps-converted-to.pdf Graphic file (type pdf)
<use figures/easy20c-eps-converted-to.pdf>
Package pdftex.def Info: figures/easy20c-eps-converted-to.pdf  used on input li
ne 332.
(pdftex.def)             Requested size: 56.20985pt x 56.20985pt.
Package epstopdf Info: Source file: <figures/easy35c.eps>
(epstopdf)                    date: 2026-07-15 08:15:03
(epstopdf)                    size: 96812 bytes
(epstopdf)             Output file: <figures/easy35c-eps-converted-to.pdf>
(epstopdf)                    date: 2026-07-16 22:52:40
(epstopdf)                    size: 2824 bytes
(epstopdf)             Command: <miktex-epstopdf-unrestricted --outfile=figures
/easy35c-eps-converted-to.pdf figures/easy35c.eps>
(epstopdf)             \includegraphics on input line 332.
Package epstopdf Info: Output file is already uptodate.
<figures/easy35c-eps-converted-to.pdf, id=230, 56.21pt x 56.21pt>
File: figures/easy35c-eps-converted-to.pdf Graphic file (type pdf)
<use figures/easy35c-eps-converted-to.pdf>
Package pdftex.def Info: figures/easy35c-eps-converted-to.pdf  used on input li
ne 332.
(pdftex.def)             Requested size: 56.20985pt x 56.20985pt.
Package epstopdf Info: Source file: <figures/easy13c.eps>
(epstopdf)                    date: 2026-07-15 08:15:03
(epstopdf)                    size: 96812 bytes
(epstopdf)             Output file: <figures/easy13c-eps-converted-to.pdf>
(epstopdf)                    date: 2026-07-16 22:52:44
(epstopdf)                    size: 3008 bytes
(epstopdf)             Command: <miktex-epstopdf-unrestricted --outfile=figures
/easy13c-eps-converted-to.pdf figures/easy13c.eps>
(epstopdf)             \includegraphics on input line 332.
Package epstopdf Info: Output file is already uptodate.
<figures/easy13c-eps-converted-to.pdf, id=231, 56.21pt x 56.21pt>
File: figures/easy13c-eps-converted-to.pdf Graphic file (type pdf)
<use figures/easy13c-eps-converted-to.pdf>
Package pdftex.def Info: figures/easy13c-eps-converted-to.pdf  used on input li
ne 332.
(pdftex.def)             Requested size: 56.20985pt x 56.20985pt.
Package epstopdf Info: Source file: <figures/easy29c.eps>
(epstopdf)                    date: 2026-07-15 08:15:03
(epstopdf)                    size: 96812 bytes
(epstopdf)             Output file: <figures/easy29c-eps-converted-to.pdf>
(epstopdf)                    date: 2026-07-16 22:52:48
(epstopdf)                    size: 2903 bytes
(epstopdf)             Command: <miktex-epstopdf-unrestricted --outfile=figures
/easy29c-eps-converted-to.pdf figures/easy29c.eps>
(epstopdf)             \includegraphics on input line 332.
Package epstopdf Info: Output file is already uptodate.
<figures/easy29c-eps-converted-to.pdf, id=232, 56.21pt x 56.21pt>
File: figures/easy29c-eps-converted-to.pdf Graphic file (type pdf)
<use figures/easy29c-eps-converted-to.pdf>
Package pdftex.def Info: figures/easy29c-eps-converted-to.pdf  used on input li
ne 332.
(pdftex.def)             Requested size: 56.20985pt x 56.20985pt.
Package epstopdf Info: Source file: <figures/easy17c.eps>
(epstopdf)                    date: 2026-07-15 08:15:03
(epstopdf)                    size: 96812 bytes
(epstopdf)             Output file: <figures/easy17c-eps-converted-to.pdf>
(epstopdf)                    date: 2026-07-16 22:52:53
(epstopdf)                    size: 2987 bytes
(epstopdf)             Command: <miktex-epstopdf-unrestricted --outfile=figures
/easy17c-eps-converted-to.pdf figures/easy17c.eps>
(epstopdf)             \includegraphics on input line 332.
Package epstopdf Info: Output file is already uptodate.
<figures/easy17c-eps-converted-to.pdf, id=233, 56.21pt x 56.21pt>
File: figures/easy17c-eps-converted-to.pdf Graphic file (type pdf)
<use figures/easy17c-eps-converted-to.pdf>
Package pdftex.def Info: figures/easy17c-eps-converted-to.pdf  used on input li
ne 332.
(pdftex.def)             Requested size: 56.20985pt x 56.20985pt.
Package epstopdf Info: Source file: <figures/easy19c.eps>
(epstopdf)                    date: 2026-07-15 08:15:03
(epstopdf)                    size: 96812 bytes
(epstopdf)             Output file: <figures/easy19c-eps-converted-to.pdf>
(epstopdf)                    date: 2026-07-16 22:52:58
(epstopdf)                    size: 2908 bytes
(epstopdf)             Command: <miktex-epstopdf-unrestricted --outfile=figures
/easy19c-eps-converted-to.pdf figures/easy19c.eps>
(epstopdf)             \includegraphics on input line 332.
Package epstopdf Info: Output file is already uptodate.
<figures/easy19c-eps-converted-to.pdf, id=234, 56.21pt x 56.21pt>
File: figures/easy19c-eps-converted-to.pdf Graphic file (type pdf)
<use figures/easy19c-eps-converted-to.pdf>
Package pdftex.def Info: figures/easy19c-eps-converted-to.pdf  used on input li
ne 332.
(pdftex.def)             Requested size: 56.20985pt x 56.20985pt.
Package epstopdf Info: Source file: <figures/hard53c.eps>
(epstopdf)                    date: 2026-07-15 08:15:04
(epstopdf)                    size: 96812 bytes
(epstopdf)             Output file: <figures/hard53c-eps-converted-to.pdf>
(epstopdf)                    date: 2026-07-16 22:53:02
(epstopdf)                    size: 3005 bytes
(epstopdf)             Command: <miktex-epstopdf-unrestricted --outfile=figures
/hard53c-eps-converted-to.pdf figures/hard53c.eps>
(epstopdf)             \includegraphics on input line 332.
Package epstopdf Info: Output file is already uptodate.
<figures/hard53c-eps-converted-to.pdf, id=235, 56.21pt x 56.21pt>
File: figures/hard53c-eps-converted-to.pdf Graphic file (type pdf)
<use figures/hard53c-eps-converted-to.pdf>
Package pdftex.def Info: figures/hard53c-eps-converted-to.pdf  used on input li
ne 332.
(pdftex.def)             Requested size: 56.20985pt x 56.20985pt.
Package epstopdf Info: Source file: <figures/hard04c.eps>
(epstopdf)                    date: 2026-07-15 08:15:04
(epstopdf)                    size: 96812 bytes
(epstopdf)             Output file: <figures/hard04c-eps-converted-to.pdf>
(epstopdf)                    date: 2026-07-16 22:53:06
(epstopdf)                    size: 2853 bytes
(epstopdf)             Command: <miktex-epstopdf-unrestricted --outfile=figures
/hard04c-eps-converted-to.pdf figures/hard04c.eps>
(epstopdf)             \includegraphics on input line 332.
Package epstopdf Info: Output file is already uptodate.
<figures/hard04c-eps-converted-to.pdf, id=236, 56.21pt x 56.21pt>
File: figures/hard04c-eps-converted-to.pdf Graphic file (type pdf)
<use figures/hard04c-eps-converted-to.pdf>
Package pdftex.def Info: figures/hard04c-eps-converted-to.pdf  used on input li
ne 332.
(pdftex.def)             Requested size: 56.20985pt x 56.20985pt.
Package epstopdf Info: Source file: <figures/hard20c.eps>
(epstopdf)                    date: 2026-07-15 08:15:04
(epstopdf)                    size: 96812 bytes
(epstopdf)             Output file: <figures/hard20c-eps-converted-to.pdf>
(epstopdf)                    date: 2026-07-16 22:53:08
(epstopdf)                    size: 3011 bytes
(epstopdf)             Command: <miktex-epstopdf-unrestricted --outfile=figures
/hard20c-eps-converted-to.pdf figures/hard20c.eps>
(epstopdf)             \includegraphics on input line 332.
Package epstopdf Info: Output file is already uptodate.
<figures/hard20c-eps-converted-to.pdf, id=237, 56.21pt x 56.21pt>
File: figures/hard20c-eps-converted-to.pdf Graphic file (type pdf)
<use figures/hard20c-eps-converted-to.pdf>
Package pdftex.def Info: figures/hard20c-eps-converted-to.pdf  used on input li
ne 332.
(pdftex.def)             Requested size: 56.20985pt x 56.20985pt.
Package epstopdf Info: Source file: <figures/hard13c.eps>
(epstopdf)                    date: 2026-07-15 08:15:04
(epstopdf)                    size: 96812 bytes
(epstopdf)             Output file: <figures/hard13c-eps-converted-to.pdf>
(epstopdf)                    date: 2026-07-16 22:53:11
(epstopdf)                    size: 2951 bytes
(epstopdf)             Command: <miktex-epstopdf-unrestricted --outfile=figures
/hard13c-eps-converted-to.pdf figures/hard13c.eps>
(epstopdf)             \includegraphics on input line 332.
Package epstopdf Info: Output file is already uptodate.
<figures/hard13c-eps-converted-to.pdf, id=238, 56.21pt x 56.21pt>
File: figures/hard13c-eps-converted-to.pdf Graphic file (type pdf)
<use figures/hard13c-eps-converted-to.pdf>
Package pdftex.def Info: figures/hard13c-eps-converted-to.pdf  used on input li
ne 332.
(pdftex.def)             Requested size: 56.20985pt x 56.20985pt.
Package epstopdf Info: Source file: <figures/hard01c.eps>
(epstopdf)                    date: 2026-07-15 08:15:04
(epstopdf)                    size: 96812 bytes
(epstopdf)             Output file: <figures/hard01c-eps-converted-to.pdf>
(epstopdf)                    date: 2026-07-16 22:53:14
(epstopdf)                    size: 2948 bytes
(epstopdf)             Command: <miktex-epstopdf-unrestricted --outfile=figures
/hard01c-eps-converted-to.pdf figures/hard01c.eps>
(epstopdf)             \includegraphics on input line 332.
Package epstopdf Info: Output file is already uptodate.
<figures/hard01c-eps-converted-to.pdf, id=239, 56.21pt x 56.21pt>
File: figures/hard01c-eps-converted-to.pdf Graphic file (type pdf)
<use figures/hard01c-eps-converted-to.pdf>
Package pdftex.def Info: figures/hard01c-eps-converted-to.pdf  used on input li
ne 332.
(pdftex.def)             Requested size: 56.20985pt x 56.20985pt.
Package epstopdf Info: Source file: <figures/hard10c.eps>
(epstopdf)                    date: 2026-07-15 08:15:04
(epstopdf)                    size: 96812 bytes
(epstopdf)             Output file: <figures/hard10c-eps-converted-to.pdf>
(epstopdf)                    date: 2026-07-16 22:53:18
(epstopdf)                    size: 2987 bytes
(epstopdf)             Command: <miktex-epstopdf-unrestricted --outfile=figures
/hard10c-eps-converted-to.pdf figures/hard10c.eps>
(epstopdf)             \includegraphics on input line 332.
Package epstopdf Info: Output file is already uptodate.
<figures/hard10c-eps-converted-to.pdf, id=240, 56.21pt x 56.21pt>
File: figures/hard10c-eps-converted-to.pdf Graphic file (type pdf)
<use figures/hard10c-eps-converted-to.pdf>
Package pdftex.def Info: figures/hard10c-eps-converted-to.pdf  used on input li
ne 332.
(pdftex.def)             Requested size: 56.20985pt x 56.20985pt.
Package epstopdf Info: Source file: <figures/hard34c.eps>
(epstopdf)                    date: 2026-07-15 08:15:04
(epstopdf)                    size: 96812 bytes
(epstopdf)             Output file: <figures/hard34c-eps-converted-to.pdf>
(epstopdf)                    date: 2026-07-16 22:53:22
(epstopdf)                    size: 2981 bytes
(epstopdf)             Command: <miktex-epstopdf-unrestricted --outfile=figures
/hard34c-eps-converted-to.pdf figures/hard34c.eps>
(epstopdf)             \includegraphics on input line 332.
Package epstopdf Info: Output file is already uptodate.
<figures/hard34c-eps-converted-to.pdf, id=241, 56.21pt x 56.21pt>
File: figures/hard34c-eps-converted-to.pdf Graphic file (type pdf)
<use figures/hard34c-eps-converted-to.pdf>
Package pdftex.def Info: figures/hard34c-eps-converted-to.pdf  used on input li
ne 332.
(pdftex.def)             Requested size: 56.20985pt x 56.20985pt.
Package epstopdf Info: Source file: <figures/hard52c.eps>
(epstopdf)                    date: 2026-07-15 08:15:04
(epstopdf)                    size: 96812 bytes
(epstopdf)             Output file: <figures/hard52c-eps-converted-to.pdf>
(epstopdf)                    date: 2026-07-16 22:53:27
(epstopdf)                    size: 2877 bytes
(epstopdf)             Command: <miktex-epstopdf-unrestricted --outfile=figures
/hard52c-eps-converted-to.pdf figures/hard52c.eps>
(epstopdf)             \includegraphics on input line 332.
Package epstopdf Info: Output file is already uptodate.
<figures/hard52c-eps-converted-to.pdf, id=242, 56.21pt x 56.21pt>
File: figures/hard52c-eps-converted-to.pdf Graphic file (type pdf)
<use figures/hard52c-eps-converted-to.pdf>
Package pdftex.def Info: figures/hard52c-eps-converted-to.pdf  used on input li
ne 332.
(pdftex.def)             Requested size: 56.20985pt x 56.20985pt.
Package epstopdf Info: Source file: <figures/hard05c.eps>
(epstopdf)                    date: 2026-07-15 08:15:04
(epstopdf)                    size: 96812 bytes
(epstopdf)             Output file: <figures/hard05c-eps-converted-to.pdf>
(epstopdf)                    date: 2026-07-16 22:53:31
(epstopdf)                    size: 2912 bytes
(epstopdf)             Command: <miktex-epstopdf-unrestricted --outfile=figures
/hard05c-eps-converted-to.pdf figures/hard05c.eps>
(epstopdf)             \includegraphics on input line 332.
Package epstopdf Info: Output file is already uptodate.
<figures/hard05c-eps-converted-to.pdf, id=243, 56.21pt x 56.21pt>
File: figures/hard05c-eps-converted-to.pdf Graphic file (type pdf)
<use figures/hard05c-eps-converted-to.pdf>
Package pdftex.def Info: figures/hard05c-eps-converted-to.pdf  used on input li
ne 332.
(pdftex.def)             Requested size: 56.20985pt x 56.20985pt.
Package epstopdf Info: Source file: <figures/hard14c.eps>
(epstopdf)                    date: 2026-07-15 08:15:04
(epstopdf)                    size: 96812 bytes
(epstopdf)             Output file: <figures/hard14c-eps-converted-to.pdf>
(epstopdf)                    date: 2026-07-16 22:53:36
(epstopdf)                    size: 2900 bytes
(epstopdf)             Command: <miktex-epstopdf-unrestricted --outfile=figures
/hard14c-eps-converted-to.pdf figures/hard14c.eps>
(epstopdf)             \includegraphics on input line 332.
Package epstopdf Info: Output file is already uptodate.
<figures/hard14c-eps-converted-to.pdf, id=244, 56.21pt x 56.21pt>
File: figures/hard14c-eps-converted-to.pdf Graphic file (type pdf)
<use figures/hard14c-eps-converted-to.pdf>
Package pdftex.def Info: figures/hard14c-eps-converted-to.pdf  used on input li
ne 332.
(pdftex.def)             Requested size: 56.20985pt x 56.20985pt.
 [23 <./figures/easy21c-eps-converted-to.pdf> <./figures/easy23c-eps-converted-
to.pdf> <./figures/easy16c-eps-converted-to.pdf> <./figures/easy12c-eps-convert
ed-to.pdf> <./figures/easy20c-eps-converted-to.pdf> <./figures/easy35c-eps-conv
erted-to.pdf> <./figures/easy13c-eps-converted-to.pdf> <./figures/easy29c-eps-c
onverted-to.pdf> <./figures/easy17c-eps-converted-to.pdf> <./figures/easy19c-ep
s-converted-to.pdf> <./figures/hard53c-eps-converted-to.pdf> <./figures/hard04c
-eps-converted-to.pdf> <./figures/hard20c-eps-converted-to.pdf> <./figures/hard
13c-eps-converted-to.pdf> <./figures/hard01c-eps-converted-to.pdf> <./figures/h
ard10c-eps-converted-to.pdf> <./figures/hard34c-eps-converted-to.pdf> <./figure
s/hard52c-eps-converted-to.pdf> <./figures/hard05c-eps-converted-to.pdf> <./fig
ures/hard14c-eps-converted-to.pdf>] [24]
(chapter20b.aux)
 ***********
LaTeX2e <2025-11-01>
L3 programming layer <2025-12-24>
 ***********


LaTeX Font Warning: Size substitutions with differences
(Font)              up to 0.5pt have occurred.

 ) 
Here is how much of TeX's memory you used:
 3266 strings out of 467870
 58081 string characters out of 5418355
 446217 words of memory out of 5000000
 32110 multiletter control sequences out of 15000+600000
 645649 words of font info for 73 fonts, out of 8000000 for 9000
 1141 hyphenation exceptions out of 8191
 72i,9n,79p,241b,339s stack positions out of 10000i,1000n,20000p,200000b,200000s
<C:/Users/thanh/AppData/Local/Programs/MiKTeX/fonts/type1/public/amsfonts/cm/
cmex10.pfb><C:/Users/thanh/AppData/Local/Programs/MiKTeX/fonts/type1/public/ams
fonts/cm/cmmi12.pfb><C:/Users/thanh/AppData/Local/Programs/MiKTeX/fonts/type1/p
ublic/amsfonts/cm/cmr12.pfb><C:/Users/thanh/AppData/Local/Programs/MiKTeX/fonts
/type1/public/amsfonts/cm/cmr17.pfb><C:/Users/thanh/AppData/Local/Programs/MiKT
eX/fonts/type1/public/amsfonts/cm/cmsy10.pfb><C:/Users/thanh/AppData/Local/Prog
rams/MiKTeX/fonts/type1/public/amsfonts/cm/cmti12.pfb><C:/Users/thanh/AppData/L
ocal/Programs/MiKTeX/fonts/type1/vntex/vnr/vnbx12.pfb><C:/Users/thanh/AppData/L
ocal/Programs/MiKTeX/fonts/type1/vntex/vnr/vncsc10.pfb><C:/Users/thanh/AppData/
Local/Programs/MiKTeX/fonts/type1/vntex/vnr/vnr8.pfb><C:/Users/thanh/AppData/Lo
cal/Programs/MiKTeX/fonts/type1/vntex/vnr/vnss17.pfb><C:/Users/thanh/AppData/Lo
cal/Programs/MiKTeX/fonts/type1/vntex/vnr/vnssbx10.pfb>
Output written on chapter20b.pdf (24 pages, 444464 bytes).
PDF statistics:
 317 PDF objects out of 1000 (max. 8388607)
 0 named destinations out of 1000 (max. 500000)
 176 words of extra memory for PDF output out of 10000 (max. 10000000)

