This is pdfTeX, Version 3.141592653-2.6-1.40.28 (MiKTeX 25.12) (preloaded format=pdflatex 2026.6.24)  15 JUL 2026 00:47
entering extended mode
 \write18 enabled.
 %&-line parsing enabled.
**./chapter04b.tex
(chapter04b.tex
LaTeX2e <2025-11-01>
L3 programming layer <2025-12-24>
(C:\Users\thanh\AppData\Local\Programs\MiKTeX\tex/latex/base\article.cls
Document Class: article 2025/01/22 v1.4n Standard LaTeX document class
(C:\Users\thanh\AppData\Local\Programs\MiKTeX\tex/latex/base\fleqn.clo
File: fleqn.clo 2016/12/29 v1.2b Standard LaTeX option (flush left equations)
\mathindent=\skip49
Applying: [2015/01/01] Make \[ robust on input line 50.
LaTeX Info: Redefining \[ on input line 51.
Already applied: [0000/00/00] Make \[ robust on input line 62.
Applying: [2015/01/01] Make \] robust on input line 74.
LaTeX Info: Redefining \] on input line 75.
Already applied: [0000/00/00] Make \] robust on input line 83.
)
(C:\Users\thanh\AppData\Local\Programs\MiKTeX\tex/latex/base\size10.clo
File: size10.clo 2025/01/22 v1.4n Standard LaTeX file (size option)
)
\c@part=\count275
\c@section=\count276
\c@subsection=\count277
\c@subsubsection=\count278
\c@paragraph=\count279
\c@subparagraph=\count280
\c@figure=\count281
\c@table=\count282
\abovecaptionskip=\skip50
\belowcaptionskip=\skip51
\bibindent=\dimen148
)
(aima-slides.sty
(C:\Users\thanh\AppData\Local\Programs\MiKTeX\tex/latex/ulem\ulem.sty
\UL@box=\box53
\UL@hyphenbox=\box54
\UL@skip=\skip52
\UL@hook=\toks17
\UL@height=\dimen149
\UL@pe=\count283
\UL@pixel=\dimen150
\ULC@box=\box55
Package: ulem 2019/11/18
\ULdepth=\dimen151
)
(C:\Users\thanh\AppData\Local\Programs\MiKTeX\tex/latex/graphics\graphicx.sty
Package: graphicx 2024/12/31 v1.2e Enhanced LaTeX Graphics (DPC,SPQR)

(C:\Users\thanh\AppData\Local\Programs\MiKTeX\tex/latex/graphics\keyval.sty
Package: keyval 2022/05/29 v1.15 key=value parser (DPC)
\KV@toks@=\toks18
)
(C:\Users\thanh\AppData\Local\Programs\MiKTeX\tex/latex/graphics\graphics.sty
Package: graphics 2024/08/06 v1.4g Standard LaTeX Graphics (DPC,SPQR)

(C:\Users\thanh\AppData\Local\Programs\MiKTeX\tex/latex/graphics\trig.sty
Package: trig 2023/12/02 v1.11 sin cos tan (DPC)
)
(C:\Users\thanh\AppData\Local\Programs\MiKTeX\tex/latex/graphics-cfg\graphics.c
fg
File: graphics.cfg 2016/06/04 v1.11 sample graphics configuration
)
Package graphics Info: Driver file: pdftex.def on input line 106.

(C:\Users\thanh\AppData\Local\Programs\MiKTeX\tex/latex/graphics-def\pdftex.def
File: pdftex.def 2025/09/29 v1.2d Graphics/color driver for pdftex
))
\Gin@req@height=\dimen152
\Gin@req@width=\dimen153
)
(C:\Users\thanh\AppData\Local\Programs\MiKTeX\tex/latex/epstopdf-pkg\epstopdf.s
ty
Package: epstopdf 2020-01-24 v2.11 Conversion with epstopdf on the fly (HO)

(C:\Users\thanh\AppData\Local\Programs\MiKTeX\tex/generic/infwarerr\infwarerr.s
ty
Package: infwarerr 2019/12/03 v1.5 Providing info/warning/error messages (HO)
) (C:\Users\thanh\AppData\Local\Programs\MiKTeX\tex/latex/grfext\grfext.sty
Package: grfext 2019/12/03 v1.3 Manage graphics extensions (HO)

(C:\Users\thanh\AppData\Local\Programs\MiKTeX\tex/generic/kvdefinekeys\kvdefine
keys.sty
Package: kvdefinekeys 2019-12-19 v1.6 Define keys (HO)
))
(C:\Users\thanh\AppData\Local\Programs\MiKTeX\tex/latex/kvoptions\kvoptions.sty
Package: kvoptions 2022-06-15 v3.15 Key value format for package options (HO)
(C:\Users\thanh\AppData\Local\Programs\MiKTeX\tex/generic/ltxcmds\ltxcmds.sty
Package: ltxcmds 2023-12-04 v1.26 LaTeX kernel commands for general use (HO)
)
(C:\Users\thanh\AppData\Local\Programs\MiKTeX\tex/latex/kvsetkeys\kvsetkeys.sty
Package: kvsetkeys 2022-10-05 v1.19 Key value parser (HO)
))
(C:\Users\thanh\AppData\Local\Programs\MiKTeX\tex/generic/pdftexcmds\pdftexcmds
.sty
Package: pdftexcmds 2020-06-27 v0.33 Utility functions of pdfTeX for LuaTeX (HO
)
 (C:\Users\thanh\AppData\Local\Programs\MiKTeX\tex/generic/iftex\iftex.sty
Package: iftex 2024/12/12 v1.0g TeX engine tests
)
Package pdftexcmds Info: \pdf@primitive is available.
Package pdftexcmds Info: \pdf@ifprimitive is available.
Package pdftexcmds Info: \pdfdraftmode found.
)
(C:\Users\thanh\AppData\Local\Programs\MiKTeX\tex/latex/epstopdf-pkg\epstopdf-b
ase.sty
Package: epstopdf-base 2020-01-24 v2.11 Base part for package epstopdf
Package epstopdf-base Info: Redefining graphics rule for `.eps' on input line 4
85.
Package grfext Info: Graphics extension search list:
(grfext)             [.pdf,.png,.jpg,.mps,.jpeg,.jbig2,.jb2,.PDF,.PNG,.JPG,.JPE
G,.JBIG2,.JB2,.eps]
(grfext)             \AppendGraphicsExtensions on input line 504.

(C:\Users\thanh\AppData\Local\Programs\MiKTeX\tex/latex/00miktex\epstopdf-sys.c
fg
File: epstopdf-sys.cfg 2021/03/18 v2.0 Configuration of epstopdf for MiKTeX
)))
Package grfext Info: Graphics extension search list:
(grfext)             [.pdf,.png,.jpg,.mps,.jpeg,.jbig2,.jb2,.PDF,.PNG,.JPG,.JPE
G,.JBIG2,.JB2,.eps,.ps]
(grfext)             \AppendGraphicsExtensions on input line 40.
\epsfxsize=\skip53
\epsfysize=\skip54
\headingwidth=\skip55
\backdrop=\skip56
\backheight=\skip57
\backwidth=\skip58
\xborder=\skip59
\yborder=\skip60
\footheight=\dimen154
\headtotal=\skip61
\codewidth=\skip62
\boxwidth=\skip63
\boxheight=\skip64
\skipwidth=\skip65
\roomheight=\skip66
\charheight=\skip67
\marginlineskip=\skip68
\marginwidth=\skip69
\textplusmarginwidth=\skip70
\maxfigwidth=\skip71
\tablewidth=\skip72
\captionskip=\skip73
\tcaptionskip=\skip74
)
(C:\Users\thanh\AppData\Local\Programs\MiKTeX\tex/latex/base\inputenc.sty
Package: inputenc 2024/02/08 v1.3d Input encoding file
\inpenc@prehook=\toks19
\inpenc@posthook=\toks20
)
(C:\Users\thanh\AppData\Local\Programs\MiKTeX\tex/latex/base\fontenc.sty
Package: fontenc 2025/07/18 v2.1d Standard LaTeX package

(C:\Users\thanh\AppData\Local\Programs\MiKTeX\tex/latex/vntex\t5enc.def
File: t5enc.def 2006/11/21 v1.4 Vietnamese T5 encoding
Now handling font encoding T5 ...
... processing UTF-8 mapping file for font encoding T5

(C:\Users\thanh\AppData\Local\Programs\MiKTeX\tex/latex/vntex\t5enc.dfu
File: t5enc.dfu 2006/08/19 v1.1 UTF8 support for Vietnamese
   defining Unicode char U+00AB (decimal 171)
   defining Unicode char U+00BB (decimal 187)
   defining Unicode char U+00C0 (decimal 192)
   defining Unicode char U+00C1 (decimal 193)
   defining Unicode char U+00C2 (decimal 194)
   defining Unicode char U+00C3 (decimal 195)
   defining Unicode char U+00C8 (decimal 200)
   defining Unicode char U+00C9 (decimal 201)
   defining Unicode char U+00CA (decimal 202)
   defining Unicode char U+00CC (decimal 204)
   defining Unicode char U+00CD (decimal 205)
   defining Unicode char U+00D2 (decimal 210)
   defining Unicode char U+00D3 (decimal 211)
   defining Unicode char U+00D4 (decimal 212)
   defining Unicode char U+00D5 (decimal 213)
   defining Unicode char U+00D9 (decimal 217)
   defining Unicode char U+00DA (decimal 218)
   defining Unicode char U+00DD (decimal 221)
   defining Unicode char U+00E0 (decimal 224)
   defining Unicode char U+00E1 (decimal 225)
   defining Unicode char U+00E2 (decimal 226)
   defining Unicode char U+00E3 (decimal 227)
   defining Unicode char U+00E8 (decimal 232)
   defining Unicode char U+00E9 (decimal 233)
   defining Unicode char U+00EA (decimal 234)
   defining Unicode char U+00EC (decimal 236)
   defining Unicode char U+00ED (decimal 237)
   defining Unicode char U+00F2 (decimal 242)
   defining Unicode char U+00F3 (decimal 243)
   defining Unicode char U+00F4 (decimal 244)
   defining Unicode char U+00F5 (decimal 245)
   defining Unicode char U+00F9 (decimal 249)
   defining Unicode char U+00FA (decimal 250)
   defining Unicode char U+00FD (decimal 253)
   defining Unicode char U+0102 (decimal 258)
   defining Unicode char U+0103 (decimal 259)
   defining Unicode char U+0110 (decimal 272)
   defining Unicode char U+0111 (decimal 273)
   defining Unicode char U+0128 (decimal 296)
   defining Unicode char U+0129 (decimal 297)
   defining Unicode char U+0131 (decimal 305)
   defining Unicode char U+0168 (decimal 360)
   defining Unicode char U+0169 (decimal 361)
   defining Unicode char U+01A0 (decimal 416)
   defining Unicode char U+01A1 (decimal 417)
   defining Unicode char U+01AF (decimal 431)
   defining Unicode char U+01B0 (decimal 432)
   defining Unicode char U+1EA0 (decimal 7840)
   defining Unicode char U+1EA1 (decimal 7841)
   defining Unicode char U+1EA2 (decimal 7842)
   defining Unicode char U+1EA3 (decimal 7843)
   defining Unicode char U+1EA4 (decimal 7844)
   defining Unicode char U+1EA5 (decimal 7845)
   defining Unicode char U+1EA6 (decimal 7846)
   defining Unicode char U+1EA7 (decimal 7847)
   defining Unicode char U+1EA8 (decimal 7848)
   defining Unicode char U+1EA9 (decimal 7849)
   defining Unicode char U+1EAA (decimal 7850)
   defining Unicode char U+1EAB (decimal 7851)
   defining Unicode char U+1EAC (decimal 7852)
   defining Unicode char U+1EAD (decimal 7853)
   defining Unicode char U+1EAE (decimal 7854)
   defining Unicode char U+1EAF (decimal 7855)
   defining Unicode char U+1EB0 (decimal 7856)
   defining Unicode char U+1EB1 (decimal 7857)
   defining Unicode char U+1EB2 (decimal 7858)
   defining Unicode char U+1EB3 (decimal 7859)
   defining Unicode char U+1EB4 (decimal 7860)
   defining Unicode char U+1EB5 (decimal 7861)
   defining Unicode char U+1EB6 (decimal 7862)
   defining Unicode char U+1EB7 (decimal 7863)
   defining Unicode char U+1EB8 (decimal 7864)
   defining Unicode char U+1EB9 (decimal 7865)
   defining Unicode char U+1EBA (decimal 7866)
   defining Unicode char U+1EBB (decimal 7867)
   defining Unicode char U+1EBC (decimal 7868)
   defining Unicode char U+1EBD (decimal 7869)
   defining Unicode char U+1EBE (decimal 7870)
   defining Unicode char U+1EBF (decimal 7871)
   defining Unicode char U+1EC0 (decimal 7872)
   defining Unicode char U+1EC1 (decimal 7873)
   defining Unicode char U+1EC2 (decimal 7874)
   defining Unicode char U+1EC3 (decimal 7875)
   defining Unicode char U+1EC4 (decimal 7876)
   defining Unicode char U+1EC5 (decimal 7877)
   defining Unicode char U+1EC6 (decimal 7878)
   defining Unicode char U+1EC7 (decimal 7879)
   defining Unicode char U+1EC8 (decimal 7880)
   defining Unicode char U+1EC9 (decimal 7881)
   defining Unicode char U+1ECA (decimal 7882)
   defining Unicode char U+1ECB (decimal 7883)
   defining Unicode char U+1ECC (decimal 7884)
   defining Unicode char U+1ECD (decimal 7885)
   defining Unicode char U+1ECE (decimal 7886)
   defining Unicode char U+1ECF (decimal 7887)
   defining Unicode char U+1ED0 (decimal 7888)
   defining Unicode char U+1ED1 (decimal 7889)
   defining Unicode char U+1ED2 (decimal 7890)
   defining Unicode char U+1ED3 (decimal 7891)
   defining Unicode char U+1ED4 (decimal 7892)
   defining Unicode char U+1ED5 (decimal 7893)
   defining Unicode char U+1ED6 (decimal 7894)
   defining Unicode char U+1ED7 (decimal 7895)
   defining Unicode char U+1ED8 (decimal 7896)
   defining Unicode char U+1ED9 (decimal 7897)
   defining Unicode char U+1EDA (decimal 7898)
   defining Unicode char U+1EDB (decimal 7899)
   defining Unicode char U+1EDC (decimal 7900)
   defining Unicode char U+1EDD (decimal 7901)
   defining Unicode char U+1EDE (decimal 7902)
   defining Unicode char U+1EDF (decimal 7903)
   defining Unicode char U+1EE0 (decimal 7904)
   defining Unicode char U+1EE1 (decimal 7905)
   defining Unicode char U+1EE2 (decimal 7906)
   defining Unicode char U+1EE3 (decimal 7907)
   defining Unicode char U+1EE4 (decimal 7908)
   defining Unicode char U+1EE5 (decimal 7909)
   defining Unicode char U+1EE6 (decimal 7910)
   defining Unicode char U+1EE7 (decimal 7911)
   defining Unicode char U+1EE8 (decimal 7912)
   defining Unicode char U+1EE9 (decimal 7913)
   defining Unicode char U+1EEA (decimal 7914)
   defining Unicode char U+1EEB (decimal 7915)
   defining Unicode char U+1EEC (decimal 7916)
   defining Unicode char U+1EED (decimal 7917)
   defining Unicode char U+1EEE (decimal 7918)
   defining Unicode char U+1EEF (decimal 7919)
   defining Unicode char U+1EF0 (decimal 7920)
   defining Unicode char U+1EF1 (decimal 7921)
   defining Unicode char U+1EF2 (decimal 7922)
   defining Unicode char U+1EF3 (decimal 7923)
   defining Unicode char U+1EF4 (decimal 7924)
   defining Unicode char U+1EF5 (decimal 7925)
   defining Unicode char U+1EF6 (decimal 7926)
   defining Unicode char U+1EF7 (decimal 7927)
   defining Unicode char U+1EF8 (decimal 7928)
   defining Unicode char U+1EF9 (decimal 7929)
   defining Unicode char U+200C (decimal 8204)
   defining Unicode char U+2013 (decimal 8211)
   defining Unicode char U+2014 (decimal 8212)
   defining Unicode char U+2018 (decimal 8216)
   defining Unicode char U+2019 (decimal 8217)
   defining Unicode char U+201A (decimal 8218)
   defining Unicode char U+201C (decimal 8220)
   defining Unicode char U+201D (decimal 8221)
   defining Unicode char U+201E (decimal 8222)
   defining Unicode char U+2030 (decimal 8240)
   defining Unicode char U+2031 (decimal 8241)
   defining Unicode char U+2039 (decimal 8249)
   defining Unicode char U+203A (decimal 8250)
   defining Unicode char U+2423 (decimal 9251)
))
LaTeX Font Info:    Trying to load font information for T5+cmr on input line 11
6.

(C:\Users\thanh\AppData\Local\Programs\MiKTeX\tex/latex/vntex\t5cmr.fd
File: t5cmr.fd 1999/05/25 v2.5h Standard LaTeX font definitions
))
(C:\Users\thanh\AppData\Local\Programs\MiKTeX\tex/latex/lm\lmodern.sty
Package: lmodern 2015/05/01 v1.6.1 Latin Modern Fonts
LaTeX Font Info:    Overwriting symbol font `operators' in version `normal'
(Font)                  OT1/cmr/m/n --> OT1/lmr/m/n on input line 22.
LaTeX Font Info:    Overwriting symbol font `letters' in version `normal'
(Font)                  OML/cmm/m/it --> OML/lmm/m/it on input line 23.
LaTeX Font Info:    Overwriting symbol font `symbols' in version `normal'
(Font)                  OMS/cmsy/m/n --> OMS/lmsy/m/n on input line 24.
LaTeX Font Info:    Overwriting symbol font `largesymbols' in version `normal'
(Font)                  OMX/cmex/m/n --> OMX/lmex/m/n on input line 25.
LaTeX Font Info:    Overwriting symbol font `operators' in version `bold'
(Font)                  OT1/cmr/bx/n --> OT1/lmr/bx/n on input line 26.
LaTeX Font Info:    Overwriting symbol font `letters' in version `bold'
(Font)                  OML/cmm/b/it --> OML/lmm/b/it on input line 27.
LaTeX Font Info:    Overwriting symbol font `symbols' in version `bold'
(Font)                  OMS/cmsy/b/n --> OMS/lmsy/b/n on input line 28.
LaTeX Font Info:    Overwriting symbol font `largesymbols' in version `bold'
(Font)                  OMX/cmex/m/n --> OMX/lmex/m/n on input line 29.
LaTeX Font Info:    Overwriting math alphabet `\mathbf' in version `normal'
(Font)                  OT1/cmr/bx/n --> OT1/lmr/bx/n on input line 31.
LaTeX Font Info:    Overwriting math alphabet `\mathsf' in version `normal'
(Font)                  OT1/cmss/m/n --> OT1/lmss/m/n on input line 32.
LaTeX Font Info:    Overwriting math alphabet `\mathit' in version `normal'
(Font)                  OT1/cmr/m/it --> OT1/lmr/m/it on input line 33.
LaTeX Font Info:    Overwriting math alphabet `\mathtt' in version `normal'
(Font)                  OT1/cmtt/m/n --> OT1/lmtt/m/n on input line 34.
LaTeX Font Info:    Overwriting math alphabet `\mathbf' in version `bold'
(Font)                  OT1/cmr/bx/n --> OT1/lmr/bx/n on input line 35.
LaTeX Font Info:    Overwriting math alphabet `\mathsf' in version `bold'
(Font)                  OT1/cmss/bx/n --> OT1/lmss/bx/n on input line 36.
LaTeX Font Info:    Overwriting math alphabet `\mathit' in version `bold'
(Font)                  OT1/cmr/bx/it --> OT1/lmr/bx/it on input line 37.
LaTeX Font Info:    Overwriting math alphabet `\mathtt' in version `bold'
(Font)                  OT1/cmtt/m/n --> OT1/lmtt/m/n on input line 38.
)
LaTeX Font Info:    Trying to load font information for T5+lmr on input line 8.


(C:\Users\thanh\AppData\Local\Programs\MiKTeX\tex/latex/lm\t5lmr.fd
File: t5lmr.fd 2015/05/01 v1.6.1 Font defs for Latin Modern
)
(C:\Users\thanh\AppData\Local\Programs\MiKTeX\tex/latex/l3backend\l3backend-pdf
tex.def
File: l3backend-pdftex.def 2025-10-09 L3 backend support: PDF output (pdfTeX)
\l__color_backend_stack_int=\count284
) (chapter04b.aux)
\openout1 = `chapter04b.aux'.

LaTeX Font Info:    Checking defaults for OML/cmm/m/it on input line 8.
LaTeX Font Info:    ... okay on input line 8.
LaTeX Font Info:    Checking defaults for OMS/cmsy/m/n on input line 8.
LaTeX Font Info:    ... okay on input line 8.
LaTeX Font Info:    Checking defaults for OT1/cmr/m/n on input line 8.
LaTeX Font Info:    ... okay on input line 8.
LaTeX Font Info:    Checking defaults for T1/cmr/m/n on input line 8.
LaTeX Font Info:    ... okay on input line 8.
LaTeX Font Info:    Checking defaults for TS1/cmr/m/n on input line 8.
LaTeX Font Info:    ... okay on input line 8.
LaTeX Font Info:    Checking defaults for OMX/cmex/m/n on input line 8.
LaTeX Font Info:    ... okay on input line 8.
LaTeX Font Info:    Checking defaults for U/cmr/m/n on input line 8.
LaTeX Font Info:    ... okay on input line 8.
LaTeX Font Info:    Checking defaults for T5/cmr/m/n on input line 8.
LaTeX Font Info:    ... okay on input line 8.

(C:\Users\thanh\AppData\Local\Programs\MiKTeX\tex/context/base/mkii\supp-pdf.mk
ii
[Loading MPS to PDF converter (version 2006.09.02).]
\scratchcounter=\count285
\scratchdimen=\dimen155
\scratchbox=\box56
\nofMPsegments=\count286
\nofMParguments=\count287
\everyMPshowfont=\toks21
\MPscratchCnt=\count288
\MPscratchDim=\dimen156
\MPnumerator=\count289
\makeMPintoPDFobject=\count290
\everyMPtoPDFconversion=\toks22
)
LaTeX Font Info:    Trying to load font information for TS1+lmr on input line 1
1.
 (C:\Users\thanh\AppData\Local\Programs\MiKTeX\tex/latex/lm\ts1lmr.fd
File: ts1lmr.fd 2015/05/01 v1.6.1 Font defs for Latin Modern
)
[1

{C:/Users/thanh/AppData/Local/MiKTeX/fonts/map/pdftex/pdftex.map}{C:/Users/than
h/AppData/Local/Programs/MiKTeX/fonts/enc/dvips/lm/lm-t5.enc}{C:/Users/thanh/Ap
pData/Local/Programs/MiKTeX/fonts/enc/dvips/lm/lm-ts1.enc}]
LaTeX Font Info:    Trying to load font information for OT1+lmr on input line 1
6.

(C:\Users\thanh\AppData\Local\Programs\MiKTeX\tex/latex/lm\ot1lmr.fd
File: ot1lmr.fd 2015/05/01 v1.6.1 Font defs for Latin Modern
)
LaTeX Font Info:    Trying to load font information for OML+lmm on input line 1
6.

(C:\Users\thanh\AppData\Local\Programs\MiKTeX\tex/latex/lm\omllmm.fd
File: omllmm.fd 2015/05/01 v1.6.1 Font defs for Latin Modern
)
LaTeX Font Info:    Trying to load font information for OMS+lmsy on input line 
16.

(C:\Users\thanh\AppData\Local\Programs\MiKTeX\tex/latex/lm\omslmsy.fd
File: omslmsy.fd 2015/05/01 v1.6.1 Font defs for Latin Modern
)
LaTeX Font Info:    Trying to load font information for OMX+lmex on input line 
16.

(C:\Users\thanh\AppData\Local\Programs\MiKTeX\tex/latex/lm\omxlmex.fd
File: omxlmex.fd 2015/05/01 v1.6.1 Font defs for Latin Modern
)
LaTeX Font Info:    External font `lmex10' loaded for size
(Font)              <20.74> on input line 16.
LaTeX Font Info:    External font `lmex10' loaded for size
(Font)              <14.4> on input line 16.
LaTeX Font Info:    External font `lmex10' loaded for size
(Font)              <12> on input line 16.
 [2{C:/Users/thanh/AppData/Local/Programs/MiKTeX/fonts/enc/dvips/lm/lm-mathsy.e
nc}]
[3{C:/Users/thanh/AppData/Local/Programs/MiKTeX/fonts/enc/dvips/lm/lm-mathit.en
c}] [4]
Underfull \hbox (badness 10000) in paragraph at lines 54--55

 []


Underfull \hbox (badness 10000) in paragraph at lines 56--57

 []

Package epstopdf Info: Source file: <figures/4queens.ps>
(epstopdf)                    date: 2026-07-14 21:56:01
(epstopdf)                    size: 20164 bytes
(epstopdf)             Output file: <figures/4queens-ps-converted-to.pdf>
(epstopdf)                    date: 2026-07-15 00:46:17
(epstopdf)                    size: 5362 bytes
(epstopdf)             Command: <epstopdf figures/4queens.ps --outfile=figures/
4queens-ps-converted-to.pdf>
(epstopdf)             \includegraphics on input line 66.
Package epstopdf Info: Output file is already uptodate.
<figures/4queens-ps-converted-to.pdf, id=22, 89.33376pt x 106.3975pt>
File: figures/4queens-ps-converted-to.pdf Graphic file (type pdf)
<use figures/4queens-ps-converted-to.pdf>
Package pdftex.def Info: figures/4queens-ps-converted-to.pdf  used on input lin
e 66.
(pdftex.def)             Requested size: 89.33353pt x 106.39723pt.
[5{C:/Users/thanh/AppData/Local/Programs/MiKTeX/fonts/enc/dvips/lm/lm-rm.enc} <
./figures/4queens-ps-converted-to.pdf>]
Package epstopdf Info: Source file: <figures/4queens-graph.ps>
(epstopdf)                    date: 2026-07-14 21:55:59
(epstopdf)                    size: 14218 bytes
(epstopdf)             Output file: <figures/4queens-graph-ps-converted-to.pdf>

(epstopdf)                    date: 2026-07-15 00:46:23
(epstopdf)                    size: 4918 bytes
(epstopdf)             Command: <epstopdf figures/4queens-graph.ps --outfile=fi
gures/4queens-graph-ps-converted-to.pdf>
(epstopdf)             \includegraphics on input line 87.
Package epstopdf Info: Output file is already uptodate.
<figures/4queens-graph-ps-converted-to.pdf, id=36, 106.3975pt x 101.37875pt>
File: figures/4queens-graph-ps-converted-to.pdf Graphic file (type pdf)
<use figures/4queens-graph-ps-converted-to.pdf>
Package pdftex.def Info: figures/4queens-graph-ps-converted-to.pdf  used on inp
ut line 87.
(pdftex.def)             Requested size: 184.29036pt x 175.60712pt.
 [6 <./figures/4queens-graph-ps-converted-to.pdf>] [7]

LaTeX Warning: Command \DJ invalid in math mode on input line 130.


LaTeX Warning: Command \h invalid in math mode on input line 130.


LaTeX Warning: Command \uhorn invalid in math mode on input line 130.


LaTeX Warning: Command \ohorn invalid in math mode on input line 130.


LaTeX Warning: Command \' invalid in math mode on input line 130.

Package epstopdf Info: Source file: <figures/map-coloring.ps>
(epstopdf)                    date: 2026-07-14 21:57:47
(epstopdf)                    size: 14294 bytes
(epstopdf)             Output file: <figures/map-coloring-ps-converted-to.pdf>
(epstopdf)                    date: 2026-07-15 00:46:27
(epstopdf)                    size: 4931 bytes
(epstopdf)             Command: <epstopdf figures/map-coloring.ps --outfile=fig
ures/map-coloring-ps-converted-to.pdf>
(epstopdf)             \includegraphics on input line 138.
Package epstopdf Info: Output file is already uptodate.
<figures/map-coloring-ps-converted-to.pdf, id=52, 321.2pt x 239.89626pt>
File: figures/map-coloring-ps-converted-to.pdf Graphic file (type pdf)
<use figures/map-coloring-ps-converted-to.pdf>
Package pdftex.def Info: figures/map-coloring-ps-converted-to.pdf  used on inpu
t line 138.
(pdftex.def)             Requested size: 195.12877pt x 145.73982pt.
Package epstopdf Info: Source file: <figures/map-coloring-graph.ps>
(epstopdf)                    date: 2026-07-14 21:57:45
(epstopdf)                    size: 15636 bytes
(epstopdf)             Output file: <figures/map-coloring-graph-ps-converted-to
.pdf>
(epstopdf)                    date: 2026-07-15 00:46:50
(epstopdf)                    size: 5264 bytes
(epstopdf)             Command: <epstopdf figures/map-coloring-graph.ps --outfi
le=figures/map-coloring-graph-ps-converted-to.pdf>
(epstopdf)             \includegraphics on input line 149.
Package epstopdf Info: Output file is already uptodate.
<figures/map-coloring-graph-ps-converted-to.pdf, id=53, 143.53625pt x 135.50626
pt>
File: figures/map-coloring-graph-ps-converted-to.pdf Graphic file (type pdf)
<use figures/map-coloring-graph-ps-converted-to.pdf>
Package pdftex.def Info: figures/map-coloring-graph-ps-converted-to.pdf  used o
n input line 149.
(pdftex.def)             Requested size: 180.67499pt x 170.57127pt.
[8 <./figures/map-coloring-ps-converted-to.pdf> <./figures/map-coloring-graph-p
s-converted-to.pdf>] [9] [10] [11] (algorithms/csp-datatypes-algorithm.tex
LaTeX Font Info:    External font `lmex10' loaded for size
(Font)              <10> on input line 12.
LaTeX Font Info:    External font `lmex10' loaded for size
(Font)              <7> on input line 12.
)
Overfull \hbox (3.13329pt too wide) in paragraph at lines 1--203
 []  
 []

[12]
Package epstopdf Info: Source file: <figures/map-coloring-tree.ps>
(epstopdf)                    date: 2026-07-14 21:57:46
(epstopdf)                    size: 16848 bytes
(epstopdf)             Output file: <figures/map-coloring-tree-ps-converted-to.
pdf>
(epstopdf)                    date: 2026-07-15 00:46:55
(epstopdf)                    size: 2468 bytes
(epstopdf)             Command: <epstopdf figures/map-coloring-tree.ps --outfil
e=figures/map-coloring-tree-ps-converted-to.pdf>
(epstopdf)             \includegraphics on input line 216.
Package epstopdf Info: Output file is already uptodate.
<figures/map-coloring-tree-ps-converted-to.pdf, id=86, 568.1225pt x 162.6075pt>

File: figures/map-coloring-tree-ps-converted-to.pdf Graphic file (type pdf)
<use figures/map-coloring-tree-ps-converted-to.pdf>
Package pdftex.def Info: figures/map-coloring-tree-ps-converted-to.pdf  used on
 input line 216.
(pdftex.def)             Requested size: 614.295pt x 175.83926pt.
 [13 <./figures/map-coloring-tree-ps-converted-to.pdf>] [14]

LaTeX Font Warning: Command \Huge invalid in math mode on input line 246.

LaTeX Font Info:    External font `lmex10' loaded for size
(Font)              <24.88> on input line 246.
LaTeX Font Info:    External font `lmex10' loaded for size
(Font)              <17.28> on input line 246.
[15] [16] [17]
Package epstopdf Info: Source file: <figures/map-coloring2.ps>
(epstopdf)                    date: 2026-07-14 21:57:47
(epstopdf)                    size: 18264 bytes
(epstopdf)             Output file: <figures/map-coloring2-ps-converted-to.pdf>

(epstopdf)                    date: 2026-07-15 00:47:01
(epstopdf)                    size: 4885 bytes
(epstopdf)             Command: <epstopdf figures/map-coloring2.ps --outfile=fi
gures/map-coloring2-ps-converted-to.pdf>
(epstopdf)             \includegraphics on input line 300.
Package epstopdf Info: Output file is already uptodate.
<figures/map-coloring2-ps-converted-to.pdf, id=105, 277.035pt x 265.99374pt>
File: figures/map-coloring2-ps-converted-to.pdf Graphic file (type pdf)
<use figures/map-coloring2-ps-converted-to.pdf>
Package pdftex.def Info: figures/map-coloring2-ps-converted-to.pdf  used on inp
ut line 300.
(pdftex.def)             Requested size: 195.12877pt x 187.35107pt.
 [18 <./figures/map-coloring2-ps-converted-to.pdf>] [19] [20]
[21]

LaTeX Warning: Command \DJ invalid in math mode on input line 405.


LaTeX Warning: Command \h invalid in math mode on input line 405.


LaTeX Warning: Command \' invalid in math mode on input line 405.


LaTeX Warning: Command \DJ invalid in math mode on input line 405.


LaTeX Warning: Command \h invalid in math mode on input line 405.


LaTeX Warning: Command \' invalid in math mode on input line 405.


LaTeX Warning: Command \DJ invalid in math mode on input line 405.


LaTeX Warning: Command \h invalid in math mode on input line 405.


LaTeX Warning: Command \' invalid in math mode on input line 405.


LaTeX Warning: Command \DJ invalid in math mode on input line 405.


LaTeX Warning: Command \h invalid in math mode on input line 405.


LaTeX Warning: Command \' invalid in math mode on input line 405.


LaTeX Warning: Command \DJ invalid in math mode on input line 408.


LaTeX Warning: Command \h invalid in math mode on input line 408.


LaTeX Warning: Command \' invalid in math mode on input line 408.


LaTeX Warning: Command \DJ invalid in math mode on input line 408.


LaTeX Warning: Command \h invalid in math mode on input line 408.


LaTeX Warning: Command \' invalid in math mode on input line 408.


LaTeX Warning: Command \DJ invalid in math mode on input line 408.


LaTeX Warning: Command \h invalid in math mode on input line 408.


LaTeX Warning: Command \' invalid in math mode on input line 408.


LaTeX Warning: Command \DJ invalid in math mode on input line 408.


LaTeX Warning: Command \h invalid in math mode on input line 408.


LaTeX Warning: Command \' invalid in math mode on input line 408.

Package epstopdf Info: Source file: <figures/map-coloring.ps>
(epstopdf)                    date: 2026-07-14 21:57:47
(epstopdf)                    size: 14294 bytes
(epstopdf)             Output file: <figures/map-coloring-ps-converted-to.pdf>
(epstopdf)                    date: 2026-07-15 00:46:27
(epstopdf)                    size: 4931 bytes
(epstopdf)             Command: <epstopdf figures/map-coloring.ps --outfile=fig
ures/map-coloring-ps-converted-to.pdf>
(epstopdf)             \includegraphics on input line 413.
Package epstopdf Info: Output file is already uptodate.
File: figures/map-coloring-ps-converted-to.pdf Graphic file (type pdf)
<use figures/map-coloring-ps-converted-to.pdf>
Package pdftex.def Info: figures/map-coloring-ps-converted-to.pdf  used on inpu
t line 413.
(pdftex.def)             Requested size: 195.12877pt x 145.73982pt.

Overfull \hbox (34.83842pt too wide) in paragraph at lines 403--415
[][]  
 []

[22]

LaTeX Warning: Command \DJ invalid in math mode on input line 428.


LaTeX Warning: Command \h invalid in math mode on input line 428.


LaTeX Warning: Command \' invalid in math mode on input line 428.


LaTeX Warning: Command \DJ invalid in math mode on input line 428.


LaTeX Warning: Command \h invalid in math mode on input line 428.


LaTeX Warning: Command \' invalid in math mode on input line 428.


LaTeX Warning: Command \DJ invalid in math mode on input line 428.


LaTeX Warning: Command \h invalid in math mode on input line 428.


LaTeX Warning: Command \' invalid in math mode on input line 428.


LaTeX Warning: Command \DJ invalid in math mode on input line 428.


LaTeX Warning: Command \h invalid in math mode on input line 428.


LaTeX Warning: Command \' invalid in math mode on input line 428.


LaTeX Warning: Command \' invalid in math mode on input line 429.


Underfull \hbox (badness 10000) in paragraph at lines 428--430
[]$\OML/lmm/m/it/20.74 C[][]Xanh l\OT1/lmr/m/n/20.74 ¡$\T5/lmr/m/n/20.74 : \T5/
lmr/m/it/20.74 gi¡-trà-r ng-buëc-½t-nh§t
 []


LaTeX Warning: Command \DJ invalid in math mode on input line 431.


LaTeX Warning: Command \h invalid in math mode on input line 431.


LaTeX Warning: Command \' invalid in math mode on input line 431.


LaTeX Warning: Command \DJ invalid in math mode on input line 431.


LaTeX Warning: Command \h invalid in math mode on input line 431.


LaTeX Warning: Command \' invalid in math mode on input line 431.


LaTeX Warning: Command \DJ invalid in math mode on input line 431.


LaTeX Warning: Command \h invalid in math mode on input line 431.


LaTeX Warning: Command \' invalid in math mode on input line 431.


LaTeX Warning: Command \DJ invalid in math mode on input line 431.


LaTeX Warning: Command \h invalid in math mode on input line 431.


LaTeX Warning: Command \' invalid in math mode on input line 431.


Underfull \hbox (badness 10000) in paragraph at lines 431--433
[]$\OML/lmm/m/it/20.74 C[]$\T5/lmr/m/n/20.74 : \T5/lmr/m/it/20.74 bi¸n-bà-r ng-
buëc-nhi·u-nh§t (most-
 []

Package epstopdf Info: Source file: <figures/map-coloring.ps>
(epstopdf)                    date: 2026-07-14 21:57:47
(epstopdf)                    size: 14294 bytes
(epstopdf)             Output file: <figures/map-coloring-ps-converted-to.pdf>
(epstopdf)                    date: 2026-07-15 00:46:27
(epstopdf)                    size: 4931 bytes
(epstopdf)             Command: <epstopdf figures/map-coloring.ps --outfile=fig
ures/map-coloring-ps-converted-to.pdf>
(epstopdf)             \includegraphics on input line 436.
Package epstopdf Info: Output file is already uptodate.
File: figures/map-coloring-ps-converted-to.pdf Graphic file (type pdf)
<use figures/map-coloring-ps-converted-to.pdf>
Package pdftex.def Info: figures/map-coloring-ps-converted-to.pdf  used on inpu
t line 436.
(pdftex.def)             Requested size: 195.12877pt x 145.73982pt.

Overfull \hbox (34.83842pt too wide) in paragraph at lines 426--438
[][]  
 []

[23] [24]
Package epstopdf Info: Source file: <figures/4queens-iterative.ps>
(epstopdf)                    date: 2026-07-14 21:56:00
(epstopdf)                    size: 53425 bytes
(epstopdf)             Output file: <figures/4queens-iterative-ps-converted-to.
pdf>
(epstopdf)                    date: 2026-07-15 00:47:05
(epstopdf)                    size: 7806 bytes
(epstopdf)             Command: <epstopdf figures/4queens-iterative.ps --outfil
e=figures/4queens-iterative-ps-converted-to.pdf>
(epstopdf)             \includegraphics on input line 473.
Package epstopdf Info: Output file is already uptodate.
<figures/4queens-iterative-ps-converted-to.pdf, id=136, 355.3275pt x 108.405pt>

File: figures/4queens-iterative-ps-converted-to.pdf Graphic file (type pdf)
<use figures/4queens-iterative-ps-converted-to.pdf>
Package pdftex.def Info: figures/4queens-iterative-ps-converted-to.pdf  used on
 input line 473.
(pdftex.def)             Requested size: 430.00462pt x 131.19194pt.
 [25 <./figures/4queens-iterative-ps-converted-to.pdf>]
Package epstopdf Info: Source file: <figures/random-csp-runtime.ps>
(epstopdf)                    date: 2026-07-14 21:57:58
(epstopdf)                    size: 11615 bytes
(epstopdf)             Output file: <figures/random-csp-runtime-ps-converted-to
.pdf>
(epstopdf)                    date: 2026-07-15 00:47:09
(epstopdf)                    size: 5411 bytes
(epstopdf)             Command: <epstopdf figures/random-csp-runtime.ps --outfi
le=figures/random-csp-runtime-ps-converted-to.pdf>
(epstopdf)             \includegraphics on input line 490.
Package epstopdf Info: Output file is already uptodate.
<figures/random-csp-runtime-ps-converted-to.pdf, id=146, 468.75125pt x 253.9487
5pt>
File: figures/random-csp-runtime-ps-converted-to.pdf Graphic file (type pdf)
<use figures/random-csp-runtime-ps-converted-to.pdf>
Package pdftex.def Info: figures/random-csp-runtime-ps-converted-to.pdf  used o
n input line 490.
(pdftex.def)             Requested size: 368.58073pt x 199.67957pt.
 [26] [27 <./figures/random-csp-runtime-ps-converted-to.pdf>]
Package epstopdf Info: Source file: <figures/abcdef-graph.ps>
(epstopdf)                    date: 2026-07-14 21:56:05
(epstopdf)                    size: 13867 bytes
(epstopdf)             Output file: <figures/abcdef-graph-ps-converted-to.pdf>
(epstopdf)                    date: 2026-07-15 00:47:13
(epstopdf)                    size: 4577 bytes
(epstopdf)             Command: <epstopdf figures/abcdef-graph.ps --outfile=fig
ures/abcdef-graph-ps-converted-to.pdf>
(epstopdf)             \includegraphics on input line 502.
Package epstopdf Info: Output file is already uptodate.
<figures/abcdef-graph-ps-converted-to.pdf, id=158, 185.69376pt x 77.28876pt>
File: figures/abcdef-graph-ps-converted-to.pdf Graphic file (type pdf)
<use figures/abcdef-graph-ps-converted-to.pdf>
Package pdftex.def Info: figures/abcdef-graph-ps-converted-to.pdf  used on inpu
t line 502.
(pdftex.def)             Requested size: 307.14749pt x 127.84288pt.
 [28 <./figures/abcdef-graph-ps-converted-to.pdf>]

LaTeX Font Warning: Command \sc invalid in math mode on input line 520.

Package epstopdf Info: Source file: <figures/csp-filter.ps>
(epstopdf)                    date: 2026-07-14 21:56:46
(epstopdf)                    size: 13227 bytes
(epstopdf)             Output file: <figures/csp-filter-ps-converted-to.pdf>
(epstopdf)                    date: 2026-07-15 00:47:16
(epstopdf)                    size: 6176 bytes
(epstopdf)             Command: <epstopdf figures/csp-filter.ps --outfile=figur
es/csp-filter-ps-converted-to.pdf>
(epstopdf)             \includegraphics on input line 528.
Package epstopdf Info: Output file is already uptodate.
<figures/csp-filter-ps-converted-to.pdf, id=167, 225.84375pt x 98.3675pt>
File: figures/csp-filter-ps-converted-to.pdf Graphic file (type pdf)
<use figures/csp-filter-ps-converted-to.pdf>
Package pdftex.def Info: figures/csp-filter-ps-converted-to.pdf  used on input 
line 528.
(pdftex.def)             Requested size: 399.288pt x 173.9348pt.
[29 <./figures/csp-filter-ps-converted-to.pdf>]
Package epstopdf Info: Source file: <figures/abcdef-graph.ps>
(epstopdf)                    date: 2026-07-14 21:56:05
(epstopdf)                    size: 13867 bytes
(epstopdf)             Output file: <figures/abcdef-graph-ps-converted-to.pdf>
(epstopdf)                    date: 2026-07-15 00:47:13
(epstopdf)                    size: 4577 bytes
(epstopdf)             Command: <epstopdf figures/abcdef-graph.ps --outfile=fig
ures/abcdef-graph-ps-converted-to.pdf>
(epstopdf)             \includegraphics on input line 537.
Package epstopdf Info: Output file is already uptodate.
File: figures/abcdef-graph-ps-converted-to.pdf Graphic file (type pdf)
<use figures/abcdef-graph-ps-converted-to.pdf>
Package pdftex.def Info: figures/abcdef-graph-ps-converted-to.pdf  used on inpu
t line 537.
(pdftex.def)             Requested size: 307.14749pt x 127.84288pt.
Package epstopdf Info: Source file: <figures/abcdef-ordered.ps>
(epstopdf)                    date: 2026-07-14 21:56:06
(epstopdf)                    size: 13906 bytes
(epstopdf)             Output file: <figures/abcdef-ordered-ps-converted-to.pdf
>
(epstopdf)                    date: 2026-07-15 00:47:21
(epstopdf)                    size: 4968 bytes
(epstopdf)             Command: <epstopdf figures/abcdef-ordered.ps --outfile=f
igures/abcdef-ordered-ps-converted-to.pdf>
(epstopdf)             \includegraphics on input line 542.
Package epstopdf Info: Output file is already uptodate.
<figures/abcdef-ordered-ps-converted-to.pdf, id=179, 307.1475pt x 44.165pt>
File: figures/abcdef-ordered-ps-converted-to.pdf Graphic file (type pdf)
<use figures/abcdef-ordered-ps-converted-to.pdf>
Package pdftex.def Info: figures/abcdef-ordered-ps-converted-to.pdf  used on in
put line 542.
(pdftex.def)             Requested size: 430.00462pt x 61.83458pt.


LaTeX Font Warning: Command \sc invalid in math mode on input line 544.

[30 <./figures/abcdef-ordered-ps-converted-to.pdf>] [31] [32] (chapter04b.aux)
 ***********
LaTeX2e <2025-11-01>
L3 programming layer <2025-12-24>
 ***********
 ) 
Here is how much of TeX's memory you used:
 3168 strings out of 467870
 53593 string characters out of 5418355
 442276 words of memory out of 5000000
 31984 multiletter control sequences out of 15000+600000
 713706 words of font info for 77 fonts, out of 8000000 for 9000
 1141 hyphenation exceptions out of 8191
 72i,17n,79p,304b,373s stack positions out of 10000i,1000n,20000p,200000b,200000s
<C:/Users/thanh/AppData/Local/Programs/MiKTeX/fonts/type1/public/lm/lmbx12.pf
b><C:/Users/thanh/AppData/Local/Programs/MiKTeX/fonts/type1/public/lm/lmcsc10.p
fb><C:/Users/thanh/AppData/Local/Programs/MiKTeX/fonts/type1/public/lm/lmmi12.p
fb><C:/Users/thanh/AppData/Local/Programs/MiKTeX/fonts/type1/public/lm/lmr12.pf
b><C:/Users/thanh/AppData/Local/Programs/MiKTeX/fonts/type1/public/lm/lmr17.pfb
><C:/Users/thanh/AppData/Local/Programs/MiKTeX/fonts/type1/public/lm/lmr8.pfb><
C:/Users/thanh/AppData/Local/Programs/MiKTeX/fonts/type1/public/lm/lmri12.pfb><
C:/Users/thanh/AppData/Local/Programs/MiKTeX/fonts/type1/public/lm/lmsy10.pfb>
Output written on chapter04b.pdf (32 pages, 296851 bytes).
PDF statistics:
 240 PDF objects out of 1000 (max. 8388607)
 0 named destinations out of 1000 (max. 500000)
 56 words of extra memory for PDF output out of 10000 (max. 10000000)

