This is pdfTeX, Version 3.141592653-2.6-1.40.28 (MiKTeX 25.12) (preloaded format=pdflatex 2026.6.24)  15 JUL 2026 00:59
entering extended mode
 \write18 enabled.
 %&-line parsing enabled.
**./chapter13.tex
(chapter13.tex
LaTeX2e <2025-11-01>
L3 programming layer <2025-12-24>
(C:\Users\thanh\AppData\Local\Programs\MiKTeX\tex/latex/base\article.cls
Document Class: article 2025/01/22 v1.4n Standard LaTeX document class
(C:\Users\thanh\AppData\Local\Programs\MiKTeX\tex/latex/base\fleqn.clo
File: fleqn.clo 2016/12/29 v1.2b Standard LaTeX option (flush left equations)
\mathindent=\skip49
Applying: [2015/01/01] Make \[ robust on input line 50.
LaTeX Info: Redefining \[ on input line 51.
Already applied: [0000/00/00] Make \[ robust on input line 62.
Applying: [2015/01/01] Make \] robust on input line 74.
LaTeX Info: Redefining \] on input line 75.
Already applied: [0000/00/00] Make \] robust on input line 83.
)
(C:\Users\thanh\AppData\Local\Programs\MiKTeX\tex/latex/base\size10.clo
File: size10.clo 2025/01/22 v1.4n Standard LaTeX file (size option)
)
\c@part=\count275
\c@section=\count276
\c@subsection=\count277
\c@subsubsection=\count278
\c@paragraph=\count279
\c@subparagraph=\count280
\c@figure=\count281
\c@table=\count282
\abovecaptionskip=\skip50
\belowcaptionskip=\skip51
\bibindent=\dimen148
)
(aima-slides.sty
(C:\Users\thanh\AppData\Local\Programs\MiKTeX\tex/latex/ulem\ulem.sty
\UL@box=\box53
\UL@hyphenbox=\box54
\UL@skip=\skip52
\UL@hook=\toks17
\UL@height=\dimen149
\UL@pe=\count283
\UL@pixel=\dimen150
\ULC@box=\box55
Package: ulem 2019/11/18
\ULdepth=\dimen151
)
(C:\Users\thanh\AppData\Local\Programs\MiKTeX\tex/latex/graphics\graphicx.sty
Package: graphicx 2024/12/31 v1.2e Enhanced LaTeX Graphics (DPC,SPQR)

(C:\Users\thanh\AppData\Local\Programs\MiKTeX\tex/latex/graphics\keyval.sty
Package: keyval 2022/05/29 v1.15 key=value parser (DPC)
\KV@toks@=\toks18
)
(C:\Users\thanh\AppData\Local\Programs\MiKTeX\tex/latex/graphics\graphics.sty
Package: graphics 2024/08/06 v1.4g Standard LaTeX Graphics (DPC,SPQR)

(C:\Users\thanh\AppData\Local\Programs\MiKTeX\tex/latex/graphics\trig.sty
Package: trig 2023/12/02 v1.11 sin cos tan (DPC)
)
(C:\Users\thanh\AppData\Local\Programs\MiKTeX\tex/latex/graphics-cfg\graphics.c
fg
File: graphics.cfg 2016/06/04 v1.11 sample graphics configuration
)
Package graphics Info: Driver file: pdftex.def on input line 106.

(C:\Users\thanh\AppData\Local\Programs\MiKTeX\tex/latex/graphics-def\pdftex.def
File: pdftex.def 2025/09/29 v1.2d Graphics/color driver for pdftex
))
\Gin@req@height=\dimen152
\Gin@req@width=\dimen153
)
(C:\Users\thanh\AppData\Local\Programs\MiKTeX\tex/latex/epstopdf-pkg\epstopdf.s
ty
Package: epstopdf 2020-01-24 v2.11 Conversion with epstopdf on the fly (HO)

(C:\Users\thanh\AppData\Local\Programs\MiKTeX\tex/generic/infwarerr\infwarerr.s
ty
Package: infwarerr 2019/12/03 v1.5 Providing info/warning/error messages (HO)
) (C:\Users\thanh\AppData\Local\Programs\MiKTeX\tex/latex/grfext\grfext.sty
Package: grfext 2019/12/03 v1.3 Manage graphics extensions (HO)

(C:\Users\thanh\AppData\Local\Programs\MiKTeX\tex/generic/kvdefinekeys\kvdefine
keys.sty
Package: kvdefinekeys 2019-12-19 v1.6 Define keys (HO)
))
(C:\Users\thanh\AppData\Local\Programs\MiKTeX\tex/latex/kvoptions\kvoptions.sty
Package: kvoptions 2022-06-15 v3.15 Key value format for package options (HO)
(C:\Users\thanh\AppData\Local\Programs\MiKTeX\tex/generic/ltxcmds\ltxcmds.sty
Package: ltxcmds 2023-12-04 v1.26 LaTeX kernel commands for general use (HO)
)
(C:\Users\thanh\AppData\Local\Programs\MiKTeX\tex/latex/kvsetkeys\kvsetkeys.sty
Package: kvsetkeys 2022-10-05 v1.19 Key value parser (HO)
))
(C:\Users\thanh\AppData\Local\Programs\MiKTeX\tex/generic/pdftexcmds\pdftexcmds
.sty
Package: pdftexcmds 2020-06-27 v0.33 Utility functions of pdfTeX for LuaTeX (HO
)
 (C:\Users\thanh\AppData\Local\Programs\MiKTeX\tex/generic/iftex\iftex.sty
Package: iftex 2024/12/12 v1.0g TeX engine tests
)
Package pdftexcmds Info: \pdf@primitive is available.
Package pdftexcmds Info: \pdf@ifprimitive is available.
Package pdftexcmds Info: \pdfdraftmode found.
)
(C:\Users\thanh\AppData\Local\Programs\MiKTeX\tex/latex/epstopdf-pkg\epstopdf-b
ase.sty
Package: epstopdf-base 2020-01-24 v2.11 Base part for package epstopdf
Package epstopdf-base Info: Redefining graphics rule for `.eps' on input line 4
85.
Package grfext Info: Graphics extension search list:
(grfext)             [.pdf,.png,.jpg,.mps,.jpeg,.jbig2,.jb2,.PDF,.PNG,.JPG,.JPE
G,.JBIG2,.JB2,.eps]
(grfext)             \AppendGraphicsExtensions on input line 504.

(C:\Users\thanh\AppData\Local\Programs\MiKTeX\tex/latex/00miktex\epstopdf-sys.c
fg
File: epstopdf-sys.cfg 2021/03/18 v2.0 Configuration of epstopdf for MiKTeX
)))
Package grfext Info: Graphics extension search list:
(grfext)             [.pdf,.png,.jpg,.mps,.jpeg,.jbig2,.jb2,.PDF,.PNG,.JPG,.JPE
G,.JBIG2,.JB2,.eps,.ps]
(grfext)             \AppendGraphicsExtensions on input line 40.
\epsfxsize=\skip53
\epsfysize=\skip54
\headingwidth=\skip55
\backdrop=\skip56
\backheight=\skip57
\backwidth=\skip58
\xborder=\skip59
\yborder=\skip60
\footheight=\dimen154
\headtotal=\skip61
\codewidth=\skip62
\boxwidth=\skip63
\boxheight=\skip64
\skipwidth=\skip65
\roomheight=\skip66
\charheight=\skip67
\marginlineskip=\skip68
\marginwidth=\skip69
\textplusmarginwidth=\skip70
\maxfigwidth=\skip71
\tablewidth=\skip72
\captionskip=\skip73
\tcaptionskip=\skip74
)
(C:\Users\thanh\AppData\Local\Programs\MiKTeX\tex/latex/base\inputenc.sty
Package: inputenc 2024/02/08 v1.3d Input encoding file
\inpenc@prehook=\toks19
\inpenc@posthook=\toks20
)
(C:\Users\thanh\AppData\Local\Programs\MiKTeX\tex/latex/base\fontenc.sty
Package: fontenc 2025/07/18 v2.1d Standard LaTeX package

(C:\Users\thanh\AppData\Local\Programs\MiKTeX\tex/latex/vntex\t5enc.def
File: t5enc.def 2006/11/21 v1.4 Vietnamese T5 encoding
Now handling font encoding T5 ...
... processing UTF-8 mapping file for font encoding T5

(C:\Users\thanh\AppData\Local\Programs\MiKTeX\tex/latex/vntex\t5enc.dfu
File: t5enc.dfu 2006/08/19 v1.1 UTF8 support for Vietnamese
   defining Unicode char U+00AB (decimal 171)
   defining Unicode char U+00BB (decimal 187)
   defining Unicode char U+00C0 (decimal 192)
   defining Unicode char U+00C1 (decimal 193)
   defining Unicode char U+00C2 (decimal 194)
   defining Unicode char U+00C3 (decimal 195)
   defining Unicode char U+00C8 (decimal 200)
   defining Unicode char U+00C9 (decimal 201)
   defining Unicode char U+00CA (decimal 202)
   defining Unicode char U+00CC (decimal 204)
   defining Unicode char U+00CD (decimal 205)
   defining Unicode char U+00D2 (decimal 210)
   defining Unicode char U+00D3 (decimal 211)
   defining Unicode char U+00D4 (decimal 212)
   defining Unicode char U+00D5 (decimal 213)
   defining Unicode char U+00D9 (decimal 217)
   defining Unicode char U+00DA (decimal 218)
   defining Unicode char U+00DD (decimal 221)
   defining Unicode char U+00E0 (decimal 224)
   defining Unicode char U+00E1 (decimal 225)
   defining Unicode char U+00E2 (decimal 226)
   defining Unicode char U+00E3 (decimal 227)
   defining Unicode char U+00E8 (decimal 232)
   defining Unicode char U+00E9 (decimal 233)
   defining Unicode char U+00EA (decimal 234)
   defining Unicode char U+00EC (decimal 236)
   defining Unicode char U+00ED (decimal 237)
   defining Unicode char U+00F2 (decimal 242)
   defining Unicode char U+00F3 (decimal 243)
   defining Unicode char U+00F4 (decimal 244)
   defining Unicode char U+00F5 (decimal 245)
   defining Unicode char U+00F9 (decimal 249)
   defining Unicode char U+00FA (decimal 250)
   defining Unicode char U+00FD (decimal 253)
   defining Unicode char U+0102 (decimal 258)
   defining Unicode char U+0103 (decimal 259)
   defining Unicode char U+0110 (decimal 272)
   defining Unicode char U+0111 (decimal 273)
   defining Unicode char U+0128 (decimal 296)
   defining Unicode char U+0129 (decimal 297)
   defining Unicode char U+0131 (decimal 305)
   defining Unicode char U+0168 (decimal 360)
   defining Unicode char U+0169 (decimal 361)
   defining Unicode char U+01A0 (decimal 416)
   defining Unicode char U+01A1 (decimal 417)
   defining Unicode char U+01AF (decimal 431)
   defining Unicode char U+01B0 (decimal 432)
   defining Unicode char U+1EA0 (decimal 7840)
   defining Unicode char U+1EA1 (decimal 7841)
   defining Unicode char U+1EA2 (decimal 7842)
   defining Unicode char U+1EA3 (decimal 7843)
   defining Unicode char U+1EA4 (decimal 7844)
   defining Unicode char U+1EA5 (decimal 7845)
   defining Unicode char U+1EA6 (decimal 7846)
   defining Unicode char U+1EA7 (decimal 7847)
   defining Unicode char U+1EA8 (decimal 7848)
   defining Unicode char U+1EA9 (decimal 7849)
   defining Unicode char U+1EAA (decimal 7850)
   defining Unicode char U+1EAB (decimal 7851)
   defining Unicode char U+1EAC (decimal 7852)
   defining Unicode char U+1EAD (decimal 7853)
   defining Unicode char U+1EAE (decimal 7854)
   defining Unicode char U+1EAF (decimal 7855)
   defining Unicode char U+1EB0 (decimal 7856)
   defining Unicode char U+1EB1 (decimal 7857)
   defining Unicode char U+1EB2 (decimal 7858)
   defining Unicode char U+1EB3 (decimal 7859)
   defining Unicode char U+1EB4 (decimal 7860)
   defining Unicode char U+1EB5 (decimal 7861)
   defining Unicode char U+1EB6 (decimal 7862)
   defining Unicode char U+1EB7 (decimal 7863)
   defining Unicode char U+1EB8 (decimal 7864)
   defining Unicode char U+1EB9 (decimal 7865)
   defining Unicode char U+1EBA (decimal 7866)
   defining Unicode char U+1EBB (decimal 7867)
   defining Unicode char U+1EBC (decimal 7868)
   defining Unicode char U+1EBD (decimal 7869)
   defining Unicode char U+1EBE (decimal 7870)
   defining Unicode char U+1EBF (decimal 7871)
   defining Unicode char U+1EC0 (decimal 7872)
   defining Unicode char U+1EC1 (decimal 7873)
   defining Unicode char U+1EC2 (decimal 7874)
   defining Unicode char U+1EC3 (decimal 7875)
   defining Unicode char U+1EC4 (decimal 7876)
   defining Unicode char U+1EC5 (decimal 7877)
   defining Unicode char U+1EC6 (decimal 7878)
   defining Unicode char U+1EC7 (decimal 7879)
   defining Unicode char U+1EC8 (decimal 7880)
   defining Unicode char U+1EC9 (decimal 7881)
   defining Unicode char U+1ECA (decimal 7882)
   defining Unicode char U+1ECB (decimal 7883)
   defining Unicode char U+1ECC (decimal 7884)
   defining Unicode char U+1ECD (decimal 7885)
   defining Unicode char U+1ECE (decimal 7886)
   defining Unicode char U+1ECF (decimal 7887)
   defining Unicode char U+1ED0 (decimal 7888)
   defining Unicode char U+1ED1 (decimal 7889)
   defining Unicode char U+1ED2 (decimal 7890)
   defining Unicode char U+1ED3 (decimal 7891)
   defining Unicode char U+1ED4 (decimal 7892)
   defining Unicode char U+1ED5 (decimal 7893)
   defining Unicode char U+1ED6 (decimal 7894)
   defining Unicode char U+1ED7 (decimal 7895)
   defining Unicode char U+1ED8 (decimal 7896)
   defining Unicode char U+1ED9 (decimal 7897)
   defining Unicode char U+1EDA (decimal 7898)
   defining Unicode char U+1EDB (decimal 7899)
   defining Unicode char U+1EDC (decimal 7900)
   defining Unicode char U+1EDD (decimal 7901)
   defining Unicode char U+1EDE (decimal 7902)
   defining Unicode char U+1EDF (decimal 7903)
   defining Unicode char U+1EE0 (decimal 7904)
   defining Unicode char U+1EE1 (decimal 7905)
   defining Unicode char U+1EE2 (decimal 7906)
   defining Unicode char U+1EE3 (decimal 7907)
   defining Unicode char U+1EE4 (decimal 7908)
   defining Unicode char U+1EE5 (decimal 7909)
   defining Unicode char U+1EE6 (decimal 7910)
   defining Unicode char U+1EE7 (decimal 7911)
   defining Unicode char U+1EE8 (decimal 7912)
   defining Unicode char U+1EE9 (decimal 7913)
   defining Unicode char U+1EEA (decimal 7914)
   defining Unicode char U+1EEB (decimal 7915)
   defining Unicode char U+1EEC (decimal 7916)
   defining Unicode char U+1EED (decimal 7917)
   defining Unicode char U+1EEE (decimal 7918)
   defining Unicode char U+1EEF (decimal 7919)
   defining Unicode char U+1EF0 (decimal 7920)
   defining Unicode char U+1EF1 (decimal 7921)
   defining Unicode char U+1EF2 (decimal 7922)
   defining Unicode char U+1EF3 (decimal 7923)
   defining Unicode char U+1EF4 (decimal 7924)
   defining Unicode char U+1EF5 (decimal 7925)
   defining Unicode char U+1EF6 (decimal 7926)
   defining Unicode char U+1EF7 (decimal 7927)
   defining Unicode char U+1EF8 (decimal 7928)
   defining Unicode char U+1EF9 (decimal 7929)
   defining Unicode char U+200C (decimal 8204)
   defining Unicode char U+2013 (decimal 8211)
   defining Unicode char U+2014 (decimal 8212)
   defining Unicode char U+2018 (decimal 8216)
   defining Unicode char U+2019 (decimal 8217)
   defining Unicode char U+201A (decimal 8218)
   defining Unicode char U+201C (decimal 8220)
   defining Unicode char U+201D (decimal 8221)
   defining Unicode char U+201E (decimal 8222)
   defining Unicode char U+2030 (decimal 8240)
   defining Unicode char U+2031 (decimal 8241)
   defining Unicode char U+2039 (decimal 8249)
   defining Unicode char U+203A (decimal 8250)
   defining Unicode char U+2423 (decimal 9251)
))
LaTeX Font Info:    Trying to load font information for T5+cmr on input line 11
6.

(C:\Users\thanh\AppData\Local\Programs\MiKTeX\tex/latex/vntex\t5cmr.fd
File: t5cmr.fd 1999/05/25 v2.5h Standard LaTeX font definitions
))
(C:\Users\thanh\AppData\Local\Programs\MiKTeX\tex/latex/lm\lmodern.sty
Package: lmodern 2015/05/01 v1.6.1 Latin Modern Fonts
LaTeX Font Info:    Overwriting symbol font `operators' in version `normal'
(Font)                  OT1/cmr/m/n --> OT1/lmr/m/n on input line 22.
LaTeX Font Info:    Overwriting symbol font `letters' in version `normal'
(Font)                  OML/cmm/m/it --> OML/lmm/m/it on input line 23.
LaTeX Font Info:    Overwriting symbol font `symbols' in version `normal'
(Font)                  OMS/cmsy/m/n --> OMS/lmsy/m/n on input line 24.
LaTeX Font Info:    Overwriting symbol font `largesymbols' in version `normal'
(Font)                  OMX/cmex/m/n --> OMX/lmex/m/n on input line 25.
LaTeX Font Info:    Overwriting symbol font `operators' in version `bold'
(Font)                  OT1/cmr/bx/n --> OT1/lmr/bx/n on input line 26.
LaTeX Font Info:    Overwriting symbol font `letters' in version `bold'
(Font)                  OML/cmm/b/it --> OML/lmm/b/it on input line 27.
LaTeX Font Info:    Overwriting symbol font `symbols' in version `bold'
(Font)                  OMS/cmsy/b/n --> OMS/lmsy/b/n on input line 28.
LaTeX Font Info:    Overwriting symbol font `largesymbols' in version `bold'
(Font)                  OMX/cmex/m/n --> OMX/lmex/m/n on input line 29.
LaTeX Font Info:    Overwriting math alphabet `\mathbf' in version `normal'
(Font)                  OT1/cmr/bx/n --> OT1/lmr/bx/n on input line 31.
LaTeX Font Info:    Overwriting math alphabet `\mathsf' in version `normal'
(Font)                  OT1/cmss/m/n --> OT1/lmss/m/n on input line 32.
LaTeX Font Info:    Overwriting math alphabet `\mathit' in version `normal'
(Font)                  OT1/cmr/m/it --> OT1/lmr/m/it on input line 33.
LaTeX Font Info:    Overwriting math alphabet `\mathtt' in version `normal'
(Font)                  OT1/cmtt/m/n --> OT1/lmtt/m/n on input line 34.
LaTeX Font Info:    Overwriting math alphabet `\mathbf' in version `bold'
(Font)                  OT1/cmr/bx/n --> OT1/lmr/bx/n on input line 35.
LaTeX Font Info:    Overwriting math alphabet `\mathsf' in version `bold'
(Font)                  OT1/cmss/bx/n --> OT1/lmss/bx/n on input line 36.
LaTeX Font Info:    Overwriting math alphabet `\mathit' in version `bold'
(Font)                  OT1/cmr/bx/it --> OT1/lmr/bx/it on input line 37.
LaTeX Font Info:    Overwriting math alphabet `\mathtt' in version `bold'
(Font)                  OT1/cmtt/m/n --> OT1/lmtt/m/n on input line 38.
)
LaTeX Font Info:    Trying to load font information for T5+lmr on input line 8.


(C:\Users\thanh\AppData\Local\Programs\MiKTeX\tex/latex/lm\t5lmr.fd
File: t5lmr.fd 2015/05/01 v1.6.1 Font defs for Latin Modern
)
(C:\Users\thanh\AppData\Local\Programs\MiKTeX\tex/latex/l3backend\l3backend-pdf
tex.def
File: l3backend-pdftex.def 2025-10-09 L3 backend support: PDF output (pdfTeX)
\l__color_backend_stack_int=\count284
) (chapter13.aux)
\openout1 = `chapter13.aux'.

LaTeX Font Info:    Checking defaults for OML/cmm/m/it on input line 8.
LaTeX Font Info:    ... okay on input line 8.
LaTeX Font Info:    Checking defaults for OMS/cmsy/m/n on input line 8.
LaTeX Font Info:    ... okay on input line 8.
LaTeX Font Info:    Checking defaults for OT1/cmr/m/n on input line 8.
LaTeX Font Info:    ... okay on input line 8.
LaTeX Font Info:    Checking defaults for T1/cmr/m/n on input line 8.
LaTeX Font Info:    ... okay on input line 8.
LaTeX Font Info:    Checking defaults for TS1/cmr/m/n on input line 8.
LaTeX Font Info:    ... okay on input line 8.
LaTeX Font Info:    Checking defaults for OMX/cmex/m/n on input line 8.
LaTeX Font Info:    ... okay on input line 8.
LaTeX Font Info:    Checking defaults for U/cmr/m/n on input line 8.
LaTeX Font Info:    ... okay on input line 8.
LaTeX Font Info:    Checking defaults for T5/cmr/m/n on input line 8.
LaTeX Font Info:    ... okay on input line 8.

(C:\Users\thanh\AppData\Local\Programs\MiKTeX\tex/context/base/mkii\supp-pdf.mk
ii
[Loading MPS to PDF converter (version 2006.09.02).]
\scratchcounter=\count285
\scratchdimen=\dimen155
\scratchbox=\box56
\nofMPsegments=\count286
\nofMParguments=\count287
\everyMPshowfont=\toks21
\MPscratchCnt=\count288
\MPscratchDim=\dimen156
\MPnumerator=\count289
\makeMPintoPDFobject=\count290
\everyMPtoPDFconversion=\toks22
)
LaTeX Font Info:    Trying to load font information for TS1+lmr on input line 1
1.
 (C:\Users\thanh\AppData\Local\Programs\MiKTeX\tex/latex/lm\ts1lmr.fd
File: ts1lmr.fd 2015/05/01 v1.6.1 Font defs for Latin Modern
)
[1

{C:/Users/thanh/AppData/Local/MiKTeX/fonts/map/pdftex/pdftex.map}{C:/Users/than
h/AppData/Local/Programs/MiKTeX/fonts/enc/dvips/lm/lm-t5.enc}{C:/Users/thanh/Ap
pData/Local/Programs/MiKTeX/fonts/enc/dvips/lm/lm-ts1.enc}]
LaTeX Font Info:    Trying to load font information for OT1+lmr on input line 1
6.

(C:\Users\thanh\AppData\Local\Programs\MiKTeX\tex/latex/lm\ot1lmr.fd
File: ot1lmr.fd 2015/05/01 v1.6.1 Font defs for Latin Modern
)
LaTeX Font Info:    Trying to load font information for OML+lmm on input line 1
6.

(C:\Users\thanh\AppData\Local\Programs\MiKTeX\tex/latex/lm\omllmm.fd
File: omllmm.fd 2015/05/01 v1.6.1 Font defs for Latin Modern
)
LaTeX Font Info:    Trying to load font information for OMS+lmsy on input line 
16.

(C:\Users\thanh\AppData\Local\Programs\MiKTeX\tex/latex/lm\omslmsy.fd
File: omslmsy.fd 2015/05/01 v1.6.1 Font defs for Latin Modern
)
LaTeX Font Info:    Trying to load font information for OMX+lmex on input line 
16.

(C:\Users\thanh\AppData\Local\Programs\MiKTeX\tex/latex/lm\omxlmex.fd
File: omxlmex.fd 2015/05/01 v1.6.1 Font defs for Latin Modern
)
LaTeX Font Info:    External font `lmex10' loaded for size
(Font)              <20.74> on input line 16.
LaTeX Font Info:    External font `lmex10' loaded for size
(Font)              <14.4> on input line 16.
LaTeX Font Info:    External font `lmex10' loaded for size
(Font)              <12> on input line 16.
 [2{C:/Users/thanh/AppData/Local/Programs/MiKTeX/fonts/enc/dvips/lm/lm-mathsy.e
nc}]
Package epstopdf Info: Source file: <figures/flat-tire-picture.ps>
(epstopdf)                    date: 2026-07-14 21:57:10
(epstopdf)                    size: 13775 bytes
(epstopdf)             Output file: <figures/flat-tire-picture-ps-converted-to.
pdf>
(epstopdf)             Command: <epstopdf figures/flat-tire-picture.ps --outfil
e=figures/flat-tire-picture-ps-converted-to.pdf>
(epstopdf)             \includegraphics on input line 29.
runsystem(epstopdf figures/flat-tire-picture.ps --outfile=figures/flat-tire-pic
ture-ps-converted-to.pdf)...executed.

Package epstopdf Info: Result file: <figures/flat-tire-picture-ps-converted-to.
pdf>
(epstopdf)                    date: 2026-07-15 01:00:14
(epstopdf)                    size: 4229 bytes.
<figures/flat-tire-picture-ps-converted-to.pdf, id=14, 359.3425pt x 97.36375pt>

File: figures/flat-tire-picture-ps-converted-to.pdf Graphic file (type pdf)
<use figures/flat-tire-picture-ps-converted-to.pdf>
Package pdftex.def Info: figures/flat-tire-picture-ps-converted-to.pdf  used on
 input line 29.
(pdftex.def)             Requested size: 307.14749pt x 83.22754pt.
Package epstopdf Info: Source file: <figures/flat-tire-model.ps>
(epstopdf)                    date: 2026-07-14 21:57:09
(epstopdf)                    size: 14736 bytes
(epstopdf)             Output file: <figures/flat-tire-model-ps-converted-to.pd
f>
(epstopdf)             Command: <epstopdf figures/flat-tire-model.ps --outfile=
figures/flat-tire-model-ps-converted-to.pdf>
(epstopdf)             \includegraphics on input line 34.
runsystem(epstopdf figures/flat-tire-model.ps --outfile=figures/flat-tire-model
-ps-converted-to.pdf)...executed.

Package epstopdf Info: Result file: <figures/flat-tire-model-ps-converted-to.pd
f>
(epstopdf)                    date: 2026-07-15 01:00:24
(epstopdf)                    size: 2333 bytes.
<figures/flat-tire-model-ps-converted-to.pdf, id=15, 441.65pt x 209.78375pt>
File: figures/flat-tire-model-ps-converted-to.pdf Graphic file (type pdf)
<use figures/flat-tire-model-ps-converted-to.pdf>
Package pdftex.def Info: figures/flat-tire-model-ps-converted-to.pdf  used on i
nput line 34.
(pdftex.def)             Requested size: 491.43787pt x 233.44528pt.

[3 <./figures/flat-tire-picture-ps-converted-to.pdf> <./figures/flat-tire-model
-ps-converted-to.pdf>] [4{C:/Users/thanh/AppData/Local/Programs/MiKTeX/fonts/en
c/dvips/lm/lm-mathit.enc}{C:/Users/thanh/AppData/Local/Programs/MiKTeX/fonts/en
c/dvips/lm/lm-rm.enc}] [5] [6] [7]
Package epstopdf Info: Source file: <figures/observation-schema.ps>
(epstopdf)                    date: 2026-07-14 21:57:52
(epstopdf)                    size: 11180 bytes
(epstopdf)             Output file: <figures/observation-schema-ps-converted-to
.pdf>
(epstopdf)             Command: <epstopdf figures/observation-schema.ps --outfi
le=figures/observation-schema-ps-converted-to.pdf>
(epstopdf)             \includegraphics on input line 86.
runsystem(epstopdf figures/observation-schema.ps --outfile=figures/observation-
schema-ps-converted-to.pdf)...executed.

Package epstopdf Info: Result file: <figures/observation-schema-ps-converted-to
.pdf>
(epstopdf)                    date: 2026-07-15 01:00:27
(epstopdf)                    size: 4053 bytes.
<figures/observation-schema-ps-converted-to.pdf, id=38, 194.7275pt x 119.44624p
t>
File: figures/observation-schema-ps-converted-to.pdf Graphic file (type pdf)
<use figures/observation-schema-ps-converted-to.pdf>
Package pdftex.def Info: figures/observation-schema-ps-converted-to.pdf  used o
n input line 86.
(pdftex.def)             Requested size: 307.14749pt x 188.4113pt.
 [8] [9 <./figures/observation-schema-ps-converted-to.pdf>]
Package epstopdf Info: Source file: <figures/flat1o.ps>
(epstopdf)                    date: 2026-07-14 21:57:11
(epstopdf)                    size: 12615 bytes
(epstopdf)             Output file: <figures/flat1o-ps-converted-to.pdf>
(epstopdf)             Command: <epstopdf figures/flat1o.ps --outfile=figures/f
lat1o-ps-converted-to.pdf>
(epstopdf)             \includegraphics on input line 95.
runsystem(epstopdf figures/flat1o.ps --outfile=figures/flat1o-ps-converted-to.p
df)...executed.

Package epstopdf Info: Result file: <figures/flat1o-ps-converted-to.pdf>
(epstopdf)                    date: 2026-07-15 01:00:32
(epstopdf)                    size: 2374 bytes.
<figures/flat1o-ps-converted-to.pdf, id=50, 523.9575pt x 197.73875pt>
File: figures/flat1o-ps-converted-to.pdf Graphic file (type pdf)
<use figures/flat1o-ps-converted-to.pdf>
Package pdftex.def Info: figures/flat1o-ps-converted-to.pdf  used on input line
 95.
(pdftex.def)             Requested size: 657.30014pt x 248.06895pt.
 [10 <./figures/flat1o-ps-converted-to.pdf>]
Package epstopdf Info: Source file: <figures/flat2o.ps>
(epstopdf)                    date: 2026-07-14 21:57:13
(epstopdf)                    size: 12963 bytes
(epstopdf)             Output file: <figures/flat2o-ps-converted-to.pdf>
(epstopdf)             Command: <epstopdf figures/flat2o.ps --outfile=figures/f
lat2o-ps-converted-to.pdf>
(epstopdf)             \includegraphics on input line 106.
runsystem(epstopdf figures/flat2o.ps --outfile=figures/flat2o-ps-converted-to.p
df)...executed.

Package epstopdf Info: Result file: <figures/flat2o-ps-converted-to.pdf>
(epstopdf)                    date: 2026-07-15 01:00:39
(epstopdf)                    size: 2374 bytes.
<figures/flat2o-ps-converted-to.pdf, id=55, 526.96875pt x 201.75375pt>
File: figures/flat2o-ps-converted-to.pdf Graphic file (type pdf)
<use figures/flat2o-ps-converted-to.pdf>
Package pdftex.def Info: figures/flat2o-ps-converted-to.pdf  used on input line
 106.
(pdftex.def)             Requested size: 657.30014pt x 251.66513pt.
 [11 <./figures/flat2o-ps-converted-to.pdf>]
Package epstopdf Info: Source file: <figures/flat3o.ps>
(epstopdf)                    date: 2026-07-14 21:57:14
(epstopdf)                    size: 11967 bytes
(epstopdf)             Output file: <figures/flat3o-ps-converted-to.pdf>
(epstopdf)             Command: <epstopdf figures/flat3o.ps --outfile=figures/f
lat3o-ps-converted-to.pdf>
(epstopdf)             \includegraphics on input line 115.
runsystem(epstopdf figures/flat3o.ps --outfile=figures/flat3o-ps-converted-to.p
df)...executed.

Package epstopdf Info: Result file: <figures/flat3o-ps-converted-to.pdf>
(epstopdf)                    date: 2026-07-15 01:00:44
(epstopdf)                    size: 2374 bytes.
<figures/flat3o-ps-converted-to.pdf, id=60, 526.96875pt x 201.75375pt>
File: figures/flat3o-ps-converted-to.pdf Graphic file (type pdf)
<use figures/flat3o-ps-converted-to.pdf>
Package pdftex.def Info: figures/flat3o-ps-converted-to.pdf  used on input line
 115.
(pdftex.def)             Requested size: 657.30014pt x 251.66513pt.
 [12 <./figures/flat3o-ps-converted-to.pdf>]
Package epstopdf Info: Source file: <figures/flat4o.ps>
(epstopdf)                    date: 2026-07-14 21:57:15
(epstopdf)                    size: 12005 bytes
(epstopdf)             Output file: <figures/flat4o-ps-converted-to.pdf>
(epstopdf)             Command: <epstopdf figures/flat4o.ps --outfile=figures/f
lat4o-ps-converted-to.pdf>
(epstopdf)             \includegraphics on input line 124.
runsystem(epstopdf figures/flat4o.ps --outfile=figures/flat4o-ps-converted-to.p
df)...executed.

Package epstopdf Info: Result file: <figures/flat4o-ps-converted-to.pdf>
(epstopdf)                    date: 2026-07-15 01:00:49
(epstopdf)                    size: 2374 bytes.
<figures/flat4o-ps-converted-to.pdf, id=65, 523.9575pt x 197.73875pt>
File: figures/flat4o-ps-converted-to.pdf Graphic file (type pdf)
<use figures/flat4o-ps-converted-to.pdf>
Package pdftex.def Info: figures/flat4o-ps-converted-to.pdf  used on input line
 124.
(pdftex.def)             Requested size: 657.30014pt x 248.06895pt.
 [13 <./figures/flat4o-ps-converted-to.pdf>]
Package epstopdf Info: Source file: <figures/flat5o.ps>
(epstopdf)                    date: 2026-07-14 21:57:17
(epstopdf)                    size: 11480 bytes
(epstopdf)             Output file: <figures/flat5o-ps-converted-to.pdf>
(epstopdf)             Command: <epstopdf figures/flat5o.ps --outfile=figures/f
lat5o-ps-converted-to.pdf>
(epstopdf)             \includegraphics on input line 133.
runsystem(epstopdf figures/flat5o.ps --outfile=figures/flat5o-ps-converted-to.p
df)...executed.

Package epstopdf Info: Result file: <figures/flat5o-ps-converted-to.pdf>
(epstopdf)                    date: 2026-07-15 01:00:52
(epstopdf)                    size: 2727 bytes.
<figures/flat5o-ps-converted-to.pdf, id=71, 526.96875pt x 201.75375pt>
File: figures/flat5o-ps-converted-to.pdf Graphic file (type pdf)
<use figures/flat5o-ps-converted-to.pdf>
Package pdftex.def Info: figures/flat5o-ps-converted-to.pdf  used on input line
 133.
(pdftex.def)             Requested size: 657.30014pt x 251.66513pt.
 [14 <./figures/flat5o-ps-converted-to.pdf>]
Package epstopdf Info: Source file: <figures/flat6o.ps>
(epstopdf)                    date: 2026-07-14 21:57:18
(epstopdf)                    size: 13517 bytes
(epstopdf)             Output file: <figures/flat6o-ps-converted-to.pdf>
(epstopdf)             Command: <epstopdf figures/flat6o.ps --outfile=figures/f
lat6o-ps-converted-to.pdf>
(epstopdf)             \includegraphics on input line 142.
runsystem(epstopdf figures/flat6o.ps --outfile=figures/flat6o-ps-converted-to.p
df)...executed.

Package epstopdf Info: Result file: <figures/flat6o-ps-converted-to.pdf>
(epstopdf)                    date: 2026-07-15 01:00:55
(epstopdf)                    size: 2374 bytes.
<figures/flat6o-ps-converted-to.pdf, id=77, 526.96875pt x 201.75375pt>
File: figures/flat6o-ps-converted-to.pdf Graphic file (type pdf)
<use figures/flat6o-ps-converted-to.pdf>
Package pdftex.def Info: figures/flat6o-ps-converted-to.pdf  used on input line
 142.
(pdftex.def)             Requested size: 657.30014pt x 251.66513pt.

[15 <./figures/flat6o-ps-converted-to.pdf>] [16]
Package epstopdf Info: Source file: <figures/plan-preconditions.ps>
(epstopdf)                    date: 2026-07-14 21:57:56
(epstopdf)                    size: 19093 bytes
(epstopdf)             Output file: <figures/plan-preconditions-ps-converted-to
.pdf>
(epstopdf)             Command: <epstopdf figures/plan-preconditions.ps --outfi
le=figures/plan-preconditions-ps-converted-to.pdf>
(epstopdf)             \includegraphics on input line 164.
runsystem(epstopdf figures/plan-preconditions.ps --outfile=figures/plan-precond
itions-ps-converted-to.pdf)...executed.

Package epstopdf Info: Result file: <figures/plan-preconditions-ps-converted-to
.pdf>
(epstopdf)                    date: 2026-07-15 01:00:57
(epstopdf)                    size: 3375 bytes.
<figures/plan-preconditions-ps-converted-to.pdf, id=85, 424.58624pt x 421.575pt
>
File: figures/plan-preconditions-ps-converted-to.pdf Graphic file (type pdf)
<use figures/plan-preconditions-ps-converted-to.pdf>
Package pdftex.def Info: figures/plan-preconditions-ps-converted-to.pdf  used o
n input line 164.
(pdftex.def)             Requested size: 657.30014pt x 652.66899pt.
 [17]
Overfull \vbox (208.36777pt too high) has occurred while \output is active []


[18 <./figures/plan-preconditions-ps-converted-to.pdf>]
Package epstopdf Info: Source file: <figures/replanning-generic.ps>
(epstopdf)                    date: 2026-07-14 21:57:58
(epstopdf)                    size: 14834 bytes
(epstopdf)             Output file: <figures/replanning-generic-ps-converted-to
.pdf>
(epstopdf)             Command: <epstopdf figures/replanning-generic.ps --outfi
le=figures/replanning-generic-ps-converted-to.pdf>
(epstopdf)             \includegraphics on input line 178.
runsystem(epstopdf figures/replanning-generic.ps --outfile=figures/replanning-g
eneric-ps-converted-to.pdf)...executed.

Package epstopdf Info: Result file: <figures/replanning-generic-ps-converted-to
.pdf>
(epstopdf)                    date: 2026-07-15 01:00:59
(epstopdf)                    size: 5184 bytes.
<figures/replanning-generic-ps-converted-to.pdf, id=94, 410.53375pt x 117.43875
pt>
File: figures/replanning-generic-ps-converted-to.pdf Graphic file (type pdf)
<use figures/replanning-generic-ps-converted-to.pdf>
Package pdftex.def Info: figures/replanning-generic-ps-converted-to.pdf  used o
n input line 178.
(pdftex.def)             Requested size: 245.71425pt x 70.28996pt.
Package epstopdf Info: Source file: <figures/replanning-paint.ps>
(epstopdf)                    date: 2026-07-14 21:57:59
(epstopdf)                    size: 14983 bytes
(epstopdf)             Output file: <figures/replanning-paint-ps-converted-to.p
df>
(epstopdf)             Command: <epstopdf figures/replanning-paint.ps --outfile
=figures/replanning-paint-ps-converted-to.pdf>
(epstopdf)             \includegraphics on input line 183.
runsystem(epstopdf figures/replanning-paint.ps --outfile=figures/replanning-pai
nt-ps-converted-to.pdf)...executed.

Package epstopdf Info: Result file: <figures/replanning-paint-ps-converted-to.p
df>
(epstopdf)                    date: 2026-07-15 01:01:01
(epstopdf)                    size: 2618 bytes.
<figures/replanning-paint-ps-converted-to.pdf, id=95, 505.89pt x 244.915pt>
File: figures/replanning-paint-ps-converted-to.pdf Graphic file (type pdf)
<use figures/replanning-paint-ps-converted-to.pdf>
Package pdftex.def Info: figures/replanning-paint-ps-converted-to.pdf  used on 
input line 183.
(pdftex.def)             Requested size: 460.72124pt x 223.05235pt.
 [19] [20 <./figures/replanning-generic-ps-converted-to.pdf> <./figures/replann
ing-paint-ps-converted-to.pdf>] (chapter13.aux)
 ***********
LaTeX2e <2025-11-01>
L3 programming layer <2025-12-24>
 ***********
 ) 
Here is how much of TeX's memory you used:
 3122 strings out of 467870
 52453 string characters out of 5418355
 439274 words of memory out of 5000000
 31949 multiletter control sequences out of 15000+600000
 688759 words of font info for 63 fonts, out of 8000000 for 9000
 1141 hyphenation exceptions out of 8191
 72i,7n,79p,303b,316s stack positions out of 10000i,1000n,20000p,200000b,200000s
<C:/Users/thanh/AppData/Local/Programs/MiKTeX/fonts/type1/public/lm/lmbx12.pf
b><C:/Users/thanh/AppData/Local/Programs/MiKTeX/fonts/type1/public/lm/lmcsc10.p
fb><C:/Users/thanh/AppData/Local/Programs/MiKTeX/fonts/type1/public/lm/lmmi12.p
fb><C:/Users/thanh/AppData/Local/Programs/MiKTeX/fonts/type1/public/lm/lmr17.pf
b><C:/Users/thanh/AppData/Local/Programs/MiKTeX/fonts/type1/public/lm/lmr8.pfb>
<C:/Users/thanh/AppData/Local/Programs/MiKTeX/fonts/type1/public/lm/lmri12.pfb>
<C:/Users/thanh/AppData/Local/Programs/MiKTeX/fonts/type1/public/lm/lmsy10.pfb>

Output written on chapter13.pdf (20 pages, 199916 bytes).
PDF statistics:
 149 PDF objects out of 1000 (max. 8388607)
 0 named destinations out of 1000 (max. 500000)
 61 words of extra memory for PDF output out of 10000 (max. 10000000)

